Component: ARM Compiler 5.06 update 6 (build 750) Tool: armlink [4d35ed]

==============================================================================

Section Cross References

    main.o(i.main) refers to oled.o(i.OLED_Init) for OLED_Init
    main.o(i.main) refers to oled.o(i.OLED_Clear) for OLED_Clear
    main.o(i.main) refers to menu.o(i.Peripheral_Init) for Peripheral_Init
    main.o(i.main) refers to menu.o(i.Menu_App_Init) for Menu_App_Init
    main.o(i.main) refers to menu.o(i.First_Page_Clock) for First_Page_Clock
    main.o(i.main) refers to menu.o(i.Enter_Menu_Option) for Enter_Menu_Option
    main.o(i.main) refers to menu.o(i.Setting_Page_Info) for Setting_Page_Info
    main.o(i.main) refers to main.o(.data) for page_switch_flag
    delay.o(i.Delay_ms) refers to delay.o(i.Delay_us) for Delay_us
    delay.o(i.Delay_s) refers to delay.o(i.Delay_ms) for Delay_ms
    myrtc.o(i.MyRTC_Init) refers to stm32f10x_rcc.o(i.RCC_APB1PeriphClockCmd) for RCC_APB1PeriphClockCmd
    myrtc.o(i.MyRTC_Init) refers to stm32f10x_pwr.o(i.PWR_BackupAccessCmd) for PWR_BackupAccessCmd
    myrtc.o(i.MyRTC_Init) refers to stm32f10x_bkp.o(i.BKP_ReadBackupRegister) for BKP_ReadBackupRegister
    myrtc.o(i.MyRTC_Init) refers to stm32f10x_rcc.o(i.RCC_LSICmd) for RCC_LSICmd
    myrtc.o(i.MyRTC_Init) refers to stm32f10x_rcc.o(i.RCC_GetFlagStatus) for RCC_GetFlagStatus
    myrtc.o(i.MyRTC_Init) refers to stm32f10x_rcc.o(i.RCC_RTCCLKConfig) for RCC_RTCCLKConfig
    myrtc.o(i.MyRTC_Init) refers to stm32f10x_rcc.o(i.RCC_RTCCLKCmd) for RCC_RTCCLKCmd
    myrtc.o(i.MyRTC_Init) refers to stm32f10x_rtc.o(i.RTC_WaitForSynchro) for RTC_WaitForSynchro
    myrtc.o(i.MyRTC_Init) refers to stm32f10x_rtc.o(i.RTC_WaitForLastTask) for RTC_WaitForLastTask
    myrtc.o(i.MyRTC_Init) refers to stm32f10x_rtc.o(i.RTC_SetPrescaler) for RTC_SetPrescaler
    myrtc.o(i.MyRTC_Init) refers to myrtc.o(i.MyRTC_SetTime) for MyRTC_SetTime
    myrtc.o(i.MyRTC_Init) refers to stm32f10x_bkp.o(i.BKP_WriteBackupRegister) for BKP_WriteBackupRegister
    myrtc.o(i.MyRTC_ReadTime) refers to stm32f10x_rtc.o(i.RTC_GetCounter) for RTC_GetCounter
    myrtc.o(i.MyRTC_ReadTime) refers to localtime_w.o(.text) for localtime
    myrtc.o(i.MyRTC_ReadTime) refers to memcpya.o(.text) for __aeabi_memcpy4
    myrtc.o(i.MyRTC_ReadTime) refers to myrtc.o(.data) for MyRTC_Time
    myrtc.o(i.MyRTC_SetTime) refers to mktime.o(.text) for mktime
    myrtc.o(i.MyRTC_SetTime) refers to stm32f10x_rtc.o(i.RTC_SetCounter) for RTC_SetCounter
    myrtc.o(i.MyRTC_SetTime) refers to stm32f10x_rtc.o(i.RTC_WaitForLastTask) for RTC_WaitForLastTask
    myrtc.o(i.MyRTC_SetTime) refers to myrtc.o(.data) for MyRTC_Time
    timer.o(i.DinoScore_Timer_Callback) refers to timer.o(.data) for p_dinoScore_timer_handler
    timer.o(i.Led_Timer_Callback) refers to timer.o(.data) for p_ledMode_timer_handler
    timer.o(i.Run_Time_Get) refers to timer.o(.data) for m_run_time
    timer.o(i.TIM3_IRQHandler) refers to stm32f10x_tim.o(i.TIM_GetITStatus) for TIM_GetITStatus
    timer.o(i.TIM3_IRQHandler) refers to key.o(i.Key_Tick) for Key_Tick
    timer.o(i.TIM3_IRQHandler) refers to key.o(i.Key3_Tick) for Key3_Tick
    timer.o(i.TIM3_IRQHandler) refers to stm32f10x_tim.o(i.TIM_ClearITPendingBit) for TIM_ClearITPendingBit
    timer.o(i.TIM3_IRQHandler) refers to timer.o(.data) for m_run_time
    timer.o(i.Timer_Init) refers to stm32f10x_rcc.o(i.RCC_APB1PeriphClockCmd) for RCC_APB1PeriphClockCmd
    timer.o(i.Timer_Init) refers to stm32f10x_tim.o(i.TIM_InternalClockConfig) for TIM_InternalClockConfig
    timer.o(i.Timer_Init) refers to stm32f10x_tim.o(i.TIM_TimeBaseInit) for TIM_TimeBaseInit
    timer.o(i.Timer_Init) refers to stm32f10x_tim.o(i.TIM_ClearFlag) for TIM_ClearFlag
    timer.o(i.Timer_Init) refers to stm32f10x_tim.o(i.TIM_ITConfig) for TIM_ITConfig
    timer.o(i.Timer_Init) refers to misc.o(i.NVIC_PriorityGroupConfig) for NVIC_PriorityGroupConfig
    timer.o(i.Timer_Init) refers to misc.o(i.NVIC_Init) for NVIC_Init
    timer.o(i.Timer_Init) refers to stm32f10x_tim.o(i.TIM_Cmd) for TIM_Cmd
    timer.o(i.Timer_Timer_Callback) refers to timer.o(.data) for p_timer_timer_handler
    uart_drv.o(i.fputc) refers to stm32f10x_usart.o(i.USART_SendData) for USART_SendData
    uart_drv.o(i.fputc) refers to stm32f10x_usart.o(i.USART_GetFlagStatus) for USART_GetFlagStatus
    uart_drv.o(i.fputc) refers to uart_drv.o(.data) for m_uart_info
    uart_drv.o(i.uart_drv_init) refers to uart_drv.o(i.uart_gpio_init) for uart_gpio_init
    uart_drv.o(i.uart_drv_init) refers to uart_drv.o(i.uart_init) for uart_init
    uart_drv.o(i.uart_gpio_init) refers to stm32f10x_rcc.o(i.RCC_APB2PeriphClockCmd) for RCC_APB2PeriphClockCmd
    uart_drv.o(i.uart_gpio_init) refers to stm32f10x_gpio.o(i.GPIO_Init) for GPIO_Init
    uart_drv.o(i.uart_gpio_init) refers to uart_drv.o(.data) for m_uart_info
    uart_drv.o(i.uart_init) refers to stm32f10x_rcc.o(i.RCC_APB2PeriphClockCmd) for RCC_APB2PeriphClockCmd
[...]
    i.OLED_DrawPoint                         0x08002b30   Section        0  oled.o(i.OLED_DrawPoint)
    i.OLED_GPIO_Init                         0x08002b80   Section        0  oled.o(i.OLED_GPIO_Init)
    i.OLED_I2C_SendByte                      0x08002be0   Section        0  oled.o(i.OLED_I2C_SendByte)
    i.OLED_I2C_Start                         0x08002c1e   Section        0  oled.o(i.OLED_I2C_Start)
    i.OLED_I2C_Stop                          0x08002c3a   Section        0  oled.o(i.OLED_I2C_Stop)
    i.OLED_Init                              0x08002c50   Section        0  oled.o(i.OLED_Init)
    i.OLED_Pow                               0x08002cea   Section        0  oled.o(i.OLED_Pow)
    i.OLED_Printf                            0x08002cfe   Section        0  oled.o(i.OLED_Printf)
    i.OLED_ReverseArea                       0x08002d30   Section        0  oled.o(i.OLED_ReverseArea)
    i.OLED_SetCursor                         0x08002dc0   Section        0  oled.o(i.OLED_SetCursor)
    i.OLED_ShowChar                          0x08002de8   Section        0  oled.o(i.OLED_ShowChar)
    i.OLED_ShowImage                         0x08002e60   Section        0  oled.o(i.OLED_ShowImage)
    i.OLED_ShowNum                           0x08002f5c   Section        0  oled.o(i.OLED_ShowNum)
    i.OLED_ShowString                        0x08002fa8   Section        0  oled.o(i.OLED_ShowString)
    i.OLED_Update                            0x080030b8   Section        0  oled.o(i.OLED_Update)
    i.OLED_W_SCL                             0x080030e0   Section        0  oled.o(i.OLED_W_SCL)
    i.OLED_W_SDA                             0x080030f8   Section        0  oled.o(i.OLED_W_SDA)
    i.OLED_WriteCommand                      0x08003110   Section        0  oled.o(i.OLED_WriteCommand)
    i.OLED_WriteData                         0x08003130   Section        0  oled.o(i.OLED_WriteData)
    i.PWM_Init                               0x0800315e   Section        0  pwm.o(i.PWM_Init)
    i.PWR_BackupAccessCmd                    0x080031d8   Section        0  stm32f10x_pwr.o(i.PWR_BackupAccessCmd)
    i.PendSV_Handler                         0x080031e4   Section        0  stm32f10x_it.o(i.PendSV_Handler)
    i.Peripheral_Init                        0x080031e6   Section        0  menu.o(i.Peripheral_Init)
    i.Pwm_DutyCycle_Set                      0x08003206   Section        0  pwm.o(i.Pwm_DutyCycle_Set)
    i.RCC_ADCCLKConfig                       0x08003218   Section        0  stm32f10x_rcc.o(i.RCC_ADCCLKConfig)
    i.RCC_APB1PeriphClockCmd                 0x08003230   Section        0  stm32f10x_rcc.o(i.RCC_APB1PeriphClockCmd)
    i.RCC_APB2PeriphClockCmd                 0x08003250   Section        0  stm32f10x_rcc.o(i.RCC_APB2PeriphClockCmd)
    i.RCC_GetFlagStatus                      0x08003270   Section        0  stm32f10x_rcc.o(i.RCC_GetFlagStatus)
    i.RCC_LSICmd                             0x080032ac   Section        0  stm32f10x_rcc.o(i.RCC_LSICmd)
    i.RCC_RTCCLKCmd                          0x080032b8   Section        0  stm32f10x_rcc.o(i.RCC_RTCCLKCmd)
    i.RCC_RTCCLKConfig                       0x080032c4   Section        0  stm32f10x_rcc.o(i.RCC_RTCCLKConfig)
    i.RTC_EnterConfigMode                    0x080032d4   Section        0  stm32f10x_rtc.o(i.RTC_EnterConfigMode)
    i.RTC_ExitConfigMode                     0x080032e8   Section        0  stm32f10x_rtc.o(i.RTC_ExitConfigMode)
    i.RTC_GetCounter                         0x080032fc   Section        0  stm32f10x_rtc.o(i.RTC_GetCounter)
    i.RTC_SetCounter                         0x08003310   Section        0  stm32f10x_rtc.o(i.RTC_SetCounter)
    i.RTC_SetPrescaler                       0x0800332c   Section        0  stm32f10x_rtc.o(i.RTC_SetPrescaler)
    i.RTC_WaitForLastTask                    0x0800334c   Section        0  stm32f10x_rtc.o(i.RTC_WaitForLastTask)
    i.RTC_WaitForSynchro                     0x08003360   Section        0  stm32f10x_rtc.o(i.RTC_WaitForSynchro)
    i.SVC_Handler                            0x08003384   Section        0  stm32f10x_it.o(i.SVC_Handler)
    i.SetSysClock                            0x08003386   Section        0  system_stm32f10x.o(i.SetSysClock)
    SetSysClock                              0x08003387   Thumb Code     8  system_stm32f10x.o(i.SetSysClock)
    i.SetSysClockTo72                        0x08003390   Section        0  system_stm32f10x.o(i.SetSysClockTo72)
    SetSysClockTo72                          0x08003391   Thumb Code   214  system_stm32f10x.o(i.SetSysClockTo72)
    i.Set_Day                                0x08003470   Section        0  settime.o(i.Set_Day)
    Set_Day                                  0x08003471   Thumb Code   114  settime.o(i.Set_Day)
    i.Set_Hour                               0x080034ec   Section        0  settime.o(i.Set_Hour)
    Set_Hour                                 0x080034ed   Thumb Code   116  settime.o(i.Set_Hour)
    i.Set_Minute                             0x08003568   Section        0  settime.o(i.Set_Minute)
    Set_Minute                               0x08003569   Thumb Code   116  settime.o(i.Set_Minute)
    i.Set_Month                              0x080035e4   Section        0  settime.o(i.Set_Month)
    Set_Month                                0x080035e5   Thumb Code   114  settime.o(i.Set_Month)
    i.Set_Second                             0x08003660   Section        0  settime.o(i.Set_Second)
    Set_Second                               0x08003661   Thumb Code   116  settime.o(i.Set_Second)
    i.Set_Selection                          0x080036dc   Section        0  menu.o(i.Set_Selection)
    Set_Selection                            0x080036dd   Thumb Code    26  menu.o(i.Set_Selection)
    i.Set_Year                               0x08003700   Section        0  settime.o(i.Set_Year)
    Set_Year                                 0x08003701   Thumb Code    88  settime.o(i.Set_Year)
    i.Setting_Page_Info                      0x0800375c   Section        0  menu.o(i.Setting_Page_Info)
    i.Show_Barrier                           0x080038b8   Section        0  game.o(i.Show_Barrier)
    Show_Barrier                             0x080038b9   Thumb Code    98  game.o(i.Show_Barrier)
    i.Show_Battery_UI                        0x0800392c   Section        0  battery.o(i.Show_Battery_UI)
    i.Show_Clock_UI                          0x08003a4c   Section        0  menu.o(i.Show_Clock_UI)
    i.Show_Cloud                             0x08003adc   Section        0  game.o(i.Show_Cloud)
    Show_Cloud                               0x08003add   Thumb Code    62  game.o(i.Show_Cloud)
    i.Show_Counter_UI                        0x08003b28   Section        0  menu.o(i.Show_Counter_UI)
    Show_Counter_UI                          0x08003b29   Thumb Code    68  menu.o(i.Show_Counter_UI)
    i.Show_Dinosaur                          0x08003ba0   Section        0  game.o(i.Show_Dinosaur)
    Show_Dinosaur                            0x08003ba1   Thumb Code   220  game.o(i.Show_Dinosaur)
    i.Show_Emoji_UI                          0x08003ca4   Section        0  menu.o(i.Show_Emoji_UI)
    Show_Emoji_UI                            0x08003ca5   Thumb Code   250  menu.o(i.Show_Emoji_UI)
    i.Show_Game_UI                           0x08003da8   Section        0  menu.o(i.Show_Game_UI)
    Show_Game_UI                             0x08003da9   Thumb Code    56  menu.o(i.Show_Game_UI)
    i.Show_Gradienter_UI                     0x08003e00   Section        0  menu.o(i.Show_Gradienter_UI)
    Show_Gradienter_UI                       0x08003e01   Thumb Code    72  menu.o(i.Show_Gradienter_UI)
    i.Show_Ground                            0x08003e50   Section        0  game.o(i.Show_Ground)
    Show_Ground                              0x08003e51   Thumb Code   110  game.o(i.Show_Ground)
    i.Show_MPU6050_UI                        0x08003ecc   Section        0  menu.o(i.Show_MPU6050_UI)
    Show_MPU6050_UI                          0x08003ecd   Thumb Code    92  menu.o(i.Show_MPU6050_UI)
    i.Show_Menu_Animation                    0x08003f5c   Section        0  menu.o(i.Show_Menu_Animation)
    Show_Menu_Animation                      0x08003f5d   Thumb Code   304  menu.o(i.Show_Menu_Animation)
    i.Show_Score                             0x080040a8   Section        0  game.o(i.Show_Score)
    Show_Score                               0x080040a9   Thumb Code    22  game.o(i.Show_Score)
    i.Show_SetTime_FirstUI                   0x080040c4   Section        0  settime.o(i.Show_SetTime_FirstUI)
    Show_SetTime_FirstUI                     0x080040c5   Thumb Code    90  settime.o(i.Show_SetTime_FirstUI)
    i.Show_SetTime_SecondUI                  0x08004144   Section        0  settime.o(i.Show_SetTime_SecondUI)
    Show_SetTime_SecondUI                    0x08004145   Thumb Code    90  settime.o(i.Show_SetTime_SecondUI)
    i.Show_Setting_UI                        0x080041c4   Section        0  menu.o(i.Show_Setting_UI)
    Show_Setting_UI                          0x080041c5   Thumb Code    72  menu.o(i.Show_Setting_UI)
    i.Show_Setting_UI2                       0x0800423c   Section        0  menu.o(i.Show_Setting_UI2)
    Show_Setting_UI2                         0x0800423d   Thumb Code    16  menu.o(i.Show_Setting_UI2)
    i.Show_StopWatch_UI                      0x08004258   Section        0  menu.o(i.Show_StopWatch_UI)
    Show_StopWatch_UI                        0x08004259   Thumb Code    78  menu.o(i.Show_StopWatch_UI)
    i.Show_Timer_Choice                      0x080042d8   Section        0  menu.o(i.Show_Timer_Choice)
    Show_Timer_Choice                        0x080042d9   Thumb Code    56  menu.o(i.Show_Timer_Choice)
    i.Show_Timer_Choice_P2                   0x0800432c   Section        0  menu.o(i.Show_Timer_Choice_P2)
    Show_Timer_Choice_P2                     0x0800432d   Thumb Code    28  menu.o(i.Show_Timer_Choice_P2)
    i.Show_Timer_UI                          0x0800435c   Section        0  menu.o(i.Show_Timer_UI)
    Show_Timer_UI                            0x0800435d   Thumb Code   102  menu.o(i.Show_Timer_UI)
    i.Show_Torch_UI                          0x08004400   Section        0  menu.o(i.Show_Torch_UI)
    Show_Torch_UI                            0x08004401   Thumb Code    60  menu.o(i.Show_Torch_UI)
    i.StopWatch                              0x0800444c   Section        0  menu.o(i.StopWatch)
    StopWatch                                0x0800444d   Thumb Code   230  menu.o(i.StopWatch)
    i.StopWatch_Timer_Handler                0x0800454c   Section        0  menu.o(i.StopWatch_Timer_Handler)
    StopWatch_Timer_Handler                  0x0800454d   Thumb Code   144  menu.o(i.StopWatch_Timer_Handler)
    i.SysTick_Handler                        0x080045f4   Section        0  stm32f10x_it.o(i.SysTick_Handler)
    i.SystemInit                             0x080045f8   Section        0  system_stm32f10x.o(i.SystemInit)
    i.TIM3_IRQHandler                        0x08004658   Section        0  timer.o(i.TIM3_IRQHandler)
    i.TIM_ClearFlag                          0x080046bc   Section        0  stm32f10x_tim.o(i.TIM_ClearFlag)
    i.TIM_ClearITPendingBit                  0x080046c2   Section        0  stm32f10x_tim.o(i.TIM_ClearITPendingBit)
    i.TIM_Cmd                                0x080046c8   Section        0  stm32f10x_tim.o(i.TIM_Cmd)
    i.TIM_GetITStatus                        0x080046e0   Section        0  stm32f10x_tim.o(i.TIM_GetITStatus)
    i.TIM_ITConfig                           0x08004702   Section        0  stm32f10x_tim.o(i.TIM_ITConfig)
    i.TIM_InternalClockConfig                0x08004714   Section        0  stm32f10x_tim.o(i.TIM_InternalClockConfig)
    i.TIM_OC2Init                            0x08004720   Section        0  stm32f10x_tim.o(i.TIM_OC2Init)
    i.TIM_OCStructInit                       0x080047c4   Section        0  stm32f10x_tim.o(i.TIM_OCStructInit)
    i.TIM_SetCompare2                        0x080047d8   Section        0  stm32f10x_tim.o(i.TIM_SetCompare2)
    i.TIM_TimeBaseInit                       0x080047dc   Section        0  stm32f10x_tim.o(i.TIM_TimeBaseInit)
    i.Time_Setting_Page                      0x08004880   Section        0  settime.o(i.Time_Setting_Page)
    i.Timer_Init                             0x08004a28   Section        0  timer.o(i.Timer_Init)
    i.Timer_Page_Select                      0x08004aa4   Section        0  menu.o(i.Timer_Page_Select)
    i.Timer_Timer_Callback                   0x08004be4   Section        0  timer.o(i.Timer_Timer_Callback)
    i.Timer_Timer_handler                    0x08004c00   Section        0  menu.o(i.Timer_Timer_handler)
    Timer_Timer_handler                      0x08004c01   Thumb Code   136  menu.o(i.Timer_Timer_handler)
    i.Torch                                  0x08004c9c   Section        0  menu.o(i.Torch)
    i.UsageFault_Handler                     0x08004dc4   Section        0  stm32f10x_it.o(i.UsageFault_Handler)
    i.__0vsprintf                            0x08004dc8   Section        0  printfa.o(i.__0vsprintf)
    i.__ARM_fpclassify                       0x08004dec   Section        0  fpclassify.o(i.__ARM_fpclassify)
    i.__ieee754_rem_pio2                     0x08004e14   Section        0  rred.o(i.__ieee754_rem_pio2)
    i.__kernel_cos                           0x0800519c   Section        0  cos_i.o(i.__kernel_cos)
    i.__kernel_poly                          0x08005298   Section        0  poly.o(i.__kernel_poly)
    i.__kernel_sin                           0x08005344   Section        0  sin_i.o(i.__kernel_sin)
    i.__mathlib_dbl_infnan                   0x08005430   Section        0  dunder.o(i.__mathlib_dbl_infnan)
    i.__mathlib_dbl_infnan2                  0x08005436   Section        0  dunder.o(i.__mathlib_dbl_infnan2)
    i.__mathlib_dbl_invalid                  0x0800543a   Section        0  dunder.o(i.__mathlib_dbl_invalid)
    i.__mathlib_dbl_underflow                0x08005448   Section        0  dunder.o(i.__mathlib_dbl_underflow)
    i.__scatterload_copy                     0x08005458   Section       14  handlers.o(i.__scatterload_copy)
    i.__scatterload_null                     0x08005466   Section        2  handlers.o(i.__scatterload_null)
    i.__scatterload_zeroinit                 0x08005468   Section       14  handlers.o(i.__scatterload_zeroinit)
    i.__set_errno                            0x08005478   Section        0  errno.o(i.__set_errno)
    i._fp_digits                             0x08005484   Section        0  printfa.o(i._fp_digits)
    _fp_digits                               0x08005485   Thumb Code   366  printfa.o(i._fp_digits)
    i._printf_core                           0x08005608   Section        0  printfa.o(i._printf_core)
    _printf_core                             0x08005609   Thumb Code  1744  printfa.o(i._printf_core)
    i._printf_post_padding                   0x08005ce4   Section        0  printfa.o(i._printf_post_padding)
    _printf_post_padding                     0x08005ce5   Thumb Code    36  printfa.o(i._printf_post_padding)
    i._printf_pre_padding                    0x08005d08   Section        0  printfa.o(i._printf_pre_padding)
    _printf_pre_padding                      0x08005d09   Thumb Code    46  printfa.o(i._printf_pre_padding)
    i._sputc                                 0x08005d36   Section        0  printfa.o(i._sputc)
    _sputc                                   0x08005d37   Thumb Code    10  printfa.o(i._sputc)
    i.atan                                   0x08005d40   Section        0  atan.o(i.atan)
    i.atan2                                  0x08005f60   Section        0  atan2.o(i.atan2)
    i.dinosaur_game_init                     0x080060e0   Section        0  game.o(i.dinosaur_game_init)
    i.main                                   0x0800610c   Section        0  main.o(i.main)
    i.sin                                    0x08006148   Section        0  sin.o(i.sin)
    .constdata                               0x080061e8   Section    10411  oled_data.o(.constdata)
    .constdata                               0x08008a93   Section       12  mktime.o(.constdata)
    monlen                                   0x08008a93   Data          12  mktime.o(.constdata)
    .constdata                               0x08008aa0   Section      152  atan.o(.constdata)
    atanhi                                   0x08008aa0   Data          32  atan.o(.constdata)
    atanlo                                   0x08008ac0   Data          32  atan.o(.constdata)
    aTodd                                    0x08008ae0   Data          40  atan.o(.constdata)
    aTeven                                   0x08008b08   Data          48  atan.o(.constdata)
    .constdata                               0x08008b38   Section       48  cos_i.o(.constdata)
    C                                        0x08008b38   Data          48  cos_i.o(.constdata)
    .constdata                               0x08008b68   Section        8  qnan.o(.constdata)
    .constdata                               0x08008b70   Section      200  rred.o(.constdata)
    pio2s                                    0x08008b70   Data          48  rred.o(.constdata)
    twooverpi                                0x08008ba0   Data         152  rred.o(.constdata)
    .constdata                               0x08008c38   Section       40  sin_i.o(.constdata)
    S                                        0x08008c38   Data          40  sin_i.o(.constdata)
    .constdata                               0x08008c60   Section       12  localtime_i.o(.constdata)
    monlen                                   0x08008c60   Data          12  localtime_i.o(.constdata)
    .data                                    0x20000000   Section        4  main.o(.data)
    .data                                    0x20000004   Section       24  myrtc.o(.data)
    .data                                    0x2000001c   Section       24  timer.o(.data)
    p_timer_timer_handler                    0x2000001c   Data           4  timer.o(.data)
    p_counter_timer_handler                  0x20000020   Data           4  timer.o(.data)
    p_stopwatch_timer_handler                0x20000024   Data           4  timer.o(.data)
    p_dinoScore_timer_handler                0x20000028   Data           4  timer.o(.data)
    p_ledMode_timer_handler                  0x2000002c   Data           4  timer.o(.data)
    m_run_time                               0x20000030   Data           4  timer.o(.data)
    .data                                    0x20000038   Section      152  menu.o(.data)
    m_key_num                                0x20000038   Data           1  menu.o(.data)
    duty_cycle                               0x20000074   Data           2  menu.o(.data)
    led_breath_direction                     0x20000076   Data           1  menu.o(.data)
    blink_cnt                                0x20000077   Data           1  menu.o(.data)
    flash_cnt                                0x20000078   Data           1  menu.o(.data)
    count                                    0x200000c6   Data           2  menu.o(.data)
    sw_cnt                                   0x200000c8   Data           2  menu.o(.data)
    t_cnt                                    0x200000ca   Data           2  menu.o(.data)
    blink_state                              0x200000cc   Data           1  menu.o(.data)
    flash_state                              0x200000cd   Data           1  menu.o(.data)
    flash_times                              0x200000ce   Data           1  menu.o(.data)
    timer_cnt                                0x200000cf   Data           1  menu.o(.data)
    .data                                    0x200000d0   Section       54  key.o(.data)
    key_info                                 0x200000d0   Data          48  key.o(.data)
    cnt                                      0x20000103   Data           1  key.o(.data)
    prev_state                               0x20000104   Data           1  key.o(.data)
    curr_state                               0x20000105   Data           1  key.o(.data)
    .data                                    0x20000108   Section        8  settime.o(.data)
    m_key_num                                0x20000108   Data           1  settime.o(.data)
    .data                                    0x20000110   Section       50  game.o(.data)
    m_key_num                                0x20000110   Data           1  game.o(.data)
    pi                                       0x20000118   Data           8  game.o(.data)
    barrier                                  0x20000133   Data           4  game.o(.data)
    dinosaur                                 0x20000137   Data           4  game.o(.data)
    count                                    0x2000013c   Data           2  game.o(.data)
    ground_cnt                               0x2000013e   Data           2  game.o(.data)
    cloud_cnt                                0x20000140   Data           2  game.o(.data)
    .data                                    0x20000144   Section       10  battery.o(.data)
    .data                                    0x20000150   Section        4  rand.o(.data)
    _rand_state                              0x20000150   Data           4  rand.o(.data)
    .data                                    0x20000154   Section        4  errno.o(.data)
    _errno                                   0x20000154   Data           4  errno.o(.data)
    .bss                                     0x20000158   Section     1024  oled.o(.bss)
    .bss                                     0x20000558   Section       44  localtime_w.o(.bss)
    _tms                                     0x20000558   Data          44  localtime_w.o(.bss)
    STACK                                    0x20000588   Section     1024  startup_stm32f10x_md.o(STACK)

    Global Symbols

    Symbol Name                              Value     Ov Type        Size  Object(Section)

    BuildAttributes$$THM_ISAv4$P$D$K$B$S$PE$A:L22UL41UL21$X:L11$S22US41US21$IEEE1$IW$USESV6$~STKCKD$USESV7$~SHL$OTIME$ROPI$IEEEX$EBA8$MICROLIB$REQ8$PRES8$EABIv2 0x00000000   Number         0  anon$$obj.o ABSOLUTE
    __ARM_use_no_argv                        0x00000000   Number         0  main.o ABSOLUTE
    __cpp_initialize__aeabi_                  - Undefined Weak Reference
    __cxa_finalize                            - Undefined Weak Reference
    _clock_init                               - Undefined Weak Reference
    _microlib_exit                            - Undefined Weak Reference
    __Vectors_Size                           0x000000ec   Number         0  startup_stm32f10x_md.o ABSOLUTE
    __Vectors                                0x08000000   Data           4  startup_stm32f10x_md.o(RESET)
    __Vectors_End                            0x080000ec   Data           0  startup_stm32f10x_md.o(RESET)
    __main                                   0x080000ed   Thumb Code     0  entry.o(.ARM.Collect$$$$00000000)
    _main_stk                                0x080000ed   Thumb Code     0  entry2.o(.ARM.Collect$$$$00000001)
    _main_scatterload                        0x080000f1   Thumb Code     0  entry5.o(.ARM.Collect$$$$00000004)
    __main_after_scatterload                 0x080000f5   Thumb Code     0  entry5.o(.ARM.Collect$$$$00000004)
    _main_clock                              0x080000f5   Thumb Code     0  entry7b.o(.ARM.Collect$$$$00000008)
    _main_cpp_init                           0x080000f5   Thumb Code     0  entry8b.o(.ARM.Collect$$$$0000000A)
    _main_init                               0x080000f5   Thumb Code     0  entry9a.o(.ARM.Collect$$$$0000000B)
    __rt_final_cpp                           0x080000fd   Thumb Code     0  entry10a.o(.ARM.Collect$$$$0000000D)
    __rt_final_exit                          0x080000fd   Thumb Code     0  entry11a.o(.ARM.Collect$$$$0000000F)
    Reset_Handler                            0x08000101   Thumb Code     8  startup_stm32f10x_md.o(.text)
    ADC1_2_IRQHandler                        0x0800011b   Thumb Code     0  startup_stm32f10x_md.o(.text)
    CAN1_RX1_IRQHandler                      0x0800011b   Thumb Code     0  startup_stm32f10x_md.o(.text)
    CAN1_SCE_IRQHandler                      0x0800011b   Thumb Code     0  startup_stm32f10x_md.o(.text)
    DMA1_Channel1_IRQHandler                 0x0800011b   Thumb Code     0  startup_stm32f10x_md.o(.text)
    DMA1_Channel2_IRQHandler                 0x0800011b   Thumb Code     0  startup_stm32f10x_md.o(.text)
    DMA1_Channel3_IRQHandler                 0x0800011b   Thumb Code     0  startup_stm32f10x_md.o(.text)
    DMA1_Channel4_IRQHandler                 0x0800011b   Thumb Code     0  startup_stm32f10x_md.o(.text)
    DMA1_Channel5_IRQHandler                 0x0800011b   Thumb Code     0  startup_stm32f10x_md.o(.text)
    DMA1_Channel6_IRQHandler                 0x0800011b   Thumb Code     0  startup_stm32f10x_md.o(.text)
    DMA1_Channel7_IRQHandler                 0x0800011b   Thumb Code     0  startup_stm32f10x_md.o(.text)
    EXTI0_IRQHandler                         0x0800011b   Thumb Code     0  startup_stm32f10x_md.o(.text)
    EXTI15_10_IRQHandler                     0x0800011b   Thumb Code     0  startup_stm32f10x_md.o(.text)
    EXTI1_IRQHandler                         0x0800011b   Thumb Code     0  startup_stm32f10x_md.o(.text)
    EXTI2_IRQHandler                         0x0800011b   Thumb Code     0  startup_stm32f10x_md.o(.text)
    EXTI3_IRQHandler                         0x0800011b   Thumb Code     0  startup_stm32f10x_md.o(.text)
    EXTI4_IRQHandler                         0x0800011b   Thumb Code     0  startup_stm32f10x_md.o(.text)
    EXTI9_5_IRQHandler                       0x0800011b   Thumb Code     0  startup_stm32f10x_md.o(.text)
    FLASH_IRQHandler                         0x0800011b   Thumb Code     0  startup_stm32f10x_md.o(.text)
    I2C1_ER_IRQHandler                       0x0800011b   Thumb Code     0  startup_stm32f10x_md.o(.text)
    I2C1_EV_IRQHandler                       0x0800011b   Thumb Code     0  startup_stm32f10x_md.o(.text)
    I2C2_ER_IRQHandler                       0x0800011b   Thumb Code     0  startup_stm32f10x_md.o(.text)
    I2C2_EV_IRQHandler                       0x0800011b   Thumb Code     0  startup_stm32f10x_md.o(.text)
    PVD_IRQHandler                           0x0800011b   Thumb Code     0  startup_stm32f10x_md.o(.text)
    RCC_IRQHandler                           0x0800011b   Thumb Code     0  startup_stm32f10x_md.o(.text)
    RTCAlarm_IRQHandler                      0x0800011b   Thumb Code     0  startup_stm32f10x_md.o(.text)
    RTC_IRQHandler                           0x0800011b   Thumb Code     0  startup_stm32f10x_md.o(.text)
    SPI1_IRQHandler                          0x0800011b   Thumb Code     0  startup_stm32f10x_md.o(.text)
    SPI2_IRQHandler                          0x0800011b   Thumb Code     0  startup_stm32f10x_md.o(.text)
    TAMPER_IRQHandler                        0x0800011b   Thumb Code     0  startup_stm32f10x_md.o(.text)
    TIM1_BRK_IRQHandler                      0x0800011b   Thumb Code     0  startup_stm32f10x_md.o(.text)
    TIM1_CC_IRQHandler                       0x0800011b   Thumb Code     0  startup_stm32f10x_md.o(.text)
    TIM1_TRG_COM_IRQHandler                  0x0800011b   Thumb Code     0  startup_stm32f10x_md.o(.text)
    TIM1_UP_IRQHandler                       0x0800011b   Thumb Code     0  startup_stm32f10x_md.o(.text)
    TIM2_IRQHandler                          0x0800011b   Thumb Code     0  startup_stm32f10x_md.o(.text)
    TIM4_IRQHandler                          0x0800011b   Thumb Code     0  startup_stm32f10x_md.o(.text)
    USART1_IRQHandler                        0x0800011b   Thumb Code     0  startup_stm32f10x_md.o(.text)
    USART2_IRQHandler                        0x0800011b   Thumb Code     0  startup_stm32f10x_md.o(.text)
    USART3_IRQHandler                        0x0800011b   Thumb Code     0  startup_stm32f10x_md.o(.text)
    USBWakeUp_IRQHandler                     0x0800011b   Thumb Code     0  startup_stm32f10x_md.o(.text)
    USB_HP_CAN1_TX_IRQHandler                0x0800011b   Thumb Code     0  startup_stm32f10x_md.o(.text)
    USB_LP_CAN1_RX0_IRQHandler               0x0800011b   Thumb Code     0  startup_stm32f10x_md.o(.text)
    WWDG_IRQHandler                          0x0800011b   Thumb Code     0  startup_stm32f10x_md.o(.text)
    rand                                     0x08000125   Thumb Code    20  rand.o(.text)
    srand                                    0x08000139   Thumb Code     6  rand.o(.text)
    mktime                                   0x08000149   Thumb Code   150  mktime.o(.text)
    __aeabi_memcpy                           0x080001f1   Thumb Code    36  memcpya.o(.text)
    __aeabi_memcpy4                          0x080001f1   Thumb Code     0  memcpya.o(.text)
    __aeabi_memcpy8                          0x080001f1   Thumb Code     0  memcpya.o(.text)
    strcmp                                   0x08000215   Thumb Code    28  strcmp.o(.text)
    __aeabi_fadd                             0x08000231   Thumb Code   164  fadd.o(.text)
    __aeabi_fsub                             0x080002d5   Thumb Code     6  fadd.o(.text)
    __aeabi_frsub                            0x080002db   Thumb Code     6  fadd.o(.text)
    __aeabi_fmul                             0x080002e1   Thumb Code   100  fmul.o(.text)
    __aeabi_dadd                             0x08000345   Thumb Code   322  dadd.o(.text)
    __aeabi_dsub                             0x08000487   Thumb Code     6  dadd.o(.text)
    __aeabi_drsub                            0x0800048d   Thumb Code     6  dadd.o(.text)
    __aeabi_dmul                             0x08000493   Thumb Code   228  dmul.o(.text)
    __aeabi_ddiv                             0x08000577   Thumb Code   222  ddiv.o(.text)
    __aeabi_i2f                              0x08000655   Thumb Code    18  fflti.o(.text)
    __aeabi_i2d                              0x08000667   Thumb Code    34  dflti.o(.text)
    __aeabi_ui2d                             0x08000689   Thumb Code    26  dfltui.o(.text)
    __aeabi_f2iz                             0x080006a3   Thumb Code    50  ffixi.o(.text)
    __aeabi_d2iz                             0x080006d5   Thumb Code    62  dfixi.o(.text)
    __aeabi_d2uiz                            0x08000713   Thumb Code    50  dfixui.o(.text)
    __aeabi_f2d                              0x08000745   Thumb Code    38  f2d.o(.text)
    __aeabi_cdcmpeq                          0x0800076d   Thumb Code     0  cdcmple.o(.text)
    __aeabi_cdcmple                          0x0800076d   Thumb Code    48  cdcmple.o(.text)
    __aeabi_cdrcmple                         0x0800079d   Thumb Code    48  cdrcmple.o(.text)
    __aeabi_d2f                              0x080007cd   Thumb Code    56  d2f.o(.text)
    __aeabi_cfcmpeq                          0x08000805   Thumb Code     0  cfcmple.o(.text)
    __aeabi_cfcmple                          0x08000805   Thumb Code    20  cfcmple.o(.text)
    __aeabi_uidiv                            0x08000819   Thumb Code     0  uidiv.o(.text)
    __aeabi_uidivmod                         0x08000819   Thumb Code    44  uidiv.o(.text)
    __aeabi_uldivmod                         0x08000845   Thumb Code    98  uldiv.o(.text)
    __aeabi_llsl                             0x080008a7   Thumb Code    30  llshl.o(.text)
    _ll_shift_l                              0x080008a7   Thumb Code     0  llshl.o(.text)
    __aeabi_llsr                             0x080008c5   Thumb Code    32  llushr.o(.text)
    _ll_ushift_r                             0x080008c5   Thumb Code     0  llushr.o(.text)
    __aeabi_lasr                             0x080008e5   Thumb Code    36  llsshr.o(.text)
    _ll_sshift_r                             0x080008e5   Thumb Code     0  llsshr.o(.text)
    localtime                                0x08000909   Thumb Code     6  localtime_w.o(.text)
    _localtime                               0x08000915   Thumb Code   134  localtime_i.o(.text)
    __I$use$fp                               0x080009a1   Thumb Code     0  iusefp.o(.text)
    _float_round                             0x080009a1   Thumb Code    18  fepilogue.o(.text)
    _float_epilogue                          0x080009b3   Thumb Code    92  fepilogue.o(.text)
    _double_round                            0x08000a0f   Thumb Code    30  depilogue.o(.text)
    _double_epilogue                         0x08000a2d   Thumb Code   156  depilogue.o(.text)
    __aeabi_d2ulz                            0x08000ac9   Thumb Code    48  dfixul.o(.text)
    __scatterload                            0x08000af9   Thumb Code    28  init.o(.text)
    __scatterload_rt2                        0x08000af9   Thumb Code     0  init.o(.text)
    __ARM_scalbn                             0x08000b1d   Thumb Code    46  dscalb.o(.text)
    scalbn                                   0x08000b1d   Thumb Code     0  dscalb.o(.text)
    __decompress                             0x08000b4b   Thumb Code     0  __dczerorl2.o(.text)
    __decompress1                            0x08000b4b   Thumb Code    86  __dczerorl2.o(.text)
    ADC_Cmd                                  0x08000ba1   Thumb Code    22  stm32f10x_adc.o(i.ADC_Cmd)
    ADC_GetCalibrationStatus                 0x08000bb7   Thumb Code    20  stm32f10x_adc.o(i.ADC_GetCalibrationStatus)
    ADC_GetConversionValue                   0x08000bcb   Thumb Code     8  stm32f10x_adc.o(i.ADC_GetConversionValue)
    ADC_GetFlagStatus                        0x08000bd3   Thumb Code    18  stm32f10x_adc.o(i.ADC_GetFlagStatus)
    ADC_GetResetCalibrationStatus            0x08000be5   Thumb Code    20  stm32f10x_adc.o(i.ADC_GetResetCalibrationStatus)
    ADC_Init                                 0x08000bf9   Thumb Code    70  stm32f10x_adc.o(i.ADC_Init)
    ADC_RegularChannelConfig                 0x08000c49   Thumb Code   184  stm32f10x_adc.o(i.ADC_RegularChannelConfig)
    ADC_ResetCalibration                     0x08000d01   Thumb Code    10  stm32f10x_adc.o(i.ADC_ResetCalibration)
    ADC_SoftwareStartConvCmd                 0x08000d0b   Thumb Code    22  stm32f10x_adc.o(i.ADC_SoftwareStartConvCmd)
    ADC_StartCalibration                     0x08000d21   Thumb Code    10  stm32f10x_adc.o(i.ADC_StartCalibration)
    AD_GetValue                              0x08000d2d   Thumb Code    32  ad.o(i.AD_GetValue)
    AD_Init                                  0x08000d51   Thumb Code   150  ad.o(i.AD_Init)
    BKP_ReadBackupRegister                   0x08000df1   Thumb Code    24  stm32f10x_bkp.o(i.BKP_ReadBackupRegister)
    BKP_WriteBackupRegister                  0x08000e0d   Thumb Code    22  stm32f10x_bkp.o(i.BKP_WriteBackupRegister)
    Battery_Init                             0x08000e29   Thumb Code    64  battery.o(i.Battery_Init)
    BusFault_Handler                         0x08000f0d   Thumb Code     4  stm32f10x_it.o(i.BusFault_Handler)
    DebugMon_Handler                         0x0800148d   Thumb Code     2  stm32f10x_it.o(i.DebugMon_Handler)
    Delay_ms                                 0x0800148f   Thumb Code    24  delay.o(i.Delay_ms)
    Delay_s                                  0x080014a7   Thumb Code    24  delay.o(i.Delay_s)
    Delay_us                                 0x080014bf   Thumb Code    46  delay.o(i.Delay_us)
    DinoGame_Animation                       0x080014ed   Thumb Code    58  game.o(i.DinoGame_Animation)
    DinoScore_Timer_Callback                 0x08001649   Thumb Code     6  timer.o(i.DinoScore_Timer_Callback)
    Dynamic_Emoji                            0x08001655   Thumb Code    38  menu.o(i.Dynamic_Emoji)
    Enter_Menu_Option                        0x08001681   Thumb Code   290  menu.o(i.Enter_Menu_Option)
    First_Page_Clock                         0x080017b1   Thumb Code   192  menu.o(i.First_Page_Clock)
    GPIO_Init                                0x080018e9   Thumb Code   278  stm32f10x_gpio.o(i.GPIO_Init)
    GPIO_ReadInputDataBit                    0x080019ff   Thumb Code    18  stm32f10x_gpio.o(i.GPIO_ReadInputDataBit)
    GPIO_ResetBits                           0x08001a11   Thumb Code     4  stm32f10x_gpio.o(i.GPIO_ResetBits)
    GPIO_SetBits                             0x08001a15   Thumb Code     4  stm32f10x_gpio.o(i.GPIO_SetBits)
    GPIO_WriteBit                            0x08001a19   Thumb Code    10  stm32f10x_gpio.o(i.GPIO_WriteBit)
    Game_App_Init                            0x08001a25   Thumb Code    10  game.o(i.Game_App_Init)
    Game_Select_Page                         0x08001a35   Thumb Code   232  menu.o(i.Game_Select_Page)
    Gradienter                               0x08001b91   Thumb Code    46  menu.o(i.Gradienter)
    HardFault_Handler                        0x08001bc5   Thumb Code     4  stm32f10x_it.o(i.HardFault_Handler)
    Key3_Tick                                0x08001c1d   Thumb Code    68  key.o(i.Key3_Tick)
    Key_GetNum                               0x08001c65   Thumb Code    26  key.o(i.Key_GetNum)
    Key_Init                                 0x08001c85   Thumb Code    74  key.o(i.Key_Init)
    Key_Tick                                 0x08001d81   Thumb Code    62  key.o(i.Key_Tick)
    LED1_OFF                                 0x08001dd1   Thumb Code    12  led.o(i.LED1_OFF)
    LED1_ON                                  0x08001de1   Thumb Code    12  led.o(i.LED1_ON)
    LED_Init                                 0x08001df1   Thumb Code    46  led.o(i.LED_Init)
    Led_Timer_Callback                       0x08001ea9   Thumb Code     6  timer.o(i.Led_Timer_Callback)
    MPU6050                                  0x08001ec9   Thumb Code    62  menu.o(i.MPU6050)
    MPU6050_GetData                          0x080020e9   Thumb Code   172  mpu6050.o(i.MPU6050_GetData)
    MPU6050_Init                             0x08002195   Thumb Code    56  mpu6050.o(i.MPU6050_Init)
    MPU6050_ReadReg                          0x080021cd   Thumb Code    62  mpu6050.o(i.MPU6050_ReadReg)
    MPU6050_WriteReg                         0x0800220b   Thumb Code    46  mpu6050.o(i.MPU6050_WriteReg)
    MemManage_Handler                        0x08002239   Thumb Code     4  stm32f10x_it.o(i.MemManage_Handler)
    Menu_App_Init                            0x0800223d   Thumb Code    24  menu.o(i.Menu_App_Init)
    MyI2C_Init                               0x080022f5   Thumb Code    50  myi2c.o(i.MyI2C_Init)
    MyI2C_R_SDA                              0x0800232d   Thumb Code    18  myi2c.o(i.MyI2C_R_SDA)
    MyI2C_ReceiveAck                         0x08002345   Thumb Code    30  myi2c.o(i.MyI2C_ReceiveAck)
    MyI2C_ReceiveByte                        0x08002363   Thumb Code    50  myi2c.o(i.MyI2C_ReceiveByte)
    MyI2C_SendAck                            0x08002395   Thumb Code    24  myi2c.o(i.MyI2C_SendAck)
    MyI2C_SendByte                           0x080023ad   Thumb Code    50  myi2c.o(i.MyI2C_SendByte)
    MyI2C_Start                              0x080023df   Thumb Code    28  myi2c.o(i.MyI2C_Start)
    MyI2C_Stop                               0x080023fb   Thumb Code    22  myi2c.o(i.MyI2C_Stop)
    MyI2C_W_SCL                              0x08002411   Thumb Code    18  myi2c.o(i.MyI2C_W_SCL)
    MyI2C_W_SDA                              0x08002429   Thumb Code    18  myi2c.o(i.MyI2C_W_SDA)
    MyRTC_Init                               0x08002441   Thumb Code   144  myrtc.o(i.MyRTC_Init)
    MyRTC_ReadTime                           0x080024d1   Thumb Code    68  myrtc.o(i.MyRTC_ReadTime)
    MyRTC_SetTime                            0x08002519   Thumb Code    70  myrtc.o(i.MyRTC_SetTime)
    NMI_Handler                              0x08002565   Thumb Code     2  stm32f10x_it.o(i.NMI_Handler)
    NVIC_Init                                0x08002569   Thumb Code   100  misc.o(i.NVIC_Init)
    NVIC_PriorityGroupConfig                 0x080025d9   Thumb Code    10  misc.o(i.NVIC_PriorityGroupConfig)
    OLED_Clear                               0x080025ed   Thumb Code    36  oled.o(i.OLED_Clear)
    OLED_ClearArea                           0x08002615   Thumb Code   140  oled.o(i.OLED_ClearArea)
    OLED_DrawCircle                          0x080026a5   Thumb Code   352  oled.o(i.OLED_DrawCircle)
    OLED_DrawEllipse                         0x08002805   Thumb Code   806  oled.o(i.OLED_DrawEllipse)
    OLED_DrawPoint                           0x08002b31   Thumb Code    76  oled.o(i.OLED_DrawPoint)
    OLED_GPIO_Init                           0x08002b81   Thumb Code    92  oled.o(i.OLED_GPIO_Init)
    OLED_I2C_SendByte                        0x08002be1   Thumb Code    62  oled.o(i.OLED_I2C_SendByte)
    OLED_I2C_Start                           0x08002c1f   Thumb Code    28  oled.o(i.OLED_I2C_Start)
    OLED_I2C_Stop                            0x08002c3b   Thumb Code    22  oled.o(i.OLED_I2C_Stop)
    OLED_Init                                0x08002c51   Thumb Code   154  oled.o(i.OLED_Init)
    OLED_Pow                                 0x08002ceb   Thumb Code    20  oled.o(i.OLED_Pow)
    OLED_Printf                              0x08002cff   Thumb Code    50  oled.o(i.OLED_Printf)
    OLED_ReverseArea                         0x08002d31   Thumb Code   140  oled.o(i.OLED_ReverseArea)
    OLED_SetCursor                           0x08002dc1   Thumb Code    38  oled.o(i.OLED_SetCursor)
    OLED_ShowChar                            0x08002de9   Thumb Code   108  oled.o(i.OLED_ShowChar)
    OLED_ShowImage                           0x08002e61   Thumb Code   248  oled.o(i.OLED_ShowImage)
    OLED_ShowNum                             0x08002f5d   Thumb Code    76  oled.o(i.OLED_ShowNum)
    OLED_ShowString                          0x08002fa9   Thumb Code   262  oled.o(i.OLED_ShowString)
    OLED_Update                              0x080030b9   Thumb Code    36  oled.o(i.OLED_Update)
    OLED_W_SCL                               0x080030e1   Thumb Code    18  oled.o(i.OLED_W_SCL)
    OLED_W_SDA                               0x080030f9   Thumb Code    18  oled.o(i.OLED_W_SDA)
    OLED_WriteCommand                        0x08003111   Thumb Code    32  oled.o(i.OLED_WriteCommand)
    OLED_WriteData                           0x08003131   Thumb Code    46  oled.o(i.OLED_WriteData)
    PWM_Init                                 0x0800315f   Thumb Code   120  pwm.o(i.PWM_Init)
    PWR_BackupAccessCmd                      0x080031d9   Thumb Code     6  stm32f10x_pwr.o(i.PWR_BackupAccessCmd)
    PendSV_Handler                           0x080031e5   Thumb Code     2  stm32f10x_it.o(i.PendSV_Handler)
    Peripheral_Init                          0x080031e7   Thumb Code    32  menu.o(i.Peripheral_Init)
    Pwm_DutyCycle_Set                        0x08003207   Thumb Code    16  pwm.o(i.Pwm_DutyCycle_Set)
    RCC_ADCCLKConfig                         0x08003219   Thumb Code    18  stm32f10x_rcc.o(i.RCC_ADCCLKConfig)
    RCC_APB1PeriphClockCmd                   0x08003231   Thumb Code    26  stm32f10x_rcc.o(i.RCC_APB1PeriphClockCmd)
    RCC_APB2PeriphClockCmd                   0x08003251   Thumb Code    26  stm32f10x_rcc.o(i.RCC_APB2PeriphClockCmd)
    RCC_GetFlagStatus                        0x08003271   Thumb Code    56  stm32f10x_rcc.o(i.RCC_GetFlagStatus)
    RCC_LSICmd                               0x080032ad   Thumb Code     6  stm32f10x_rcc.o(i.RCC_LSICmd)
    RCC_RTCCLKCmd                            0x080032b9   Thumb Code     6  stm32f10x_rcc.o(i.RCC_RTCCLKCmd)
    RCC_RTCCLKConfig                         0x080032c5   Thumb Code    12  stm32f10x_rcc.o(i.RCC_RTCCLKConfig)
    RTC_EnterConfigMode                      0x080032d5   Thumb Code    14  stm32f10x_rtc.o(i.RTC_EnterConfigMode)
    RTC_ExitConfigMode                       0x080032e9   Thumb Code    16  stm32f10x_rtc.o(i.RTC_ExitConfigMode)
    RTC_GetCounter                           0x080032fd   Thumb Code    16  stm32f10x_rtc.o(i.RTC_GetCounter)
    RTC_SetCounter                           0x08003311   Thumb Code    24  stm32f10x_rtc.o(i.RTC_SetCounter)
    RTC_SetPrescaler                         0x0800332d   Thumb Code    26  stm32f10x_rtc.o(i.RTC_SetPrescaler)
    RTC_WaitForLastTask                      0x0800334d   Thumb Code    16  stm32f10x_rtc.o(i.RTC_WaitForLastTask)
    RTC_WaitForSynchro                       0x08003361   Thumb Code    30  stm32f10x_rtc.o(i.RTC_WaitForSynchro)
    SVC_Handler                              0x08003385   Thumb Code     2  stm32f10x_it.o(i.SVC_Handler)
    Setting_Page_Info                        0x0800375d   Thumb Code   330  menu.o(i.Setting_Page_Info)
    Show_Battery_UI                          0x0800392d   Thumb Code   274  battery.o(i.Show_Battery_UI)
    Show_Clock_UI                            0x08003a4d   Thumb Code    96  menu.o(i.Show_Clock_UI)
    SysTick_Handler                          0x080045f5   Thumb Code     2  stm32f10x_it.o(i.SysTick_Handler)
    SystemInit                               0x080045f9   Thumb Code    78  system_stm32f10x.o(i.SystemInit)
    TIM3_IRQHandler                          0x08004659   Thumb Code    72  timer.o(i.TIM3_IRQHandler)
    TIM_ClearFlag                            0x080046bd   Thumb Code     6  stm32f10x_tim.o(i.TIM_ClearFlag)
    TIM_ClearITPendingBit                    0x080046c3   Thumb Code     6  stm32f10x_tim.o(i.TIM_ClearITPendingBit)
    TIM_Cmd                                  0x080046c9   Thumb Code    24  stm32f10x_tim.o(i.TIM_Cmd)
    TIM_GetITStatus                          0x080046e1   Thumb Code    34  stm32f10x_tim.o(i.TIM_GetITStatus)
    TIM_ITConfig                             0x08004703   Thumb Code    18  stm32f10x_tim.o(i.TIM_ITConfig)
    TIM_InternalClockConfig                  0x08004715   Thumb Code    12  stm32f10x_tim.o(i.TIM_InternalClockConfig)
    TIM_OC2Init                              0x08004721   Thumb Code   154  stm32f10x_tim.o(i.TIM_OC2Init)
    TIM_OCStructInit                         0x080047c5   Thumb Code    20  stm32f10x_tim.o(i.TIM_OCStructInit)
    TIM_SetCompare2                          0x080047d9   Thumb Code     4  stm32f10x_tim.o(i.TIM_SetCompare2)
    TIM_TimeBaseInit                         0x080047dd   Thumb Code   122  stm32f10x_tim.o(i.TIM_TimeBaseInit)
    Time_Setting_Page                        0x08004881   Thumb Code   414  settime.o(i.Time_Setting_Page)
    Timer_Init                               0x08004a29   Thumb Code   120  timer.o(i.Timer_Init)
    Timer_Page_Select                        0x08004aa5   Thumb Code   310  menu.o(i.Timer_Page_Select)
    Timer_Timer_Callback                     0x08004be5   Thumb Code    14  timer.o(i.Timer_Timer_Callback)
    Torch                                    0x08004c9d   Thumb Code   282  menu.o(i.Torch)
    UsageFault_Handler                       0x08004dc5   Thumb Code     4  stm32f10x_it.o(i.UsageFault_Handler)
    __0vsprintf                              0x08004dc9   Thumb Code    30  printfa.o(i.__0vsprintf)
    __1vsprintf                              0x08004dc9   Thumb Code     0  printfa.o(i.__0vsprintf)
    __2vsprintf                              0x08004dc9   Thumb Code     0  printfa.o(i.__0vsprintf)
    __c89vsprintf                            0x08004dc9   Thumb Code     0  printfa.o(i.__0vsprintf)
    vsprintf                                 0x08004dc9   Thumb Code     0  printfa.o(i.__0vsprintf)
    __ARM_fpclassify                         0x08004ded   Thumb Code    40  fpclassify.o(i.__ARM_fpclassify)
    __ieee754_rem_pio2                       0x08004e15   Thumb Code   828  rred.o(i.__ieee754_rem_pio2)
    __kernel_cos                             0x0800519d   Thumb Code   230  cos_i.o(i.__kernel_cos)
    __kernel_poly                            0x08005299   Thumb Code   170  poly.o(i.__kernel_poly)
    __kernel_sin                             0x08005345   Thumb Code   224  sin_i.o(i.__kernel_sin)
    __mathlib_dbl_infnan                     0x08005431   Thumb Code     6  dunder.o(i.__mathlib_dbl_infnan)
    __mathlib_dbl_infnan2                    0x08005437   Thumb Code     4  dunder.o(i.__mathlib_dbl_infnan2)
    __mathlib_dbl_invalid                    0x0800543b   Thumb Code    12  dunder.o(i.__mathlib_dbl_invalid)
    __mathlib_dbl_underflow                  0x08005449   Thumb Code    10  dunder.o(i.__mathlib_dbl_underflow)
    __scatterload_copy                       0x08005459   Thumb Code    14  handlers.o(i.__scatterload_copy)
    __scatterload_null                       0x08005467   Thumb Code     2  handlers.o(i.__scatterload_null)
    __scatterload_zeroinit                   0x08005469   Thumb Code    14  handlers.o(i.__scatterload_zeroinit)
    __set_errno                              0x08005479   Thumb Code     6  errno.o(i.__set_errno)
    atan                                     0x08005d41   Thumb Code   474  atan.o(i.atan)
    atan2                                    0x08005f61   Thumb Code   346  atan2.o(i.atan2)
    dinosaur_game_init                       0x080060e1   Thumb Code    24  game.o(i.dinosaur_game_init)
    main                                     0x0800610d   Thumb Code    54  main.o(i.main)
    sin                                      0x08006149   Thumb Code   150  sin.o(i.sin)
    OLED_F8x16                               0x080061e8   Data        1520  oled_data.o(.constdata)
    OLED_F6x8                                0x080067d8   Data         570  oled_data.o(.constdata)
    OLED_F12x24                              0x08006a12   Data        3420  oled_data.o(.constdata)
    OLED_CF16x16                             0x0800776e   Data        2065  oled_data.o(.constdata)
    Menu_Icon                                0x08007f7f   Data        1024  oled_data.o(.constdata)
    Diode                                    0x0800837f   Data          32  oled_data.o(.constdata)
    Return_Image                             0x0800839f   Data          32  oled_data.o(.constdata)
    Home_Image                               0x080083bf   Data          32  oled_data.o(.constdata)
    Baby_Dinosaur                            0x080083df   Data          48  oled_data.o(.constdata)
    Ctrl_Image                               0x0800840f   Data         256  oled_data.o(.constdata)
    Select_Image                             0x0800850f   Data         264  oled_data.o(.constdata)
    Torch_Image                              0x08008617   Data         256  oled_data.o(.constdata)
    Ground_Image                             0x08008717   Data         256  oled_data.o(.constdata)
    Barrier_Image                            0x08008817   Data         288  oled_data.o(.constdata)
    Cloud_Image                              0x08008937   Data          48  oled_data.o(.constdata)
    Dino_Image                               0x08008967   Data         144  oled_data.o(.constdata)
    Eyebrow_Image                            0x080089f7   Data          64  oled_data.o(.constdata)
    Mouth_Image                              0x08008a37   Data          60  oled_data.o(.constdata)
    Battery_Image                            0x08008a73   Data          32  oled_data.o(.constdata)
    __mathlib_zero                           0x08008b68   Data           8  qnan.o(.constdata)
    Region$$Table$$Base                      0x08008c6c   Number         0  anon$$obj.o(Region$$Table)
    Region$$Table$$Limit                     0x08008c8c   Number         0  anon$$obj.o(Region$$Table)
    page_switch_flag                         0x20000000   Data           4  main.o(.data)
    MyRTC_Time                               0x20000004   Data          24  myrtc.o(.data)
    csflag                                   0x2000003c   Data           4  menu.o(.data)
    setflag                                  0x20000040   Data           4  menu.o(.data)
    ledmode_flag                             0x20000044   Data           1  menu.o(.data)
    hour                                     0x20000048   Data           4  menu.o(.data)
    min                                      0x2000004c   Data           4  menu.o(.data)
    sec                                      0x20000050   Data           4  menu.o(.data)
    milisec                                  0x20000054   Data           4  menu.o(.data)
    timer_begin_flag                         0x20000058   Data           1  menu.o(.data)
    stopwatch_begin_flag                     0x20000059   Data           1  menu.o(.data)
    stopwatch_clear_flag                     0x2000005a   Data           1  menu.o(.data)
    counter_begin_flag                       0x2000005b   Data           1  menu.o(.data)
    timer_index                              0x2000005c   Data           4  menu.o(.data)
    sw_index                                 0x20000060   Data           4  menu.o(.data)
    clock_index                              0x20000064   Data           4  menu.o(.data)
    cm_index                                 0x20000068   Data           4  menu.o(.data)
    random_start_flag                        0x2000006c   Data           1  menu.o(.data)
    torch_index                              0x20000070   Data           4  menu.o(.data)
    ax                                       0x2000007a   Data           2  menu.o(.data)
    ay                                       0x2000007c   Data           2  menu.o(.data)
    az                                       0x2000007e   Data           2  menu.o(.data)
    gx                                       0x20000080   Data           2  menu.o(.data)
    gy                                       0x20000082   Data           2  menu.o(.data)
    gz                                       0x20000084   Data           2  menu.o(.data)
    roll_g                                   0x20000088   Data           4  menu.o(.data)
    pitch_g                                  0x2000008c   Data           4  menu.o(.data)
    yaw_g                                    0x20000090   Data           4  menu.o(.data)
    roll_a                                   0x20000094   Data           4  menu.o(.data)
    pitch_a                                  0x20000098   Data           4  menu.o(.data)
    roll                                     0x2000009c   Data           4  menu.o(.data)
    pitch                                    0x200000a0   Data           4  menu.o(.data)
    yaw                                      0x200000a4   Data           4  menu.o(.data)
    a                                        0x200000a8   Data           4  menu.o(.data)
    delta_t                                  0x200000ac   Data           4  menu.o(.data)
    pi                                       0x200000b0   Data           8  menu.o(.data)
    game_index                               0x200000b8   Data           4  menu.o(.data)
    menu_index                               0x200000bc   Data           4  menu.o(.data)
    prev_selection                           0x200000c0   Data           1  menu.o(.data)
    target_selection                         0x200000c1   Data           1  menu.o(.data)
    x_pre                                    0x200000c2   Data           1  menu.o(.data)
    speed_step                               0x200000c3   Data           1  menu.o(.data)
    move_flag                                0x200000c4   Data           1  menu.o(.data)
    Key_Num                                  0x20000100   Data           1  key.o(.data)
    double_click_flag                        0x20000101   Data           1  key.o(.data)
    runtime                                  0x20000102   Data           1  key.o(.data)
    ts_index                                 0x2000010c   Data           4  settime.o(.data)
    score                                    0x20000120   Data           4  game.o(.data)
    ground_pos                               0x20000124   Data           2  game.o(.data)
    barrier_pos                              0x20000126   Data           2  game.o(.data)
    cloud_pos                                0x20000128   Data           2  game.o(.data)
    dino_pos                                 0x2000012a   Data           2  game.o(.data)
    jump_pos                                 0x2000012c   Data           2  game.o(.data)
    jump_t                                   0x2000012e   Data           2  game.o(.data)
    barrier_index                            0x20000130   Data           1  game.o(.data)
    cloud_index                              0x20000131   Data           1  game.o(.data)
    dino_jump_flag                           0x20000132   Data           1  game.o(.data)
    Vbat                                     0x20000144   Data           4  battery.o(.data)
    battery_capacity                         0x20000148   Data           4  battery.o(.data)
    ad_value                                 0x2000014c   Data           2  battery.o(.data)
    OLED_DisplayBuf                          0x20000158   Data        1024  oled.o(.bss)
    __initial_sp                             0x20000988   Data           0  startup_stm32f10x_md.o(STACK)



==============================================================================

Memory Map of the image

  Image Entry point : 0x080000ed

  Load Region LR_IROM1 (Base: 0x08000000, Size: 0x00008de4, Max: 0x00010000, ABSOLUTE, COMPRESSED[0x00008cd0])

    Execution Region ER_IROM1 (Exec base: 0x08000000, Load base: 0x08000000, Size: 0x00008c8c, Max: 0x00010000, ABSOLUTE)

    Exec Addr    Load Addr    Size         Type   Attr      Idx    E Section Name        Object

    0x08000000   0x08000000   0x000000ec   Data   RO         4276    RESET               startup_stm32f10x_md.o
    0x080000ec   0x080000ec   0x00000000   Code   RO         4363  * .ARM.Collect$$$$00000000  mc_w.l(entry.o)
    0x080000ec   0x080000ec   0x00000004   Code   RO         4481    .ARM.Collect$$$$00000001  mc_w.l(entry2.o)
    0x080000f0   0x080000f0   0x00000004   Code   RO         4484    .ARM.Collect$$$$00000004  mc_w.l(entry5.o)
    0x080000f4   0x080000f4   0x00000000   Code   RO         4486    .ARM.Collect$$$$00000008  mc_w.l(entry7b.o)
    0x080000f4   0x080000f4   0x00000000   Code   RO         4488    .ARM.Collect$$$$0000000A  mc_w.l(entry8b.o)
    0x080000f4   0x080000f4   0x00000008   Code   RO         4489    .ARM.Collect$$$$0000000B  mc_w.l(entry9a.o)
    0x080000fc   0x080000fc   0x00000000   Code   RO         4491    .ARM.Collect$$$$0000000D  mc_w.l(entry10a.o)
    0x080000fc   0x080000fc   0x00000000   Code   RO         4493    .ARM.Collect$$$$0000000F  mc_w.l(entry11a.o)
    0x080000fc   0x080000fc   0x00000004   Code   RO         4482    .ARM.Collect$$$$00002712  mc_w.l(entry2.o)
    0x08000100   0x08000100   0x00000024   Code   RO         4277    .text               startup_stm32f10x_md.o
    0x08000124   0x08000124   0x00000024   Code   RO         4366    .text               mc_w.l(rand.o)
    0x08000148   0x08000148   0x000000a8   Code   RO         4373    .text               mc_w.l(mktime.o)
    0x080001f0   0x080001f0   0x00000024   Code   RO         4376    .text               mc_w.l(memcpya.o)
    0x08000214   0x08000214   0x0000001c   Code   RO         4378    .text               mc_w.l(strcmp.o)
    0x08000230   0x08000230   0x000000b0   Code   RO         4410    .text               mf_w.l(fadd.o)
    0x080002e0   0x080002e0   0x00000064   Code   RO         4412    .text               mf_w.l(fmul.o)
    0x08000344   0x08000344   0x0000014e   Code   RO         4414    .text               mf_w.l(dadd.o)
    0x08000492   0x08000492   0x000000e4   Code   RO         4416    .text               mf_w.l(dmul.o)
    0x08000576   0x08000576   0x000000de   Code   RO         4418    .text               mf_w.l(ddiv.o)
    0x08000654   0x08000654   0x00000012   Code   RO         4420    .text               mf_w.l(fflti.o)
    0x08000666   0x08000666   0x00000022   Code   RO         4422    .text               mf_w.l(dflti.o)
    0x08000688   0x08000688   0x0000001a   Code   RO         4424    .text               mf_w.l(dfltui.o)
    0x080006a2   0x080006a2   0x00000032   Code   RO         4426    .text               mf_w.l(ffixi.o)
    0x080006d4   0x080006d4   0x0000003e   Code   RO         4428    .text               mf_w.l(dfixi.o)
    0x08000712   0x08000712   0x00000032   Code   RO         4430    .text               mf_w.l(dfixui.o)
    0x08000744   0x08000744   0x00000026   Code   RO         4432    .text               mf_w.l(f2d.o)
    0x0800076a   0x0800076a   0x00000002   PAD
    0x0800076c   0x0800076c   0x00000030   Code   RO         4434    .text               mf_w.l(cdcmple.o)
    0x0800079c   0x0800079c   0x00000030   Code   RO         4436    .text               mf_w.l(cdrcmple.o)
    0x080007cc   0x080007cc   0x00000038   Code   RO         4438    .text               mf_w.l(d2f.o)
    0x08000804   0x08000804   0x00000014   Code   RO         4440    .text               mf_w.l(cfcmple.o)
    0x08000818   0x08000818   0x0000002c   Code   RO         4496    .text               mc_w.l(uidiv.o)
    0x08000844   0x08000844   0x00000062   Code   RO         4498    .text               mc_w.l(uldiv.o)
    0x080008a6   0x080008a6   0x0000001e   Code   RO         4500    .text               mc_w.l(llshl.o)
    0x080008c4   0x080008c4   0x00000020   Code   RO         4502    .text               mc_w.l(llushr.o)
    0x080008e4   0x080008e4   0x00000024   Code   RO         4504    .text               mc_w.l(llsshr.o)
    0x08000908   0x08000908   0x0000000c   Code   RO         4506    .text               mc_w.l(localtime_w.o)
    0x08000914   0x08000914   0x0000008c   Code   RO         4509    .text               mc_w.l(localtime_i.o)
    0x080009a0   0x080009a0   0x00000000   Code   RO         4519    .text               mc_w.l(iusefp.o)
    0x080009a0   0x080009a0   0x0000006e   Code   RO         4520    .text               mf_w.l(fepilogue.o)
    0x08000a0e   0x08000a0e   0x000000ba   Code   RO         4522    .text               mf_w.l(depilogue.o)
    0x08000ac8   0x08000ac8   0x00000030   Code   RO         4526    .text               mf_w.l(dfixul.o)
    0x08000af8   0x08000af8   0x00000024   Code   RO         4532    .text               mc_w.l(init.o)
    0x08000b1c   0x08000b1c   0x0000002e   Code   RO         4534    .text               mf_w.l(dscalb.o)
    0x08000b4a   0x08000b4a   0x00000056   Code   RO         4544    .text               mc_w.l(__dczerorl2.o)
    0x08000ba0   0x08000ba0   0x00000016   Code   RO         1283    i.ADC_Cmd           stm32f10x_adc.o
    0x08000bb6   0x08000bb6   0x00000014   Code   RO         1291    i.ADC_GetCalibrationStatus  stm32f10x_adc.o
    0x08000bca   0x08000bca   0x00000008   Code   RO         1292    i.ADC_GetConversionValue  stm32f10x_adc.o
    0x08000bd2   0x08000bd2   0x00000012   Code   RO         1294    i.ADC_GetFlagStatus  stm32f10x_adc.o
    0x08000be4   0x08000be4   0x00000014   Code   RO         1297    i.ADC_GetResetCalibrationStatus  stm32f10x_adc.o
    0x08000bf8   0x08000bf8   0x00000050   Code   RO         1301    i.ADC_Init          stm32f10x_adc.o
    0x08000c48   0x08000c48   0x000000b8   Code   RO         1305    i.ADC_RegularChannelConfig  stm32f10x_adc.o
    0x08000d00   0x08000d00   0x0000000a   Code   RO         1306    i.ADC_ResetCalibration  stm32f10x_adc.o
    0x08000d0a   0x08000d0a   0x00000016   Code   RO         1308    i.ADC_SoftwareStartConvCmd  stm32f10x_adc.o
    0x08000d20   0x08000d20   0x0000000a   Code   RO         1310    i.ADC_StartCalibration  stm32f10x_adc.o
    0x08000d2a   0x08000d2a   0x00000002   PAD
    0x08000d2c   0x08000d2c   0x00000024   Code   RO          331    i.AD_GetValue       ad.o
    0x08000d50   0x08000d50   0x000000a0   Code   RO          332    i.AD_Init           ad.o
    0x08000df0   0x08000df0   0x0000001c   Code   RO         1509    i.BKP_ReadBackupRegister  stm32f10x_bkp.o
    0x08000e0c   0x08000e0c   0x0000001c   Code   RO         1513    i.BKP_WriteBackupRegister  stm32f10x_bkp.o
    0x08000e28   0x08000e28   0x00000044   Code   RO         1214    i.Battery_Init      battery.o
    0x08000e6c   0x08000e6c   0x00000044   Code   RO          625    i.Blink_Led_Switch  menu.o
    0x08000eb0   0x08000eb0   0x0000005c   Code   RO          626    i.Breath_Led_Switch  menu.o
    0x08000f0c   0x08000f0c   0x00000004   Code   RO          137    i.BusFault_Handler  stm32f10x_it.o
    0x08000f10   0x08000f10   0x00000030   Code   RO          981    i.Change_RTC_Time   settime.o
    0x08000f40   0x08000f40   0x00000160   Code   RO          627    i.Counter_Machine   menu.o
    0x080010a0   0x080010a0   0x000001dc   Code   RO          628    i.Counter_Time_Set  menu.o
    0x0800127c   0x0800127c   0x00000140   Code   RO          629    i.Counter_Timer     menu.o
    0x080013bc   0x080013bc   0x000000d0   Code   RO          630    i.Counter_Timer_Handler  menu.o
    0x0800148c   0x0800148c   0x00000002   Code   RO          138    i.DebugMon_Handler  stm32f10x_it.o
    0x0800148e   0x0800148e   0x00000018   Code   RO          200    i.Delay_ms          delay.o
    0x080014a6   0x080014a6   0x00000018   Code   RO          201    i.Delay_s           delay.o
    0x080014be   0x080014be   0x0000002e   Code   RO          202    i.Delay_us          delay.o
    0x080014ec   0x080014ec   0x00000044   Code   RO         1152    i.DinoGame_Animation  game.o
    0x08001530   0x08001530   0x00000118   Code   RO         1153    i.DinoScore_Tick    game.o
    0x08001648   0x08001648   0x0000000c   Code   RO          254    i.DinoScore_Timer_Callback  timer.o
    0x08001654   0x08001654   0x0000002c   Code   RO          631    i.Dynamic_Emoji     menu.o
    0x08001680   0x08001680   0x00000130   Code   RO          632    i.Enter_Menu_Option  menu.o
    0x080017b0   0x080017b0   0x000000cc   Code   RO          633    i.First_Page_Clock  menu.o
    0x0800187c   0x0800187c   0x0000006c   Code   RO          634    i.Flash_Led_Switch  menu.o
    0x080018e8   0x080018e8   0x00000116   Code   RO         2425    i.GPIO_Init         stm32f10x_gpio.o
    0x080019fe   0x080019fe   0x00000012   Code   RO         2429    i.GPIO_ReadInputDataBit  stm32f10x_gpio.o
    0x08001a10   0x08001a10   0x00000004   Code   RO         2432    i.GPIO_ResetBits    stm32f10x_gpio.o
    0x08001a14   0x08001a14   0x00000004   Code   RO         2433    i.GPIO_SetBits      stm32f10x_gpio.o
    0x08001a18   0x08001a18   0x0000000a   Code   RO         2436    i.GPIO_WriteBit     stm32f10x_gpio.o
    0x08001a22   0x08001a22   0x00000002   PAD
    0x08001a24   0x08001a24   0x00000010   Code   RO         1154    i.Game_App_Init     game.o
    0x08001a34   0x08001a34   0x000000f0   Code   RO          635    i.Game_Select_Page  menu.o
    0x08001b24   0x08001b24   0x0000006c   Code   RO          636    i.Generate_Random_Number  menu.o
    0x08001b90   0x08001b90   0x00000034   Code   RO          637    i.Gradienter        menu.o
    0x08001bc4   0x08001bc4   0x00000004   Code   RO          139    i.HardFault_Handler  stm32f10x_it.o
    0x08001bc8   0x08001bc8   0x00000054   Code   RO         1155    i.Is_Colliding      game.o
    0x08001c1c   0x08001c1c   0x00000048   Code   RO          895    i.Key3_Tick         key.o
    0x08001c64   0x08001c64   0x00000020   Code   RO          896    i.Key_GetNum        key.o
    0x08001c84   0x08001c84   0x00000050   Code   RO          897    i.Key_Init          key.o
    0x08001cd4   0x08001cd4   0x000000ac   Code   RO          898    i.Key_State_Get     key.o
    0x08001d80   0x08001d80   0x00000050   Code   RO          899    i.Key_Tick          key.o
    0x08001dd0   0x08001dd0   0x00000010   Code   RO          933    i.LED1_OFF          led.o
    0x08001de0   0x08001de0   0x00000010   Code   RO          934    i.LED1_ON           led.o
    0x08001df0   0x08001df0   0x00000034   Code   RO          939    i.LED_Init          led.o
    0x08001e24   0x08001e24   0x00000084   Code   RO          638    i.LedMode_Switch_Timer_Handler  menu.o
    0x08001ea8   0x08001ea8   0x0000000c   Code   RO          255    i.Led_Timer_Callback  timer.o
    0x08001eb4   0x08001eb4   0x0000000a   Code   RO          639    i.Led_Torch_Off     menu.o
    0x08001ebe   0x08001ebe   0x0000000a   Code   RO          640    i.Led_Torch_On      menu.o
    0x08001ec8   0x08001ec8   0x00000044   Code   RO          641    i.MPU6050           menu.o
    0x08001f0c   0x08001f0c   0x000001dc   Code   RO          642    i.MPU6050_Calculation  menu.o
    0x080020e8   0x080020e8   0x000000ac   Code   RO         1044    i.MPU6050_GetData   mpu6050.o
    0x08002194   0x08002194   0x00000038   Code   RO         1046    i.MPU6050_Init      mpu6050.o
    0x080021cc   0x080021cc   0x0000003e   Code   RO         1047    i.MPU6050_ReadReg   mpu6050.o
    0x0800220a   0x0800220a   0x0000002e   Code   RO         1048    i.MPU6050_WriteReg  mpu6050.o
    0x08002238   0x08002238   0x00000004   Code   RO          140    i.MemManage_Handler  stm32f10x_it.o
    0x0800223c   0x0800223c   0x00000028   Code   RO          643    i.Menu_App_Init     menu.o
    0x08002264   0x08002264   0x00000090   Code   RO          644    i.Menu_To_Function  menu.o
    0x080022f4   0x080022f4   0x00000038   Code   RO         1086    i.MyI2C_Init        myi2c.o
    0x0800232c   0x0800232c   0x00000018   Code   RO         1087    i.MyI2C_R_SDA       myi2c.o
    0x08002344   0x08002344   0x0000001e   Code   RO         1088    i.MyI2C_ReceiveAck  myi2c.o
    0x08002362   0x08002362   0x00000032   Code   RO         1089    i.MyI2C_ReceiveByte  myi2c.o
    0x08002394   0x08002394   0x00000018   Code   RO         1090    i.MyI2C_SendAck     myi2c.o
    0x080023ac   0x080023ac   0x00000032   Code   RO         1091    i.MyI2C_SendByte    myi2c.o
    0x080023de   0x080023de   0x0000001c   Code   RO         1092    i.MyI2C_Start       myi2c.o
    0x080023fa   0x080023fa   0x00000016   Code   RO         1093    i.MyI2C_Stop        myi2c.o
    0x08002410   0x08002410   0x00000018   Code   RO         1094    i.MyI2C_W_SCL       myi2c.o
    0x08002428   0x08002428   0x00000018   Code   RO         1095    i.MyI2C_W_SDA       myi2c.o
    0x08002440   0x08002440   0x00000090   Code   RO          224    i.MyRTC_Init        myrtc.o
    0x080024d0   0x080024d0   0x00000048   Code   RO          225    i.MyRTC_ReadTime    myrtc.o
    0x08002518   0x08002518   0x0000004c   Code   RO          226    i.MyRTC_SetTime     myrtc.o
    0x08002564   0x08002564   0x00000002   Code   RO          141    i.NMI_Handler       stm32f10x_it.o
    0x08002566   0x08002566   0x00000002   PAD
    0x08002568   0x08002568   0x00000070   Code   RO         1238    i.NVIC_Init         misc.o
    0x080025d8   0x080025d8   0x00000014   Code   RO         1239    i.NVIC_PriorityGroupConfig  misc.o
    0x080025ec   0x080025ec   0x00000028   Code   RO          367    i.OLED_Clear        oled.o
    0x08002614   0x08002614   0x00000090   Code   RO          368    i.OLED_ClearArea    oled.o
    0x080026a4   0x080026a4   0x00000160   Code   RO          370    i.OLED_DrawCircle   oled.o
    0x08002804   0x08002804   0x0000032c   Code   RO          371    i.OLED_DrawEllipse  oled.o
    0x08002b30   0x08002b30   0x00000050   Code   RO          373    i.OLED_DrawPoint    oled.o
    0x08002b80   0x08002b80   0x00000060   Code   RO          376    i.OLED_GPIO_Init    oled.o
    0x08002be0   0x08002be0   0x0000003e   Code   RO          378    i.OLED_I2C_SendByte  oled.o
    0x08002c1e   0x08002c1e   0x0000001c   Code   RO          379    i.OLED_I2C_Start    oled.o
    0x08002c3a   0x08002c3a   0x00000016   Code   RO          380    i.OLED_I2C_Stop     oled.o
    0x08002c50   0x08002c50   0x0000009a   Code   RO          381    i.OLED_Init         oled.o
    0x08002cea   0x08002cea   0x00000014   Code   RO          383    i.OLED_Pow          oled.o
    0x08002cfe   0x08002cfe   0x00000032   Code   RO          384    i.OLED_Printf       oled.o
    0x08002d30   0x08002d30   0x00000090   Code   RO          386    i.OLED_ReverseArea  oled.o
    0x08002dc0   0x08002dc0   0x00000026   Code   RO          387    i.OLED_SetCursor    oled.o
    0x08002de6   0x08002de6   0x00000002   PAD
    0x08002de8   0x08002de8   0x00000078   Code   RO          389    i.OLED_ShowChar     oled.o
    0x08002e60   0x08002e60   0x000000fc   Code   RO          392    i.OLED_ShowImage    oled.o
    0x08002f5c   0x08002f5c   0x0000004c   Code   RO          393    i.OLED_ShowNum      oled.o
    0x08002fa8   0x08002fa8   0x00000110   Code   RO          395    i.OLED_ShowString   oled.o
    0x080030b8   0x080030b8   0x00000028   Code   RO          396    i.OLED_Update       oled.o
    0x080030e0   0x080030e0   0x00000018   Code   RO          398    i.OLED_W_SCL        oled.o
    0x080030f8   0x080030f8   0x00000018   Code   RO          399    i.OLED_W_SDA        oled.o
    0x08003110   0x08003110   0x00000020   Code   RO          400    i.OLED_WriteCommand  oled.o
    0x08003130   0x08003130   0x0000002e   Code   RO          401    i.OLED_WriteData    oled.o
    0x0800315e   0x0800315e   0x00000078   Code   RO          349    i.PWM_Init          pwm.o
    0x080031d6   0x080031d6   0x00000002   PAD
    0x080031d8   0x080031d8   0x0000000c   Code   RO         2788    i.PWR_BackupAccessCmd  stm32f10x_pwr.o
    0x080031e4   0x080031e4   0x00000002   Code   RO          142    i.PendSV_Handler    stm32f10x_it.o
    0x080031e6   0x080031e6   0x00000020   Code   RO          645    i.Peripheral_Init   menu.o
    0x08003206   0x08003206   0x00000010   Code   RO          350    i.Pwm_DutyCycle_Set  pwm.o
    0x08003216   0x08003216   0x00000002   PAD
    0x08003218   0x08003218   0x00000018   Code   RO         2851    i.RCC_ADCCLKConfig  stm32f10x_rcc.o
    0x08003230   0x08003230   0x00000020   Code   RO         2853    i.RCC_APB1PeriphClockCmd  stm32f10x_rcc.o
    0x08003250   0x08003250   0x00000020   Code   RO         2855    i.RCC_APB2PeriphClockCmd  stm32f10x_rcc.o
    0x08003270   0x08003270   0x0000003c   Code   RO         2864    i.RCC_GetFlagStatus  stm32f10x_rcc.o
    0x080032ac   0x080032ac   0x0000000c   Code   RO         2872    i.RCC_LSICmd        stm32f10x_rcc.o
    0x080032b8   0x080032b8   0x0000000c   Code   RO         2878    i.RCC_RTCCLKCmd     stm32f10x_rcc.o
    0x080032c4   0x080032c4   0x00000010   Code   RO         2879    i.RCC_RTCCLKConfig  stm32f10x_rcc.o
    0x080032d4   0x080032d4   0x00000014   Code   RO         3056    i.RTC_EnterConfigMode  stm32f10x_rtc.o
    0x080032e8   0x080032e8   0x00000014   Code   RO         3057    i.RTC_ExitConfigMode  stm32f10x_rtc.o
    0x080032fc   0x080032fc   0x00000014   Code   RO         3058    i.RTC_GetCounter    stm32f10x_rtc.o
    0x08003310   0x08003310   0x0000001c   Code   RO         3064    i.RTC_SetCounter    stm32f10x_rtc.o
    0x0800332c   0x0800332c   0x00000020   Code   RO         3065    i.RTC_SetPrescaler  stm32f10x_rtc.o
    0x0800334c   0x0800334c   0x00000014   Code   RO         3066    i.RTC_WaitForLastTask  stm32f10x_rtc.o
    0x08003360   0x08003360   0x00000024   Code   RO         3067    i.RTC_WaitForSynchro  stm32f10x_rtc.o
    0x08003384   0x08003384   0x00000002   Code   RO          143    i.SVC_Handler       stm32f10x_it.o
    0x08003386   0x08003386   0x00000008   Code   RO         4292    i.SetSysClock       system_stm32f10x.o
    0x0800338e   0x0800338e   0x00000002   PAD
    0x08003390   0x08003390   0x000000e0   Code   RO         4293    i.SetSysClockTo72   system_stm32f10x.o
    0x08003470   0x08003470   0x0000007c   Code   RO          982    i.Set_Day           settime.o
    0x080034ec   0x080034ec   0x0000007c   Code   RO          983    i.Set_Hour          settime.o
    0x08003568   0x08003568   0x0000007c   Code   RO          984    i.Set_Minute        settime.o
    0x080035e4   0x080035e4   0x0000007c   Code   RO          985    i.Set_Month         settime.o
    0x08003660   0x08003660   0x0000007c   Code   RO          986    i.Set_Second        settime.o
    0x080036dc   0x080036dc   0x00000024   Code   RO          646    i.Set_Selection     menu.o
    0x08003700   0x08003700   0x0000005c   Code   RO          987    i.Set_Year          settime.o
    0x0800375c   0x0800375c   0x0000015c   Code   RO          647    i.Setting_Page_Info  menu.o
    0x080038b8   0x080038b8   0x00000074   Code   RO         1156    i.Show_Barrier      game.o
    0x0800392c   0x0800392c   0x00000120   Code   RO         1215    i.Show_Battery_UI   battery.o
    0x08003a4c   0x08003a4c   0x00000090   Code   RO          648    i.Show_Clock_UI     menu.o
    0x08003adc   0x08003adc   0x0000004c   Code   RO         1157    i.Show_Cloud        game.o
    0x08003b28   0x08003b28   0x00000078   Code   RO          649    i.Show_Counter_UI   menu.o
    0x08003ba0   0x08003ba0   0x00000104   Code   RO         1158    i.Show_Dinosaur     game.o
    0x08003ca4   0x08003ca4   0x00000104   Code   RO          650    i.Show_Emoji_UI     menu.o
    0x08003da8   0x08003da8   0x00000058   Code   RO          651    i.Show_Game_UI      menu.o
    0x08003e00   0x08003e00   0x00000050   Code   RO          652    i.Show_Gradienter_UI  menu.o
    0x08003e50   0x08003e50   0x0000007c   Code   RO         1159    i.Show_Ground       game.o
    0x08003ecc   0x08003ecc   0x00000090   Code   RO          653    i.Show_MPU6050_UI   menu.o
    0x08003f5c   0x08003f5c   0x0000014c   Code   RO          654    i.Show_Menu_Animation  menu.o
    0x080040a8   0x080040a8   0x0000001c   Code   RO         1160    i.Show_Score        game.o
    0x080040c4   0x080040c4   0x00000080   Code   RO          988    i.Show_SetTime_FirstUI  settime.o
    0x08004144   0x08004144   0x00000080   Code   RO          989    i.Show_SetTime_SecondUI  settime.o
    0x080041c4   0x080041c4   0x00000078   Code   RO          655    i.Show_Setting_UI   menu.o
    0x0800423c   0x0800423c   0x0000001c   Code   RO          656    i.Show_Setting_UI2  menu.o
    0x08004258   0x08004258   0x00000080   Code   RO          657    i.Show_StopWatch_UI  menu.o
    0x080042d8   0x080042d8   0x00000054   Code   RO          658    i.Show_Timer_Choice  menu.o
    0x0800432c   0x0800432c   0x00000030   Code   RO          659    i.Show_Timer_Choice_P2  menu.o
    0x0800435c   0x0800435c   0x000000a4   Code   RO          660    i.Show_Timer_UI     menu.o
    0x08004400   0x08004400   0x0000004c   Code   RO          661    i.Show_Torch_UI     menu.o
    0x0800444c   0x0800444c   0x00000100   Code   RO          662    i.StopWatch         menu.o
    0x0800454c   0x0800454c   0x000000a8   Code   RO          663    i.StopWatch_Timer_Handler  menu.o
    0x080045f4   0x080045f4   0x00000002   Code   RO          144    i.SysTick_Handler   stm32f10x_it.o
    0x080045f6   0x080045f6   0x00000002   PAD
    0x080045f8   0x080045f8   0x00000060   Code   RO         4295    i.SystemInit        system_stm32f10x.o
    0x08004658   0x08004658   0x00000064   Code   RO          257    i.TIM3_IRQHandler   timer.o
    0x080046bc   0x080046bc   0x00000006   Code   RO         3493    i.TIM_ClearFlag     stm32f10x_tim.o
    0x080046c2   0x080046c2   0x00000006   Code   RO         3494    i.TIM_ClearITPendingBit  stm32f10x_tim.o
    0x080046c8   0x080046c8   0x00000018   Code   RO         3499    i.TIM_Cmd           stm32f10x_tim.o
    0x080046e0   0x080046e0   0x00000022   Code   RO         3520    i.TIM_GetITStatus   stm32f10x_tim.o
    0x08004702   0x08004702   0x00000012   Code   RO         3524    i.TIM_ITConfig      stm32f10x_tim.o
    0x08004714   0x08004714   0x0000000c   Code   RO         3526    i.TIM_InternalClockConfig  stm32f10x_tim.o
    0x08004720   0x08004720   0x000000a4   Code   RO         3533    i.TIM_OC2Init       stm32f10x_tim.o
    0x080047c4   0x080047c4   0x00000014   Code   RO         3546    i.TIM_OCStructInit  stm32f10x_tim.o
    0x080047d8   0x080047d8   0x00000004   Code   RO         3561    i.TIM_SetCompare2   stm32f10x_tim.o
    0x080047dc   0x080047dc   0x000000a4   Code   RO         3570    i.TIM_TimeBaseInit  stm32f10x_tim.o
    0x08004880   0x08004880   0x000001a8   Code   RO          990    i.Time_Setting_Page  settime.o
    0x08004a28   0x08004a28   0x0000007c   Code   RO          258    i.Timer_Init        timer.o
    0x08004aa4   0x08004aa4   0x00000140   Code   RO          664    i.Timer_Page_Select  menu.o
    0x08004be4   0x08004be4   0x0000001c   Code   RO          259    i.Timer_Timer_Callback  timer.o
    0x08004c00   0x08004c00   0x0000009c   Code   RO          665    i.Timer_Timer_handler  menu.o
    0x08004c9c   0x08004c9c   0x00000128   Code   RO          666    i.Torch             menu.o
    0x08004dc4   0x08004dc4   0x00000004   Code   RO          145    i.UsageFault_Handler  stm32f10x_it.o
    0x08004dc8   0x08004dc8   0x00000024   Code   RO         4389    i.__0vsprintf       mc_w.l(printfa.o)
    0x08004dec   0x08004dec   0x00000028   Code   RO         4528    i.__ARM_fpclassify  m_ws.l(fpclassify.o)
    0x08004e14   0x08004e14   0x00000388   Code   RO         4470    i.__ieee754_rem_pio2  m_ws.l(rred.o)
    0x0800519c   0x0800519c   0x000000fc   Code   RO         4452    i.__kernel_cos      m_ws.l(cos_i.o)
    0x08005298   0x08005298   0x000000aa   Code   RO         4530    i.__kernel_poly     m_ws.l(poly.o)
    0x08005342   0x08005342   0x00000002   PAD
    0x08005344   0x08005344   0x000000ec   Code   RO         4475    i.__kernel_sin      m_ws.l(sin_i.o)
    0x08005430   0x08005430   0x00000006   Code   RO         4456    i.__mathlib_dbl_infnan  m_ws.l(dunder.o)
    0x08005436   0x08005436   0x00000004   Code   RO         4457    i.__mathlib_dbl_infnan2  m_ws.l(dunder.o)
    0x0800543a   0x0800543a   0x0000000c   Code   RO         4458    i.__mathlib_dbl_invalid  m_ws.l(dunder.o)
    0x08005446   0x08005446   0x00000002   PAD
    0x08005448   0x08005448   0x00000010   Code   RO         4461    i.__mathlib_dbl_underflow  m_ws.l(dunder.o)
    0x08005458   0x08005458   0x0000000e   Code   RO         4538    i.__scatterload_copy  mc_w.l(handlers.o)
    0x08005466   0x08005466   0x00000002   Code   RO         4539    i.__scatterload_null  mc_w.l(handlers.o)
    0x08005468   0x08005468   0x0000000e   Code   RO         4540    i.__scatterload_zeroinit  mc_w.l(handlers.o)
    0x08005476   0x08005476   0x00000002   PAD
    0x08005478   0x08005478   0x0000000c   Code   RO         4514    i.__set_errno       mc_w.l(errno.o)
    0x08005484   0x08005484   0x00000184   Code   RO         4390    i._fp_digits        mc_w.l(printfa.o)
    0x08005608   0x08005608   0x000006dc   Code   RO         4391    i._printf_core      mc_w.l(printfa.o)
    0x08005ce4   0x08005ce4   0x00000024   Code   RO         4392    i._printf_post_padding  mc_w.l(printfa.o)
    0x08005d08   0x08005d08   0x0000002e   Code   RO         4393    i._printf_pre_padding  mc_w.l(printfa.o)
    0x08005d36   0x08005d36   0x0000000a   Code   RO         4395    i._sputc            mc_w.l(printfa.o)
    0x08005d40   0x08005d40   0x00000220   Code   RO         4443    i.atan              m_ws.l(atan.o)
    0x08005f60   0x08005f60   0x00000180   Code   RO         4346    i.atan2             m_ws.l(atan2.o)
    0x080060e0   0x080060e0   0x0000002c   Code   RO         1161    i.dinosaur_game_init  game.o
    0x0800610c   0x0800610c   0x0000003c   Code   RO            1    i.main              main.o
    0x08006148   0x08006148   0x000000a0   Code   RO         4356    i.sin               m_ws.l(sin.o)
    0x080061e8   0x080061e8   0x000028ab   Data   RO          613    .constdata          oled_data.o
    0x08008a93   0x08008a93   0x0000000c   Data   RO         4374    .constdata          mc_w.l(mktime.o)
    0x08008a9f   0x08008a9f   0x00000001   PAD
    0x08008aa0   0x08008aa0   0x00000098   Data   RO         4444    .constdata          m_ws.l(atan.o)
    0x08008b38   0x08008b38   0x00000030   Data   RO         4453    .constdata          m_ws.l(cos_i.o)
    0x08008b68   0x08008b68   0x00000008   Data   RO         4469    .constdata          m_ws.l(qnan.o)
    0x08008b70   0x08008b70   0x000000c8   Data   RO         4472    .constdata          m_ws.l(rred.o)
    0x08008c38   0x08008c38   0x00000028   Data   RO         4476    .constdata          m_ws.l(sin_i.o)
    0x08008c60   0x08008c60   0x0000000c   Data   RO         4510    .constdata          mc_w.l(localtime_i.o)
    0x08008c6c   0x08008c6c   0x00000020   Data   RO         4536    Region$$Table       anon$$obj.o


    Execution Region RW_IRAM1 (Exec base: 0x20000000, Load base: 0x08008c8c, Size: 0x00000988, Max: 0x00005000, ABSOLUTE, COMPRESSED[0x00000044])

    Exec Addr    Load Addr    Size         Type   Attr      Idx    E Section Name        Object

    0x20000000   COMPRESSED   0x00000004   Data   RW            2    .data               main.o
    0x20000004   COMPRESSED   0x00000018   Data   RW          227    .data               myrtc.o
    0x2000001c   COMPRESSED   0x00000018   Data   RW          260    .data               timer.o
    0x20000034   COMPRESSED   0x00000004   PAD
    0x20000038   COMPRESSED   0x00000098   Data   RW          668    .data               menu.o
    0x200000d0   COMPRESSED   0x00000036   Data   RW          900    .data               key.o
    0x20000106   COMPRESSED   0x00000002   PAD
    0x20000108   COMPRESSED   0x00000008   Data   RW          991    .data               settime.o
    0x20000110   COMPRESSED   0x00000032   Data   RW         1162    .data               game.o
    0x20000142   COMPRESSED   0x00000002   PAD
    0x20000144   COMPRESSED   0x0000000a   Data   RW         1216    .data               battery.o
    0x2000014e   COMPRESSED   0x00000002   PAD
    0x20000150   COMPRESSED   0x00000004   Data   RW         4367    .data               mc_w.l(rand.o)
    0x20000154   COMPRESSED   0x00000004   Data   RW         4515    .data               mc_w.l(errno.o)
    0x20000158        -       0x00000400   Zero   RW          403    .bss                oled.o
    0x20000558        -       0x0000002c   Zero   RW         4507    .bss                mc_w.l(localtime_w.o)
    0x20000584   COMPRESSED   0x00000004   PAD
    0x20000588        -       0x00000400   Zero   RW         4274    STACK               startup_stm32f10x_md.o


==============================================================================

Image component sizes


      Code (inc. data)   RO Data    RW Data    ZI Data      Debug   Object Name

       196         14          0          0          0       1000   ad.o
       356         18          0         10          0       1410   battery.o
        94          0          0          0          0       1356   delay.o
      1096        186          0         50          0       5905   game.o
       436         40          0         54          0       3207   key.o
        84         14          0          0          0       1256   led.o
        60          6          0          4          0     246110   main.o
      6884        960          0        152          0      25968   menu.o
       132         22          0          0          0       3003   misc.o
       336          0          0          0          0       2686   mpu6050.o
       332         24          0          0          0       4694   myi2c.o
       292         10          0         24          0       2967   myrtc.o
      2928         68          0          0       1024      15180   oled.o
         0          0      10411          0          0       1872   oled_data.o
       136          0          0          0          0       1027   pwm.o
      1440        146          0          8          0       5239   settime.o
        36          8        236          0       1024        800   startup_stm32f10x_md.o
       394         10          0          0          0      16453   stm32f10x_adc.o
        56         10          0          0          0       2043   stm32f10x_bkp.o
       314          0          0          0          0      12228   stm32f10x_gpio.o
        26          0          0          0          0       3602   stm32f10x_it.o
        12          6          0          0          0        462   stm32f10x_pwr.o
       188         38          0          0          0       3521   stm32f10x_rcc.o
       176         34          0          0          0       3171   stm32f10x_rtc.o
       452         52          0          0          0      26107   stm32f10x_tim.o
       328         28          0          0          0       1765   system_stm32f10x.o
       276         58          0         24          0       3106   timer.o

    ----------------------------------------------------------------------
     17076       1752      10679        336       2048     396138   Object Totals
         0          0         32          0          0          0   (incl. Generated)
        16          0          0         10          0          0   (incl. Padding)

    ----------------------------------------------------------------------

      Code (inc. data)   RO Data    RW Data    ZI Data      Debug   Library Member Name

       544         70        152          0          0        124   atan.o
       384         38          0          0          0        144   atan2.o
       252         22         48          0          0        124   cos_i.o
        38          6          0          0          0        272   dunder.o
        40          0          0          0          0         68   fpclassify.o
       170          0          0          0          0         96   poly.o
         0          0          8          0          0          0   qnan.o
       904         76        200          0          0        140   rred.o
       160         10          0          0          0        108   sin.o
       236         12         40          0          0        128   sin_i.o
        86          0          0          0          0          0   __dczerorl2.o
         0          0          0          0          0          0   entry.o
         0          0          0          0          0          0   entry10a.o
         0          0          0          0          0          0   entry11a.o
         8          4          0          0          0          0   entry2.o
         4          0          0          0          0          0   entry5.o
         0          0          0          0          0          0   entry7b.o
         0          0          0          0          0          0   entry8b.o
         8          4          0          0          0          0   entry9a.o
        12          6          0          4          0         68   errno.o
        30          0          0          0          0          0   handlers.o
        36          8          0          0          0         68   init.o
         0          0          0          0          0          0   iusefp.o
        30          0          0          0          0         68   llshl.o
        36          0          0          0          0         68   llsshr.o
        32          0          0          0          0         68   llushr.o
       140          6         12          0          0         76   localtime_i.o
        12          6          0          0         44         68   localtime_w.o
        36          0          0          0          0         68   memcpya.o
       168         18         12          0          0         80   mktime.o
      2272         86          0          0          0        516   printfa.o
        36         10          0          4          0        136   rand.o
        28          0          0          0          0         76   strcmp.o
        44          0          0          0          0         80   uidiv.o
        98          0          0          0          0         92   uldiv.o
        48          0          0          0          0         68   cdcmple.o
        48          0          0          0          0         68   cdrcmple.o
        20          0          0          0          0         68   cfcmple.o
        56          0          0          0          0         88   d2f.o
       334          0          0          0          0        148   dadd.o
       222          0          0          0          0        100   ddiv.o
       186          0          0          0          0        176   depilogue.o
        62          0          0          0          0         80   dfixi.o
        50          0          0          0          0         76   dfixui.o
        48          0          0          0          0         68   dfixul.o
        34          0          0          0          0         76   dflti.o
        26          0          0          0          0         76   dfltui.o
       228          0          0          0          0         96   dmul.o
        46          0          0          0          0         80   dscalb.o
        38          0          0          0          0         68   f2d.o
       176          0          0          0          0        140   fadd.o
       110          0          0          0          0        168   fepilogue.o
        50          0          0          0          0         68   ffixi.o
        18          0          0          0          0         68   fflti.o
       100          0          0          0          0         76   fmul.o

    ----------------------------------------------------------------------
      7752        382        473          8         48       4592   Library Totals
         8          0          1          0          4          0   (incl. Padding)

    ----------------------------------------------------------------------

      Code (inc. data)   RO Data    RW Data    ZI Data      Debug   Library Name

      2728        234        448          0          0       1204   m_ws.l
      3116        148         24          8         44       1532   mc_w.l
      1900          0          0          0          0       1856   mf_w.l

    ----------------------------------------------------------------------
      7752        382        473          8         48       4592   Library Totals

    ----------------------------------------------------------------------

==============================================================================


      Code (inc. data)   RO Data    RW Data    ZI Data      Debug   

     24828       2134      11152        344       2096     389262   Grand Totals
     24828       2134      11152         68       2096     389262   ELF Image Totals (compressed)
     24828       2134      11152         68          0          0   ROM Totals

==============================================================================

    Total RO  Size (Code + RO Data)                35980 (  35.14kB)
    Total RW  Size (RW Data + ZI Data)              2440 (   2.38kB)
    Total ROM Size (Code + RO Data + RW Data)      36048 (  35.20kB)

==============================================================================

