Component: ARM Compiler 5.06 update 6 (build 750) Tool: armlink [4d35ed]

==============================================================================

Section Cross References

    main.o(i.main) refers to oled.o(i.OLED_Init) for OLED_Init
    main.o(i.main) refers to oled.o(i.OLED_Clear) for OLED_Clear
    main.o(i.main) refers to menu.o(i.Peripheral_Init) for Peripheral_Init
    main.o(i.main) refers to menu.o(i.Menu_App_Init) for Menu_App_Init
    main.o(i.main) refers to menu.o(i.First_Page_Clock) for First_Page_Clock
    main.o(i.main) refers to menu.o(i.Enter_Menu_Option) for Enter_Menu_Option
    main.o(i.main) refers to menu.o(i.Setting_Page_Info) for Setting_Page_Info
    main.o(i.main) refers to main.o(.data) for page_switch_flag
    delay.o(i.Delay_ms) refers to delay.o(i.Delay_us) for Delay_us
    delay.o(i.Delay_s) refers to delay.o(i.Delay_ms) for Delay_ms
    myrtc.o(i.MyRTC_Init) refers to stm32f10x_rcc.o(i.RCC_APB1PeriphClockCmd) for RCC_APB1PeriphClockCmd
    myrtc.o(i.MyRTC_Init) refers to stm32f10x_pwr.o(i.PWR_BackupAccessCmd) for PWR_BackupAccessCmd
    myrtc.o(i.MyRTC_Init) refers to stm32f10x_bkp.o(i.BKP_ReadBackupRegister) for BKP_ReadBackupRegister
    myrtc.o(i.MyRTC_Init) refers to stm32f10x_rcc.o(i.RCC_LSICmd) for RCC_LSICmd
    myrtc.o(i.MyRTC_Init) refers to stm32f10x_rcc.o(i.RCC_GetFlagStatus) for RCC_GetFlagStatus
    myrtc.o(i.MyRTC_Init) refers to stm32f10x_rcc.o(i.RCC_RTCCLKConfig) for RCC_RTCCLKConfig
    myrtc.o(i.MyRTC_Init) refers to stm32f10x_rcc.o(i.RCC_RTCCLKCmd) for RCC_RTCCLKCmd
    myrtc.o(i.MyRTC_Init) refers to stm32f10x_rtc.o(i.RTC_WaitForSynchro) for RTC_WaitForSynchro
    myrtc.o(i.MyRTC_Init) refers to stm32f10x_rtc.o(i.RTC_WaitForLastTask) for RTC_WaitForLastTask
    myrtc.o(i.MyRTC_Init) refers to stm32f10x_rtc.o(i.RTC_SetPrescaler) for RTC_SetPrescaler
    myrtc.o(i.MyRTC_Init) refers to myrtc.o(i.MyRTC_SetTime) for MyRTC_SetTime
    myrtc.o(i.MyRTC_Init) refers to stm32f10x_bkp.o(i.BKP_WriteBackupRegister) for BKP_WriteBackupRegister
    myrtc.o(i.MyRTC_ReadTime) refers to stm32f10x_rtc.o(i.RTC_GetCounter) for RTC_GetCounter
    myrtc.o(i.MyRTC_ReadTime) refers to localtime_w.o(.text) for localtime
    myrtc.o(i.MyRTC_ReadTime) refers to memcpya.o(.text) for __aeabi_memcpy4
    myrtc.o(i.MyRTC_ReadTime) refers to myrtc.o(.data) for MyRTC_Time
    myrtc.o(i.MyRTC_SetTime) refers to mktime.o(.text) for mktime
    myrtc.o(i.MyRTC_SetTime) refers to stm32f10x_rtc.o(i.RTC_SetCounter) for RTC_SetCounter
    myrtc.o(i.MyRTC_SetTime) refers to stm32f10x_rtc.o(i.RTC_WaitForLastTask) for RTC_WaitForLastTask
    myrtc.o(i.MyRTC_SetTime) refers to myrtc.o(.data) for MyRTC_Time
    timer.o(i.DinoScore_Timer_Callback) refers to timer.o(.data) for p_dinoScore_timer_handler
    timer.o(i.Run_Time_Get) refers to timer.o(.data) for m_run_time
    timer.o(i.StopWatch_Timer_Callback) refers to timer.o(.data) for p_stopwatch_timer_handler
    timer.o(i.TIM2_IRQHandler) refers to stm32f10x_tim.o(i.TIM_GetITStatus) for TIM_GetITStatus
    timer.o(i.TIM2_IRQHandler) refers to key.o(i.Key_Tick) for Key_Tick
    timer.o(i.TIM2_IRQHandler) refers to key.o(i.Key3_Tick) for Key3_Tick
    timer.o(i.TIM2_IRQHandler) refers to stm32f10x_tim.o(i.TIM_ClearITPendingBit) for TIM_ClearITPendingBit
    timer.o(i.TIM2_IRQHandler) refers to timer.o(.data) for m_run_time
    timer.o(i.Timer_Init) refers to stm32f10x_rcc.o(i.RCC_APB1PeriphClockCmd) for RCC_APB1PeriphClockCmd
    timer.o(i.Timer_Init) refers to stm32f10x_tim.o(i.TIM_InternalClockConfig) for TIM_InternalClockConfig
    timer.o(i.Timer_Init) refers to stm32f10x_tim.o(i.TIM_TimeBaseInit) for TIM_TimeBaseInit
    timer.o(i.Timer_Init) refers to stm32f10x_tim.o(i.TIM_ClearFlag) for TIM_ClearFlag
    timer.o(i.Timer_Init) refers to stm32f10x_tim.o(i.TIM_ITConfig) for TIM_ITConfig
    timer.o(i.Timer_Init) refers to misc.o(i.NVIC_PriorityGroupConfig) for NVIC_PriorityGroupConfig
    timer.o(i.Timer_Init) refers to misc.o(i.NVIC_Init) for NVIC_Init
    timer.o(i.Timer_Init) refers to stm32f10x_tim.o(i.TIM_Cmd) for TIM_Cmd
    timer.o(i.Timer_Timer_Callback) refers to timer.o(.data) for p_timer_timer_handler
    uart_drv.o(i.fputc) refers to stm32f10x_usart.o(i.USART_SendData) for USART_SendData
    uart_drv.o(i.fputc) refers to stm32f10x_usart.o(i.USART_GetFlagStatus) for USART_GetFlagStatus
    uart_drv.o(i.fputc) refers to uart_drv.o(.data) for m_uart_info
    uart_drv.o(i.uart_drv_init) refers to uart_drv.o(i.uart_gpio_init) for uart_gpio_init
    uart_drv.o(i.uart_drv_init) refers to uart_drv.o(i.uart_init) for uart_init
    uart_drv.o(i.uart_gpio_init) refers to stm32f10x_rcc.o(i.RCC_APB2PeriphClockCmd) for RCC_APB2PeriphClockCmd
    uart_drv.o(i.uart_gpio_init) refers to stm32f10x_gpio.o(i.GPIO_Init) for GPIO_Init
    uart_drv.o(i.uart_gpio_init) refers to uart_drv.o(.data) for m_uart_info
    uart_drv.o(i.uart_init) refers to stm32f10x_rcc.o(i.RCC_APB2PeriphClockCmd) for RCC_APB2PeriphClockCmd
[...]
    i.LED_Init                               0x08001ce4   Section        0  led.o(i.LED_Init)
    i.MPU6050                                0x08001d18   Section        0  menu.o(i.MPU6050)
    i.MPU6050_Calculation                    0x08001d5c   Section        0  menu.o(i.MPU6050_Calculation)
    MPU6050_Calculation                      0x08001d5d   Thumb Code   402  menu.o(i.MPU6050_Calculation)
    i.MPU6050_GetData                        0x08001f38   Section        0  mpu6050.o(i.MPU6050_GetData)
    i.MPU6050_Init                           0x08001fe4   Section        0  mpu6050.o(i.MPU6050_Init)
    i.MPU6050_ReadReg                        0x0800201c   Section        0  mpu6050.o(i.MPU6050_ReadReg)
    i.MPU6050_WriteReg                       0x0800205a   Section        0  mpu6050.o(i.MPU6050_WriteReg)
    i.MemManage_Handler                      0x08002088   Section        0  stm32f10x_it.o(i.MemManage_Handler)
    i.Menu_App_Init                          0x0800208c   Section        0  menu.o(i.Menu_App_Init)
    i.Menu_To_Function                       0x080020b0   Section        0  menu.o(i.Menu_To_Function)
    Menu_To_Function                         0x080020b1   Thumb Code   132  menu.o(i.Menu_To_Function)
    i.MyI2C_Init                             0x08002140   Section        0  myi2c.o(i.MyI2C_Init)
    i.MyI2C_R_SDA                            0x08002178   Section        0  myi2c.o(i.MyI2C_R_SDA)
    i.MyI2C_ReceiveAck                       0x08002190   Section        0  myi2c.o(i.MyI2C_ReceiveAck)
    i.MyI2C_ReceiveByte                      0x080021ae   Section        0  myi2c.o(i.MyI2C_ReceiveByte)
    i.MyI2C_SendAck                          0x080021e0   Section        0  myi2c.o(i.MyI2C_SendAck)
    i.MyI2C_SendByte                         0x080021f8   Section        0  myi2c.o(i.MyI2C_SendByte)
    i.MyI2C_Start                            0x0800222a   Section        0  myi2c.o(i.MyI2C_Start)
    i.MyI2C_Stop                             0x08002246   Section        0  myi2c.o(i.MyI2C_Stop)
    i.MyI2C_W_SCL                            0x0800225c   Section        0  myi2c.o(i.MyI2C_W_SCL)
    i.MyI2C_W_SDA                            0x08002274   Section        0  myi2c.o(i.MyI2C_W_SDA)
    i.MyRTC_Init                             0x0800228c   Section        0  myrtc.o(i.MyRTC_Init)
    i.MyRTC_ReadTime                         0x0800231c   Section        0  myrtc.o(i.MyRTC_ReadTime)
    i.MyRTC_SetTime                          0x08002364   Section        0  myrtc.o(i.MyRTC_SetTime)
    i.NMI_Handler                            0x080023b0   Section        0  stm32f10x_it.o(i.NMI_Handler)
    i.NVIC_Init                              0x080023b4   Section        0  misc.o(i.NVIC_Init)
    i.NVIC_PriorityGroupConfig               0x08002424   Section        0  misc.o(i.NVIC_PriorityGroupConfig)
    i.OLED_Clear                             0x08002438   Section        0  oled.o(i.OLED_Clear)
    i.OLED_ClearArea                         0x08002460   Section        0  oled.o(i.OLED_ClearArea)
    i.OLED_DrawCircle                        0x080024f0   Section        0  oled.o(i.OLED_DrawCircle)
    i.OLED_DrawEllipse                       0x08002650   Section        0  oled.o(i.OLED_DrawEllipse)
    i.OLED_DrawPoint                         0x0800297c   Section        0  oled.o(i.OLED_DrawPoint)
    i.OLED_GPIO_Init                         0x080029cc   Section        0  oled.o(i.OLED_GPIO_Init)
    i.OLED_I2C_SendByte                      0x08002a2c   Section        0  oled.o(i.OLED_I2C_SendByte)
    i.OLED_I2C_Start                         0x08002a6a   Section        0  oled.o(i.OLED_I2C_Start)
    i.OLED_I2C_Stop                          0x08002a86   Section        0  oled.o(i.OLED_I2C_Stop)
    i.OLED_Init                              0x08002a9c   Section        0  oled.o(i.OLED_Init)
    i.OLED_Pow                               0x08002b36   Section        0  oled.o(i.OLED_Pow)
    i.OLED_Printf                            0x08002b4a   Section        0  oled.o(i.OLED_Printf)
    i.OLED_ReverseArea                       0x08002b7c   Section        0  oled.o(i.OLED_ReverseArea)
    i.OLED_SetCursor                         0x08002c0c   Section        0  oled.o(i.OLED_SetCursor)
    i.OLED_ShowChar                          0x08002c34   Section        0  oled.o(i.OLED_ShowChar)
    i.OLED_ShowImage                         0x08002cac   Section        0  oled.o(i.OLED_ShowImage)
    i.OLED_ShowNum                           0x08002da8   Section        0  oled.o(i.OLED_ShowNum)
    i.OLED_ShowString                        0x08002df4   Section        0  oled.o(i.OLED_ShowString)
    i.OLED_Update                            0x08002f04   Section        0  oled.o(i.OLED_Update)
    i.OLED_W_SCL                             0x08002f2c   Section        0  oled.o(i.OLED_W_SCL)
    i.OLED_W_SDA                             0x08002f44   Section        0  oled.o(i.OLED_W_SDA)
    i.OLED_WriteCommand                      0x08002f5c   Section        0  oled.o(i.OLED_WriteCommand)
    i.OLED_WriteData                         0x08002f7c   Section        0  oled.o(i.OLED_WriteData)
    i.PWR_BackupAccessCmd                    0x08002fac   Section        0  stm32f10x_pwr.o(i.PWR_BackupAccessCmd)
    i.PendSV_Handler                         0x08002fb8   Section        0  stm32f10x_it.o(i.PendSV_Handler)
    i.Peripheral_Init                        0x08002fba   Section        0  menu.o(i.Peripheral_Init)
    i.RCC_ADCCLKConfig                       0x08002fd8   Section        0  stm32f10x_rcc.o(i.RCC_ADCCLKConfig)
    i.RCC_APB1PeriphClockCmd                 0x08002ff0   Section        0  stm32f10x_rcc.o(i.RCC_APB1PeriphClockCmd)
    i.RCC_APB2PeriphClockCmd                 0x08003010   Section        0  stm32f10x_rcc.o(i.RCC_APB2PeriphClockCmd)
    i.RCC_GetFlagStatus                      0x08003030   Section        0  stm32f10x_rcc.o(i.RCC_GetFlagStatus)
    i.RCC_LSICmd                             0x0800306c   Section        0  stm32f10x_rcc.o(i.RCC_LSICmd)
    i.RCC_RTCCLKCmd                          0x08003078   Section        0  stm32f10x_rcc.o(i.RCC_RTCCLKCmd)
    i.RCC_RTCCLKConfig                       0x08003084   Section        0  stm32f10x_rcc.o(i.RCC_RTCCLKConfig)
    i.RTC_EnterConfigMode                    0x08003094   Section        0  stm32f10x_rtc.o(i.RTC_EnterConfigMode)
    i.RTC_ExitConfigMode                     0x080030a8   Section        0  stm32f10x_rtc.o(i.RTC_ExitConfigMode)
    i.RTC_GetCounter                         0x080030bc   Section        0  stm32f10x_rtc.o(i.RTC_GetCounter)
    i.RTC_SetCounter                         0x080030d0   Section        0  stm32f10x_rtc.o(i.RTC_SetCounter)
    i.RTC_SetPrescaler                       0x080030ec   Section        0  stm32f10x_rtc.o(i.RTC_SetPrescaler)
    i.RTC_WaitForLastTask                    0x0800310c   Section        0  stm32f10x_rtc.o(i.RTC_WaitForLastTask)
    i.RTC_WaitForSynchro                     0x08003120   Section        0  stm32f10x_rtc.o(i.RTC_WaitForSynchro)
    i.SVC_Handler                            0x08003144   Section        0  stm32f10x_it.o(i.SVC_Handler)
    i.SetSysClock                            0x08003146   Section        0  system_stm32f10x.o(i.SetSysClock)
    SetSysClock                              0x08003147   Thumb Code     8  system_stm32f10x.o(i.SetSysClock)
    i.SetSysClockTo72                        0x08003150   Section        0  system_stm32f10x.o(i.SetSysClockTo72)
    SetSysClockTo72                          0x08003151   Thumb Code   214  system_stm32f10x.o(i.SetSysClockTo72)
    i.Set_Day                                0x08003230   Section        0  settime.o(i.Set_Day)
    Set_Day                                  0x08003231   Thumb Code   114  settime.o(i.Set_Day)
    i.Set_Hour                               0x080032ac   Section        0  settime.o(i.Set_Hour)
    Set_Hour                                 0x080032ad   Thumb Code   116  settime.o(i.Set_Hour)
    i.Set_Minute                             0x08003328   Section        0  settime.o(i.Set_Minute)
    Set_Minute                               0x08003329   Thumb Code   116  settime.o(i.Set_Minute)
    i.Set_Month                              0x080033a4   Section        0  settime.o(i.Set_Month)
    Set_Month                                0x080033a5   Thumb Code   114  settime.o(i.Set_Month)
    i.Set_Second                             0x08003420   Section        0  settime.o(i.Set_Second)
    Set_Second                               0x08003421   Thumb Code   116  settime.o(i.Set_Second)
    i.Set_Selection                          0x0800349c   Section        0  menu.o(i.Set_Selection)
    Set_Selection                            0x0800349d   Thumb Code    26  menu.o(i.Set_Selection)
    i.Set_Year                               0x080034c0   Section        0  settime.o(i.Set_Year)
    Set_Year                                 0x080034c1   Thumb Code    88  settime.o(i.Set_Year)
    i.Setting_Page_Info                      0x0800351c   Section        0  menu.o(i.Setting_Page_Info)
    i.Show_Barrier                           0x08003678   Section        0  game.o(i.Show_Barrier)
    Show_Barrier                             0x08003679   Thumb Code    98  game.o(i.Show_Barrier)
    i.Show_Battery_UI                        0x080036ec   Section        0  battery.o(i.Show_Battery_UI)
    i.Show_Clock_UI                          0x0800380c   Section        0  menu.o(i.Show_Clock_UI)
    i.Show_Cloud                             0x0800389c   Section        0  game.o(i.Show_Cloud)
    Show_Cloud                               0x0800389d   Thumb Code    62  game.o(i.Show_Cloud)
    i.Show_Counter_UI                        0x080038e8   Section        0  menu.o(i.Show_Counter_UI)
    Show_Counter_UI                          0x080038e9   Thumb Code    68  menu.o(i.Show_Counter_UI)
    i.Show_Dinosaur                          0x08003960   Section        0  game.o(i.Show_Dinosaur)
    Show_Dinosaur                            0x08003961   Thumb Code   220  game.o(i.Show_Dinosaur)
    i.Show_Emoji_UI                          0x08003a64   Section        0  menu.o(i.Show_Emoji_UI)
    Show_Emoji_UI                            0x08003a65   Thumb Code   250  menu.o(i.Show_Emoji_UI)
    i.Show_Game_UI                           0x08003b68   Section        0  menu.o(i.Show_Game_UI)
    Show_Game_UI                             0x08003b69   Thumb Code    56  menu.o(i.Show_Game_UI)
    i.Show_Gradienter_UI                     0x08003bc0   Section        0  menu.o(i.Show_Gradienter_UI)
    Show_Gradienter_UI                       0x08003bc1   Thumb Code    72  menu.o(i.Show_Gradienter_UI)
    i.Show_Ground                            0x08003c10   Section        0  game.o(i.Show_Ground)
    Show_Ground                              0x08003c11   Thumb Code   110  game.o(i.Show_Ground)
    i.Show_MPU6050_UI                        0x08003c8c   Section        0  menu.o(i.Show_MPU6050_UI)
    Show_MPU6050_UI                          0x08003c8d   Thumb Code    92  menu.o(i.Show_MPU6050_UI)
    i.Show_Menu_Animation                    0x08003d1c   Section        0  menu.o(i.Show_Menu_Animation)
    Show_Menu_Animation                      0x08003d1d   Thumb Code   304  menu.o(i.Show_Menu_Animation)
    i.Show_Score                             0x08003e68   Section        0  game.o(i.Show_Score)
    Show_Score                               0x08003e69   Thumb Code    22  game.o(i.Show_Score)
    i.Show_SetTime_FirstUI                   0x08003e84   Section        0  settime.o(i.Show_SetTime_FirstUI)
    Show_SetTime_FirstUI                     0x08003e85   Thumb Code    90  settime.o(i.Show_SetTime_FirstUI)
    i.Show_SetTime_SecondUI                  0x08003f04   Section        0  settime.o(i.Show_SetTime_SecondUI)
    Show_SetTime_SecondUI                    0x08003f05   Thumb Code    90  settime.o(i.Show_SetTime_SecondUI)
    i.Show_Setting_UI                        0x08003f84   Section        0  menu.o(i.Show_Setting_UI)
    Show_Setting_UI                          0x08003f85   Thumb Code    72  menu.o(i.Show_Setting_UI)
    i.Show_Setting_UI2                       0x08003ffc   Section        0  menu.o(i.Show_Setting_UI2)
    Show_Setting_UI2                         0x08003ffd   Thumb Code    16  menu.o(i.Show_Setting_UI2)
    i.Show_StopWatch_UI                      0x08004018   Section        0  menu.o(i.Show_StopWatch_UI)
    Show_StopWatch_UI                        0x08004019   Thumb Code    78  menu.o(i.Show_StopWatch_UI)
    i.Show_Timer_Choice                      0x08004098   Section        0  menu.o(i.Show_Timer_Choice)
    Show_Timer_Choice                        0x08004099   Thumb Code    56  menu.o(i.Show_Timer_Choice)
    i.Show_Timer_Choice_P2                   0x080040ec   Section        0  menu.o(i.Show_Timer_Choice_P2)
    Show_Timer_Choice_P2                     0x080040ed   Thumb Code    28  menu.o(i.Show_Timer_Choice_P2)
    i.Show_Timer_UI                          0x0800411c   Section        0  menu.o(i.Show_Timer_UI)
    Show_Timer_UI                            0x0800411d   Thumb Code   102  menu.o(i.Show_Timer_UI)
    i.Show_Torch_UI                          0x080041c0   Section        0  menu.o(i.Show_Torch_UI)
    Show_Torch_UI                            0x080041c1   Thumb Code    60  menu.o(i.Show_Torch_UI)
    i.StopWatch                              0x0800420c   Section        0  menu.o(i.StopWatch)
    StopWatch                                0x0800420d   Thumb Code   230  menu.o(i.StopWatch)
    i.StopWatch_Timer_Callback               0x0800430c   Section        0  timer.o(i.StopWatch_Timer_Callback)
    i.StopWatch_Timer_Handler                0x08004318   Section        0  menu.o(i.StopWatch_Timer_Handler)
    StopWatch_Timer_Handler                  0x08004319   Thumb Code   144  menu.o(i.StopWatch_Timer_Handler)
    i.SysTick_Handler                        0x080043c0   Section        0  stm32f10x_it.o(i.SysTick_Handler)
    i.SystemInit                             0x080043c4   Section        0  system_stm32f10x.o(i.SystemInit)
    i.TIM2_IRQHandler                        0x08004424   Section        0  timer.o(i.TIM2_IRQHandler)
    i.TIM_ClearFlag                          0x0800447c   Section        0  stm32f10x_tim.o(i.TIM_ClearFlag)
    i.TIM_ClearITPendingBit                  0x08004482   Section        0  stm32f10x_tim.o(i.TIM_ClearITPendingBit)
    i.TIM_Cmd                                0x08004488   Section        0  stm32f10x_tim.o(i.TIM_Cmd)
    i.TIM_GetITStatus                        0x080044a0   Section        0  stm32f10x_tim.o(i.TIM_GetITStatus)
    i.TIM_ITConfig                           0x080044c2   Section        0  stm32f10x_tim.o(i.TIM_ITConfig)
    i.TIM_InternalClockConfig                0x080044d4   Section        0  stm32f10x_tim.o(i.TIM_InternalClockConfig)
    i.TIM_TimeBaseInit                       0x080044e0   Section        0  stm32f10x_tim.o(i.TIM_TimeBaseInit)
    i.Time_Setting_Page                      0x08004584   Section        0  settime.o(i.Time_Setting_Page)
    i.Timer_Init                             0x0800472c   Section        0  timer.o(i.Timer_Init)
    i.Timer_Page_Select                      0x080047a8   Section        0  menu.o(i.Timer_Page_Select)
    i.Timer_Timer_Callback                   0x080048e8   Section        0  timer.o(i.Timer_Timer_Callback)
    i.Timer_Timer_handler                    0x080048fc   Section        0  menu.o(i.Timer_Timer_handler)
    Timer_Timer_handler                      0x080048fd   Thumb Code   136  menu.o(i.Timer_Timer_handler)
    i.Torch                                  0x08004998   Section        0  menu.o(i.Torch)
    i.UsageFault_Handler                     0x08004ac0   Section        0  stm32f10x_it.o(i.UsageFault_Handler)
    i.__0vsprintf                            0x08004ac4   Section        0  printfa.o(i.__0vsprintf)
    i.__ARM_fpclassify                       0x08004ae8   Section        0  fpclassify.o(i.__ARM_fpclassify)
    i.__ieee754_rem_pio2                     0x08004b10   Section        0  rred.o(i.__ieee754_rem_pio2)
    i.__kernel_cos                           0x08004e98   Section        0  cos_i.o(i.__kernel_cos)
    i.__kernel_poly                          0x08004f94   Section        0  poly.o(i.__kernel_poly)
    i.__kernel_sin                           0x08005040   Section        0  sin_i.o(i.__kernel_sin)
    i.__mathlib_dbl_infnan                   0x0800512c   Section        0  dunder.o(i.__mathlib_dbl_infnan)
    i.__mathlib_dbl_infnan2                  0x08005132   Section        0  dunder.o(i.__mathlib_dbl_infnan2)
    i.__mathlib_dbl_invalid                  0x08005136   Section        0  dunder.o(i.__mathlib_dbl_invalid)
    i.__mathlib_dbl_underflow                0x08005144   Section        0  dunder.o(i.__mathlib_dbl_underflow)
    i.__scatterload_copy                     0x08005154   Section       14  handlers.o(i.__scatterload_copy)
    i.__scatterload_null                     0x08005162   Section        2  handlers.o(i.__scatterload_null)
    i.__scatterload_zeroinit                 0x08005164   Section       14  handlers.o(i.__scatterload_zeroinit)
    i.__set_errno                            0x08005174   Section        0  errno.o(i.__set_errno)
    i._fp_digits                             0x08005180   Section        0  printfa.o(i._fp_digits)
    _fp_digits                               0x08005181   Thumb Code   366  printfa.o(i._fp_digits)
    i._printf_core                           0x08005304   Section        0  printfa.o(i._printf_core)
    _printf_core                             0x08005305   Thumb Code  1744  printfa.o(i._printf_core)
    i._printf_post_padding                   0x080059e0   Section        0  printfa.o(i._printf_post_padding)
    _printf_post_padding                     0x080059e1   Thumb Code    36  printfa.o(i._printf_post_padding)
    i._printf_pre_padding                    0x08005a04   Section        0  printfa.o(i._printf_pre_padding)
    _printf_pre_padding                      0x08005a05   Thumb Code    46  printfa.o(i._printf_pre_padding)
    i._sputc                                 0x08005a32   Section        0  printfa.o(i._sputc)
    _sputc                                   0x08005a33   Thumb Code    10  printfa.o(i._sputc)
    i.atan                                   0x08005a3c   Section        0  atan.o(i.atan)
    i.atan2                                  0x08005c5c   Section        0  atan2.o(i.atan2)
    i.dinosaur_game_init                     0x08005ddc   Section        0  game.o(i.dinosaur_game_init)
    i.main                                   0x08005e08   Section        0  main.o(i.main)
    i.sin                                    0x08005e44   Section        0  sin.o(i.sin)
    .constdata                               0x08005ee4   Section    10411  oled_data.o(.constdata)
    .constdata                               0x0800878f   Section       12  mktime.o(.constdata)
    monlen                                   0x0800878f   Data          12  mktime.o(.constdata)
    .constdata                               0x080087a0   Section      152  atan.o(.constdata)
    atanhi                                   0x080087a0   Data          32  atan.o(.constdata)
    atanlo                                   0x080087c0   Data          32  atan.o(.constdata)
    aTodd                                    0x080087e0   Data          40  atan.o(.constdata)
    aTeven                                   0x08008808   Data          48  atan.o(.constdata)
    .constdata                               0x08008838   Section       48  cos_i.o(.constdata)
    C                                        0x08008838   Data          48  cos_i.o(.constdata)
    .constdata                               0x08008868   Section        8  qnan.o(.constdata)
    .constdata                               0x08008870   Section      200  rred.o(.constdata)
    pio2s                                    0x08008870   Data          48  rred.o(.constdata)
    twooverpi                                0x080088a0   Data         152  rred.o(.constdata)
    .constdata                               0x08008938   Section       40  sin_i.o(.constdata)
    S                                        0x08008938   Data          40  sin_i.o(.constdata)
    .constdata                               0x08008960   Section       12  localtime_i.o(.constdata)
    monlen                                   0x08008960   Data          12  localtime_i.o(.constdata)
    .data                                    0x20000000   Section        4  main.o(.data)
    .data                                    0x20000004   Section       24  myrtc.o(.data)
    .data                                    0x2000001c   Section       20  timer.o(.data)
    p_timer_timer_handler                    0x2000001c   Data           4  timer.o(.data)
    p_counter_timer_handler                  0x20000020   Data           4  timer.o(.data)
    p_stopwatch_timer_handler                0x20000024   Data           4  timer.o(.data)
    p_dinoScore_timer_handler                0x20000028   Data           4  timer.o(.data)
    m_run_time                               0x2000002c   Data           4  timer.o(.data)
    .data                                    0x20000030   Section      140  menu.o(.data)
    m_key_num                                0x20000030   Data           1  menu.o(.data)
    count                                    0x200000b6   Data           2  menu.o(.data)
    sw_cnt                                   0x200000b8   Data           2  menu.o(.data)
    t_cnt                                    0x200000ba   Data           2  menu.o(.data)
    .data                                    0x200000bc   Section       52  key.o(.data)
    key_info                                 0x200000bc   Data          48  key.o(.data)
    cnt                                      0x200000ed   Data           1  key.o(.data)
    prev_state                               0x200000ee   Data           1  key.o(.data)
    curr_state                               0x200000ef   Data           1  key.o(.data)
    .data                                    0x200000f0   Section        8  settime.o(.data)
    m_key_num                                0x200000f0   Data           1  settime.o(.data)
    .data                                    0x200000f8   Section       50  game.o(.data)
    m_key_num                                0x200000f8   Data           1  game.o(.data)
    pi                                       0x20000100   Data           8  game.o(.data)
    barrier                                  0x2000011b   Data           4  game.o(.data)
    dinosaur                                 0x2000011f   Data           4  game.o(.data)
    count                                    0x20000124   Data           2  game.o(.data)
    ground_cnt                               0x20000126   Data           2  game.o(.data)
    cloud_cnt                                0x20000128   Data           2  game.o(.data)
    .data                                    0x2000012c   Section       10  battery.o(.data)
    .data                                    0x20000138   Section        4  rand.o(.data)
    _rand_state                              0x20000138   Data           4  rand.o(.data)
    .data                                    0x2000013c   Section        4  errno.o(.data)
    _errno                                   0x2000013c   Data           4  errno.o(.data)
    .bss                                     0x20000140   Section     1024  oled.o(.bss)
    .bss                                     0x20000540   Section       44  localtime_w.o(.bss)
    _tms                                     0x20000540   Data          44  localtime_w.o(.bss)
    STACK                                    0x20000570   Section     1024  startup_stm32f10x_md.o(STACK)

    Global Symbols

    Symbol Name                              Value     Ov Type        Size  Object(Section)

    BuildAttributes$$THM_ISAv4$P$D$K$B$S$PE$A:L22UL41UL21$X:L11$S22US41US21$IEEE1$IW$USESV6$~STKCKD$USESV7$~SHL$OTIME$ROPI$IEEEX$EBA8$MICROLIB$REQ8$PRES8$EABIv2 0x00000000   Number         0  anon$$obj.o ABSOLUTE
    __ARM_use_no_argv                        0x00000000   Number         0  main.o ABSOLUTE
    __cpp_initialize__aeabi_                  - Undefined Weak Reference
    __cxa_finalize                            - Undefined Weak Reference
    _clock_init                               - Undefined Weak Reference
    _microlib_exit                            - Undefined Weak Reference
    __Vectors_Size                           0x000000ec   Number         0  startup_stm32f10x_md.o ABSOLUTE
    __Vectors                                0x08000000   Data           4  startup_stm32f10x_md.o(RESET)
    __Vectors_End                            0x080000ec   Data           0  startup_stm32f10x_md.o(RESET)
    __main                                   0x080000ed   Thumb Code     0  entry.o(.ARM.Collect$$$$00000000)
    _main_stk                                0x080000ed   Thumb Code     0  entry2.o(.ARM.Collect$$$$00000001)
    _main_scatterload                        0x080000f1   Thumb Code     0  entry5.o(.ARM.Collect$$$$00000004)
    __main_after_scatterload                 0x080000f5   Thumb Code     0  entry5.o(.ARM.Collect$$$$00000004)
    _main_clock                              0x080000f5   Thumb Code     0  entry7b.o(.ARM.Collect$$$$00000008)
    _main_cpp_init                           0x080000f5   Thumb Code     0  entry8b.o(.ARM.Collect$$$$0000000A)
    _main_init                               0x080000f5   Thumb Code     0  entry9a.o(.ARM.Collect$$$$0000000B)
    __rt_final_cpp                           0x080000fd   Thumb Code     0  entry10a.o(.ARM.Collect$$$$0000000D)
    __rt_final_exit                          0x080000fd   Thumb Code     0  entry11a.o(.ARM.Collect$$$$0000000F)
    Reset_Handler                            0x08000101   Thumb Code     8  startup_stm32f10x_md.o(.text)
    ADC1_2_IRQHandler                        0x0800011b   Thumb Code     0  startup_stm32f10x_md.o(.text)
    CAN1_RX1_IRQHandler                      0x0800011b   Thumb Code     0  startup_stm32f10x_md.o(.text)
    CAN1_SCE_IRQHandler                      0x0800011b   Thumb Code     0  startup_stm32f10x_md.o(.text)
    DMA1_Channel1_IRQHandler                 0x0800011b   Thumb Code     0  startup_stm32f10x_md.o(.text)
    DMA1_Channel2_IRQHandler                 0x0800011b   Thumb Code     0  startup_stm32f10x_md.o(.text)
    DMA1_Channel3_IRQHandler                 0x0800011b   Thumb Code     0  startup_stm32f10x_md.o(.text)
    DMA1_Channel4_IRQHandler                 0x0800011b   Thumb Code     0  startup_stm32f10x_md.o(.text)
    DMA1_Channel5_IRQHandler                 0x0800011b   Thumb Code     0  startup_stm32f10x_md.o(.text)
    DMA1_Channel6_IRQHandler                 0x0800011b   Thumb Code     0  startup_stm32f10x_md.o(.text)
    DMA1_Channel7_IRQHandler                 0x0800011b   Thumb Code     0  startup_stm32f10x_md.o(.text)
    EXTI0_IRQHandler                         0x0800011b   Thumb Code     0  startup_stm32f10x_md.o(.text)
    EXTI15_10_IRQHandler                     0x0800011b   Thumb Code     0  startup_stm32f10x_md.o(.text)
    EXTI1_IRQHandler                         0x0800011b   Thumb Code     0  startup_stm32f10x_md.o(.text)
    EXTI2_IRQHandler                         0x0800011b   Thumb Code     0  startup_stm32f10x_md.o(.text)
    EXTI3_IRQHandler                         0x0800011b   Thumb Code     0  startup_stm32f10x_md.o(.text)
    EXTI4_IRQHandler                         0x0800011b   Thumb Code     0  startup_stm32f10x_md.o(.text)
    EXTI9_5_IRQHandler                       0x0800011b   Thumb Code     0  startup_stm32f10x_md.o(.text)
    FLASH_IRQHandler                         0x0800011b   Thumb Code     0  startup_stm32f10x_md.o(.text)
    I2C1_ER_IRQHandler                       0x0800011b   Thumb Code     0  startup_stm32f10x_md.o(.text)
    I2C1_EV_IRQHandler                       0x0800011b   Thumb Code     0  startup_stm32f10x_md.o(.text)
    I2C2_ER_IRQHandler                       0x0800011b   Thumb Code     0  startup_stm32f10x_md.o(.text)
    I2C2_EV_IRQHandler                       0x0800011b   Thumb Code     0  startup_stm32f10x_md.o(.text)
    PVD_IRQHandler                           0x0800011b   Thumb Code     0  startup_stm32f10x_md.o(.text)
    RCC_IRQHandler                           0x0800011b   Thumb Code     0  startup_stm32f10x_md.o(.text)
    RTCAlarm_IRQHandler                      0x0800011b   Thumb Code     0  startup_stm32f10x_md.o(.text)
    RTC_IRQHandler                           0x0800011b   Thumb Code     0  startup_stm32f10x_md.o(.text)
    SPI1_IRQHandler                          0x0800011b   Thumb Code     0  startup_stm32f10x_md.o(.text)
    SPI2_IRQHandler                          0x0800011b   Thumb Code     0  startup_stm32f10x_md.o(.text)
    TAMPER_IRQHandler                        0x0800011b   Thumb Code     0  startup_stm32f10x_md.o(.text)
    TIM1_BRK_IRQHandler                      0x0800011b   Thumb Code     0  startup_stm32f10x_md.o(.text)
    TIM1_CC_IRQHandler                       0x0800011b   Thumb Code     0  startup_stm32f10x_md.o(.text)
    TIM1_TRG_COM_IRQHandler                  0x0800011b   Thumb Code     0  startup_stm32f10x_md.o(.text)
    TIM1_UP_IRQHandler                       0x0800011b   Thumb Code     0  startup_stm32f10x_md.o(.text)
    TIM3_IRQHandler                          0x0800011b   Thumb Code     0  startup_stm32f10x_md.o(.text)
    TIM4_IRQHandler                          0x0800011b   Thumb Code     0  startup_stm32f10x_md.o(.text)
    USART1_IRQHandler                        0x0800011b   Thumb Code     0  startup_stm32f10x_md.o(.text)
    USART2_IRQHandler                        0x0800011b   Thumb Code     0  startup_stm32f10x_md.o(.text)
    USART3_IRQHandler                        0x0800011b   Thumb Code     0  startup_stm32f10x_md.o(.text)
    USBWakeUp_IRQHandler                     0x0800011b   Thumb Code     0  startup_stm32f10x_md.o(.text)
    USB_HP_CAN1_TX_IRQHandler                0x0800011b   Thumb Code     0  startup_stm32f10x_md.o(.text)
    USB_LP_CAN1_RX0_IRQHandler               0x0800011b   Thumb Code     0  startup_stm32f10x_md.o(.text)
    WWDG_IRQHandler                          0x0800011b   Thumb Code     0  startup_stm32f10x_md.o(.text)
    rand                                     0x08000125   Thumb Code    20  rand.o(.text)
    srand                                    0x08000139   Thumb Code     6  rand.o(.text)
    mktime                                   0x08000149   Thumb Code   150  mktime.o(.text)
    __aeabi_memcpy                           0x080001f1   Thumb Code    36  memcpya.o(.text)
    __aeabi_memcpy4                          0x080001f1   Thumb Code     0  memcpya.o(.text)
    __aeabi_memcpy8                          0x080001f1   Thumb Code     0  memcpya.o(.text)
    strcmp                                   0x08000215   Thumb Code    28  strcmp.o(.text)
    __aeabi_fadd                             0x08000231   Thumb Code   164  fadd.o(.text)
    __aeabi_fsub                             0x080002d5   Thumb Code     6  fadd.o(.text)
    __aeabi_frsub                            0x080002db   Thumb Code     6  fadd.o(.text)
    __aeabi_fmul                             0x080002e1   Thumb Code   100  fmul.o(.text)
    __aeabi_dadd                             0x08000345   Thumb Code   322  dadd.o(.text)
    __aeabi_dsub                             0x08000487   Thumb Code     6  dadd.o(.text)
    __aeabi_drsub                            0x0800048d   Thumb Code     6  dadd.o(.text)
    __aeabi_dmul                             0x08000493   Thumb Code   228  dmul.o(.text)
    __aeabi_ddiv                             0x08000577   Thumb Code   222  ddiv.o(.text)
    __aeabi_i2f                              0x08000655   Thumb Code    18  fflti.o(.text)
    __aeabi_i2d                              0x08000667   Thumb Code    34  dflti.o(.text)
    __aeabi_ui2d                             0x08000689   Thumb Code    26  dfltui.o(.text)
    __aeabi_f2iz                             0x080006a3   Thumb Code    50  ffixi.o(.text)
    __aeabi_d2iz                             0x080006d5   Thumb Code    62  dfixi.o(.text)
    __aeabi_d2uiz                            0x08000713   Thumb Code    50  dfixui.o(.text)
    __aeabi_f2d                              0x08000745   Thumb Code    38  f2d.o(.text)
    __aeabi_cdcmpeq                          0x0800076d   Thumb Code     0  cdcmple.o(.text)
    __aeabi_cdcmple                          0x0800076d   Thumb Code    48  cdcmple.o(.text)
    __aeabi_cdrcmple                         0x0800079d   Thumb Code    48  cdrcmple.o(.text)
    __aeabi_d2f                              0x080007cd   Thumb Code    56  d2f.o(.text)
    __aeabi_cfcmpeq                          0x08000805   Thumb Code     0  cfcmple.o(.text)
    __aeabi_cfcmple                          0x08000805   Thumb Code    20  cfcmple.o(.text)
    __aeabi_uidiv                            0x08000819   Thumb Code     0  uidiv.o(.text)
    __aeabi_uidivmod                         0x08000819   Thumb Code    44  uidiv.o(.text)
    __aeabi_uldivmod                         0x08000845   Thumb Code    98  uldiv.o(.text)
    __aeabi_llsl                             0x080008a7   Thumb Code    30  llshl.o(.text)
    _ll_shift_l                              0x080008a7   Thumb Code     0  llshl.o(.text)
    __aeabi_llsr                             0x080008c5   Thumb Code    32  llushr.o(.text)
    _ll_ushift_r                             0x080008c5   Thumb Code     0  llushr.o(.text)
    __aeabi_lasr                             0x080008e5   Thumb Code    36  llsshr.o(.text)
    _ll_sshift_r                             0x080008e5   Thumb Code     0  llsshr.o(.text)
    localtime                                0x08000909   Thumb Code     6  localtime_w.o(.text)
    _localtime                               0x08000915   Thumb Code   134  localtime_i.o(.text)
    __I$use$fp                               0x080009a1   Thumb Code     0  iusefp.o(.text)
    _float_round                             0x080009a1   Thumb Code    18  fepilogue.o(.text)
    _float_epilogue                          0x080009b3   Thumb Code    92  fepilogue.o(.text)
    _double_round                            0x08000a0f   Thumb Code    30  depilogue.o(.text)
    _double_epilogue                         0x08000a2d   Thumb Code   156  depilogue.o(.text)
    __aeabi_d2ulz                            0x08000ac9   Thumb Code    48  dfixul.o(.text)
    __scatterload                            0x08000af9   Thumb Code    28  init.o(.text)
    __scatterload_rt2                        0x08000af9   Thumb Code     0  init.o(.text)
    __ARM_scalbn                             0x08000b1d   Thumb Code    46  dscalb.o(.text)
    scalbn                                   0x08000b1d   Thumb Code     0  dscalb.o(.text)
    __decompress                             0x08000b4b   Thumb Code     0  __dczerorl2.o(.text)
    __decompress1                            0x08000b4b   Thumb Code    86  __dczerorl2.o(.text)
    ADC_Cmd                                  0x08000ba1   Thumb Code    22  stm32f10x_adc.o(i.ADC_Cmd)
    ADC_GetCalibrationStatus                 0x08000bb7   Thumb Code    20  stm32f10x_adc.o(i.ADC_GetCalibrationStatus)
    ADC_GetConversionValue                   0x08000bcb   Thumb Code     8  stm32f10x_adc.o(i.ADC_GetConversionValue)
    ADC_GetFlagStatus                        0x08000bd3   Thumb Code    18  stm32f10x_adc.o(i.ADC_GetFlagStatus)
    ADC_GetResetCalibrationStatus            0x08000be5   Thumb Code    20  stm32f10x_adc.o(i.ADC_GetResetCalibrationStatus)
    ADC_Init                                 0x08000bf9   Thumb Code    70  stm32f10x_adc.o(i.ADC_Init)
    ADC_RegularChannelConfig                 0x08000c49   Thumb Code   184  stm32f10x_adc.o(i.ADC_RegularChannelConfig)
    ADC_ResetCalibration                     0x08000d01   Thumb Code    10  stm32f10x_adc.o(i.ADC_ResetCalibration)
    ADC_SoftwareStartConvCmd                 0x08000d0b   Thumb Code    22  stm32f10x_adc.o(i.ADC_SoftwareStartConvCmd)
    ADC_StartCalibration                     0x08000d21   Thumb Code    10  stm32f10x_adc.o(i.ADC_StartCalibration)
    AD_GetValue                              0x08000d2d   Thumb Code    32  ad.o(i.AD_GetValue)
    AD_Init                                  0x08000d51   Thumb Code   150  ad.o(i.AD_Init)
    BKP_ReadBackupRegister                   0x08000df1   Thumb Code    24  stm32f10x_bkp.o(i.BKP_ReadBackupRegister)
    BKP_WriteBackupRegister                  0x08000e0d   Thumb Code    22  stm32f10x_bkp.o(i.BKP_WriteBackupRegister)
    Battery_Init                             0x08000e29   Thumb Code    64  battery.o(i.Battery_Init)
    BusFault_Handler                         0x08000e6d   Thumb Code     4  stm32f10x_it.o(i.BusFault_Handler)
    DebugMon_Handler                         0x080013ed   Thumb Code     2  stm32f10x_it.o(i.DebugMon_Handler)
    Delay_ms                                 0x080013ef   Thumb Code    24  delay.o(i.Delay_ms)
    Delay_s                                  0x08001407   Thumb Code    24  delay.o(i.Delay_s)
    Delay_us                                 0x0800141f   Thumb Code    46  delay.o(i.Delay_us)
    DinoGame_Animation                       0x0800144d   Thumb Code    58  game.o(i.DinoGame_Animation)
    DinoScore_Timer_Callback                 0x080015a9   Thumb Code     6  timer.o(i.DinoScore_Timer_Callback)
    Dynamic_Emoji                            0x080015b5   Thumb Code    38  menu.o(i.Dynamic_Emoji)
    Enter_Menu_Option                        0x080015e1   Thumb Code   290  menu.o(i.Enter_Menu_Option)
    First_Page_Clock                         0x08001711   Thumb Code   190  menu.o(i.First_Page_Clock)
    GPIO_Init                                0x080017dd   Thumb Code   278  stm32f10x_gpio.o(i.GPIO_Init)
    GPIO_ReadInputDataBit                    0x080018f3   Thumb Code    18  stm32f10x_gpio.o(i.GPIO_ReadInputDataBit)
    GPIO_ResetBits                           0x08001905   Thumb Code     4  stm32f10x_gpio.o(i.GPIO_ResetBits)
    GPIO_SetBits                             0x08001909   Thumb Code     4  stm32f10x_gpio.o(i.GPIO_SetBits)
    GPIO_WriteBit                            0x0800190d   Thumb Code    10  stm32f10x_gpio.o(i.GPIO_WriteBit)
    Game_App_Init                            0x08001919   Thumb Code    10  game.o(i.Game_App_Init)
    Game_Select_Page                         0x08001929   Thumb Code   232  menu.o(i.Game_Select_Page)
    Gradienter                               0x08001a85   Thumb Code    46  menu.o(i.Gradienter)
    HardFault_Handler                        0x08001ab9   Thumb Code     4  stm32f10x_it.o(i.HardFault_Handler)
    Key3_Tick                                0x08001b11   Thumb Code    68  key.o(i.Key3_Tick)
    Key_GetNum                               0x08001b59   Thumb Code    26  key.o(i.Key_GetNum)
    Key_Init                                 0x08001b79   Thumb Code    74  key.o(i.Key_Init)
    Key_Tick                                 0x08001c75   Thumb Code    62  key.o(i.Key_Tick)
    LED1_OFF                                 0x08001cc5   Thumb Code    12  led.o(i.LED1_OFF)
    LED1_ON                                  0x08001cd5   Thumb Code    12  led.o(i.LED1_ON)
    LED_Init                                 0x08001ce5   Thumb Code    46  led.o(i.LED_Init)
    MPU6050                                  0x08001d19   Thumb Code    62  menu.o(i.MPU6050)
    MPU6050_GetData                          0x08001f39   Thumb Code   172  mpu6050.o(i.MPU6050_GetData)
    MPU6050_Init                             0x08001fe5   Thumb Code    56  mpu6050.o(i.MPU6050_Init)
    MPU6050_ReadReg                          0x0800201d   Thumb Code    62  mpu6050.o(i.MPU6050_ReadReg)
    MPU6050_WriteReg                         0x0800205b   Thumb Code    46  mpu6050.o(i.MPU6050_WriteReg)
    MemManage_Handler                        0x08002089   Thumb Code     4  stm32f10x_it.o(i.MemManage_Handler)
    Menu_App_Init                            0x0800208d   Thumb Code    22  menu.o(i.Menu_App_Init)
    MyI2C_Init                               0x08002141   Thumb Code    50  myi2c.o(i.MyI2C_Init)
    MyI2C_R_SDA                              0x08002179   Thumb Code    18  myi2c.o(i.MyI2C_R_SDA)
    MyI2C_ReceiveAck                         0x08002191   Thumb Code    30  myi2c.o(i.MyI2C_ReceiveAck)
    MyI2C_ReceiveByte                        0x080021af   Thumb Code    50  myi2c.o(i.MyI2C_ReceiveByte)
    MyI2C_SendAck                            0x080021e1   Thumb Code    24  myi2c.o(i.MyI2C_SendAck)
    MyI2C_SendByte                           0x080021f9   Thumb Code    50  myi2c.o(i.MyI2C_SendByte)
    MyI2C_Start                              0x0800222b   Thumb Code    28  myi2c.o(i.MyI2C_Start)
    MyI2C_Stop                               0x08002247   Thumb Code    22  myi2c.o(i.MyI2C_Stop)
    MyI2C_W_SCL                              0x0800225d   Thumb Code    18  myi2c.o(i.MyI2C_W_SCL)
    MyI2C_W_SDA                              0x08002275   Thumb Code    18  myi2c.o(i.MyI2C_W_SDA)
    MyRTC_Init                               0x0800228d   Thumb Code   144  myrtc.o(i.MyRTC_Init)
    MyRTC_ReadTime                           0x0800231d   Thumb Code    68  myrtc.o(i.MyRTC_ReadTime)
    MyRTC_SetTime                            0x08002365   Thumb Code    70  myrtc.o(i.MyRTC_SetTime)
    NMI_Handler                              0x080023b1   Thumb Code     2  stm32f10x_it.o(i.NMI_Handler)
    NVIC_Init                                0x080023b5   Thumb Code   100  misc.o(i.NVIC_Init)
    NVIC_PriorityGroupConfig                 0x08002425   Thumb Code    10  misc.o(i.NVIC_PriorityGroupConfig)
    OLED_Clear                               0x08002439   Thumb Code    36  oled.o(i.OLED_Clear)
    OLED_ClearArea                           0x08002461   Thumb Code   140  oled.o(i.OLED_ClearArea)
    OLED_DrawCircle                          0x080024f1   Thumb Code   352  oled.o(i.OLED_DrawCircle)
    OLED_DrawEllipse                         0x08002651   Thumb Code   806  oled.o(i.OLED_DrawEllipse)
    OLED_DrawPoint                           0x0800297d   Thumb Code    76  oled.o(i.OLED_DrawPoint)
    OLED_GPIO_Init                           0x080029cd   Thumb Code    92  oled.o(i.OLED_GPIO_Init)
    OLED_I2C_SendByte                        0x08002a2d   Thumb Code    62  oled.o(i.OLED_I2C_SendByte)
    OLED_I2C_Start                           0x08002a6b   Thumb Code    28  oled.o(i.OLED_I2C_Start)
    OLED_I2C_Stop                            0x08002a87   Thumb Code    22  oled.o(i.OLED_I2C_Stop)
    OLED_Init                                0x08002a9d   Thumb Code   154  oled.o(i.OLED_Init)
    OLED_Pow                                 0x08002b37   Thumb Code    20  oled.o(i.OLED_Pow)
    OLED_Printf                              0x08002b4b   Thumb Code    50  oled.o(i.OLED_Printf)
    OLED_ReverseArea                         0x08002b7d   Thumb Code   140  oled.o(i.OLED_ReverseArea)
    OLED_SetCursor                           0x08002c0d   Thumb Code    38  oled.o(i.OLED_SetCursor)
    OLED_ShowChar                            0x08002c35   Thumb Code   108  oled.o(i.OLED_ShowChar)
    OLED_ShowImage                           0x08002cad   Thumb Code   248  oled.o(i.OLED_ShowImage)
    OLED_ShowNum                             0x08002da9   Thumb Code    76  oled.o(i.OLED_ShowNum)
    OLED_ShowString                          0x08002df5   Thumb Code   262  oled.o(i.OLED_ShowString)
    OLED_Update                              0x08002f05   Thumb Code    36  oled.o(i.OLED_Update)
    OLED_W_SCL                               0x08002f2d   Thumb Code    18  oled.o(i.OLED_W_SCL)
    OLED_W_SDA                               0x08002f45   Thumb Code    18  oled.o(i.OLED_W_SDA)
    OLED_WriteCommand                        0x08002f5d   Thumb Code    32  oled.o(i.OLED_WriteCommand)
    OLED_WriteData                           0x08002f7d   Thumb Code    46  oled.o(i.OLED_WriteData)
    PWR_BackupAccessCmd                      0x08002fad   Thumb Code     6  stm32f10x_pwr.o(i.PWR_BackupAccessCmd)
    PendSV_Handler                           0x08002fb9   Thumb Code     2  stm32f10x_it.o(i.PendSV_Handler)
    Peripheral_Init                          0x08002fbb   Thumb Code    28  menu.o(i.Peripheral_Init)
    RCC_ADCCLKConfig                         0x08002fd9   Thumb Code    18  stm32f10x_rcc.o(i.RCC_ADCCLKConfig)
    RCC_APB1PeriphClockCmd                   0x08002ff1   Thumb Code    26  stm32f10x_rcc.o(i.RCC_APB1PeriphClockCmd)
    RCC_APB2PeriphClockCmd                   0x08003011   Thumb Code    26  stm32f10x_rcc.o(i.RCC_APB2PeriphClockCmd)
    RCC_GetFlagStatus                        0x08003031   Thumb Code    56  stm32f10x_rcc.o(i.RCC_GetFlagStatus)
    RCC_LSICmd                               0x0800306d   Thumb Code     6  stm32f10x_rcc.o(i.RCC_LSICmd)
    RCC_RTCCLKCmd                            0x08003079   Thumb Code     6  stm32f10x_rcc.o(i.RCC_RTCCLKCmd)
    RCC_RTCCLKConfig                         0x08003085   Thumb Code    12  stm32f10x_rcc.o(i.RCC_RTCCLKConfig)
    RTC_EnterConfigMode                      0x08003095   Thumb Code    14  stm32f10x_rtc.o(i.RTC_EnterConfigMode)
    RTC_ExitConfigMode                       0x080030a9   Thumb Code    16  stm32f10x_rtc.o(i.RTC_ExitConfigMode)
    RTC_GetCounter                           0x080030bd   Thumb Code    16  stm32f10x_rtc.o(i.RTC_GetCounter)
    RTC_SetCounter                           0x080030d1   Thumb Code    24  stm32f10x_rtc.o(i.RTC_SetCounter)
    RTC_SetPrescaler                         0x080030ed   Thumb Code    26  stm32f10x_rtc.o(i.RTC_SetPrescaler)
    RTC_WaitForLastTask                      0x0800310d   Thumb Code    16  stm32f10x_rtc.o(i.RTC_WaitForLastTask)
    RTC_WaitForSynchro                       0x08003121   Thumb Code    30  stm32f10x_rtc.o(i.RTC_WaitForSynchro)
    SVC_Handler                              0x08003145   Thumb Code     2  stm32f10x_it.o(i.SVC_Handler)
    Setting_Page_Info                        0x0800351d   Thumb Code   330  menu.o(i.Setting_Page_Info)
    Show_Battery_UI                          0x080036ed   Thumb Code   274  battery.o(i.Show_Battery_UI)
    Show_Clock_UI                            0x0800380d   Thumb Code    96  menu.o(i.Show_Clock_UI)
    StopWatch_Timer_Callback                 0x0800430d   Thumb Code     6  timer.o(i.StopWatch_Timer_Callback)
    SysTick_Handler                          0x080043c1   Thumb Code     2  stm32f10x_it.o(i.SysTick_Handler)
    SystemInit                               0x080043c5   Thumb Code    78  system_stm32f10x.o(i.SystemInit)
    TIM2_IRQHandler                          0x08004425   Thumb Code    66  timer.o(i.TIM2_IRQHandler)
    TIM_ClearFlag                            0x0800447d   Thumb Code     6  stm32f10x_tim.o(i.TIM_ClearFlag)
    TIM_ClearITPendingBit                    0x08004483   Thumb Code     6  stm32f10x_tim.o(i.TIM_ClearITPendingBit)
    TIM_Cmd                                  0x08004489   Thumb Code    24  stm32f10x_tim.o(i.TIM_Cmd)
    TIM_GetITStatus                          0x080044a1   Thumb Code    34  stm32f10x_tim.o(i.TIM_GetITStatus)
    TIM_ITConfig                             0x080044c3   Thumb Code    18  stm32f10x_tim.o(i.TIM_ITConfig)
    TIM_InternalClockConfig                  0x080044d5   Thumb Code    12  stm32f10x_tim.o(i.TIM_InternalClockConfig)
    TIM_TimeBaseInit                         0x080044e1   Thumb Code   122  stm32f10x_tim.o(i.TIM_TimeBaseInit)
    Time_Setting_Page                        0x08004585   Thumb Code   414  settime.o(i.Time_Setting_Page)
    Timer_Init                               0x0800472d   Thumb Code   124  timer.o(i.Timer_Init)
    Timer_Page_Select                        0x080047a9   Thumb Code   310  menu.o(i.Timer_Page_Select)
    Timer_Timer_Callback                     0x080048e9   Thumb Code    10  timer.o(i.Timer_Timer_Callback)
    Torch                                    0x08004999   Thumb Code   282  menu.o(i.Torch)
    UsageFault_Handler                       0x08004ac1   Thumb Code     4  stm32f10x_it.o(i.UsageFault_Handler)
    __0vsprintf                              0x08004ac5   Thumb Code    30  printfa.o(i.__0vsprintf)
    __1vsprintf                              0x08004ac5   Thumb Code     0  printfa.o(i.__0vsprintf)
    __2vsprintf                              0x08004ac5   Thumb Code     0  printfa.o(i.__0vsprintf)
    __c89vsprintf                            0x08004ac5   Thumb Code     0  printfa.o(i.__0vsprintf)
    vsprintf                                 0x08004ac5   Thumb Code     0  printfa.o(i.__0vsprintf)
    __ARM_fpclassify                         0x08004ae9   Thumb Code    40  fpclassify.o(i.__ARM_fpclassify)
    __ieee754_rem_pio2                       0x08004b11   Thumb Code   828  rred.o(i.__ieee754_rem_pio2)
    __kernel_cos                             0x08004e99   Thumb Code   230  cos_i.o(i.__kernel_cos)
    __kernel_poly                            0x08004f95   Thumb Code   170  poly.o(i.__kernel_poly)
    __kernel_sin                             0x08005041   Thumb Code   224  sin_i.o(i.__kernel_sin)
    __mathlib_dbl_infnan                     0x0800512d   Thumb Code     6  dunder.o(i.__mathlib_dbl_infnan)
    __mathlib_dbl_infnan2                    0x08005133   Thumb Code     4  dunder.o(i.__mathlib_dbl_infnan2)
    __mathlib_dbl_invalid                    0x08005137   Thumb Code    12  dunder.o(i.__mathlib_dbl_invalid)
    __mathlib_dbl_underflow                  0x08005145   Thumb Code    10  dunder.o(i.__mathlib_dbl_underflow)
    __scatterload_copy                       0x08005155   Thumb Code    14  handlers.o(i.__scatterload_copy)
    __scatterload_null                       0x08005163   Thumb Code     2  handlers.o(i.__scatterload_null)
    __scatterload_zeroinit                   0x08005165   Thumb Code    14  handlers.o(i.__scatterload_zeroinit)
    __set_errno                              0x08005175   Thumb Code     6  errno.o(i.__set_errno)
    atan                                     0x08005a3d   Thumb Code   474  atan.o(i.atan)
    atan2                                    0x08005c5d   Thumb Code   346  atan2.o(i.atan2)
    dinosaur_game_init                       0x08005ddd   Thumb Code    24  game.o(i.dinosaur_game_init)
    main                                     0x08005e09   Thumb Code    54  main.o(i.main)
    sin                                      0x08005e45   Thumb Code   150  sin.o(i.sin)
    OLED_F8x16                               0x08005ee4   Data        1520  oled_data.o(.constdata)
    OLED_F6x8                                0x080064d4   Data         570  oled_data.o(.constdata)
    OLED_F12x24                              0x0800670e   Data        3420  oled_data.o(.constdata)
    OLED_CF16x16                             0x0800746a   Data        2065  oled_data.o(.constdata)
    Menu_Icon                                0x08007c7b   Data        1024  oled_data.o(.constdata)
    Diode                                    0x0800807b   Data          32  oled_data.o(.constdata)
    Return_Image                             0x0800809b   Data          32  oled_data.o(.constdata)
    Home_Image                               0x080080bb   Data          32  oled_data.o(.constdata)
    Baby_Dinosaur                            0x080080db   Data          48  oled_data.o(.constdata)
    Ctrl_Image                               0x0800810b   Data         256  oled_data.o(.constdata)
    Select_Image                             0x0800820b   Data         264  oled_data.o(.constdata)
    Torch_Image                              0x08008313   Data         256  oled_data.o(.constdata)
    Ground_Image                             0x08008413   Data         256  oled_data.o(.constdata)
    Barrier_Image                            0x08008513   Data         288  oled_data.o(.constdata)
    Cloud_Image                              0x08008633   Data          48  oled_data.o(.constdata)
    Dino_Image                               0x08008663   Data         144  oled_data.o(.constdata)
    Eyebrow_Image                            0x080086f3   Data          64  oled_data.o(.constdata)
    Mouth_Image                              0x08008733   Data          60  oled_data.o(.constdata)
    Battery_Image                            0x0800876f   Data          32  oled_data.o(.constdata)
    __mathlib_zero                           0x08008868   Data           8  qnan.o(.constdata)
    Region$$Table$$Base                      0x0800896c   Number         0  anon$$obj.o(Region$$Table)
    Region$$Table$$Limit                     0x0800898c   Number         0  anon$$obj.o(Region$$Table)
    page_switch_flag                         0x20000000   Data           4  main.o(.data)
    MyRTC_Time                               0x20000004   Data          24  myrtc.o(.data)
    csflag                                   0x20000034   Data           4  menu.o(.data)
    setflag                                  0x20000038   Data           4  menu.o(.data)
    hour                                     0x2000003c   Data           4  menu.o(.data)
    min                                      0x20000040   Data           4  menu.o(.data)
    sec                                      0x20000044   Data           4  menu.o(.data)
    milisec                                  0x20000048   Data           4  menu.o(.data)
    timer_begin_flag                         0x2000004c   Data           1  menu.o(.data)
    stopwatch_begin_flag                     0x2000004d   Data           1  menu.o(.data)
    stopwatch_clear_flag                     0x2000004e   Data           1  menu.o(.data)
    counter_begin_flag                       0x2000004f   Data           1  menu.o(.data)
    timer_index                              0x20000050   Data           4  menu.o(.data)
    sw_index                                 0x20000054   Data           4  menu.o(.data)
    clock_index                              0x20000058   Data           4  menu.o(.data)
    cm_index                                 0x2000005c   Data           4  menu.o(.data)
    random_start_flag                        0x20000060   Data           1  menu.o(.data)
    torch_index                              0x20000064   Data           4  menu.o(.data)
    ax                                       0x20000068   Data           2  menu.o(.data)
    ay                                       0x2000006a   Data           2  menu.o(.data)
    az                                       0x2000006c   Data           2  menu.o(.data)
    gx                                       0x2000006e   Data           2  menu.o(.data)
    gy                                       0x20000070   Data           2  menu.o(.data)
    gz                                       0x20000072   Data           2  menu.o(.data)
    roll_g                                   0x20000074   Data           4  menu.o(.data)
    pitch_g                                  0x20000078   Data           4  menu.o(.data)
    yaw_g                                    0x2000007c   Data           4  menu.o(.data)
    roll_a                                   0x20000080   Data           4  menu.o(.data)
    pitch_a                                  0x20000084   Data           4  menu.o(.data)
    roll                                     0x20000088   Data           4  menu.o(.data)
    pitch                                    0x2000008c   Data           4  menu.o(.data)
    yaw                                      0x20000090   Data           4  menu.o(.data)
    a                                        0x20000094   Data           4  menu.o(.data)
    delta_t                                  0x20000098   Data           4  menu.o(.data)
    pi                                       0x200000a0   Data           8  menu.o(.data)
    game_index                               0x200000a8   Data           4  menu.o(.data)
    menu_index                               0x200000ac   Data           4  menu.o(.data)
    prev_selection                           0x200000b0   Data           1  menu.o(.data)
    target_selection                         0x200000b1   Data           1  menu.o(.data)
    x_pre                                    0x200000b2   Data           1  menu.o(.data)
    speed_step                               0x200000b3   Data           1  menu.o(.data)
    move_flag                                0x200000b4   Data           1  menu.o(.data)
    Key_Num                                  0x200000ec   Data           1  key.o(.data)
    ts_index                                 0x200000f4   Data           4  settime.o(.data)
    score                                    0x20000108   Data           4  game.o(.data)
    ground_pos                               0x2000010c   Data           2  game.o(.data)
    barrier_pos                              0x2000010e   Data           2  game.o(.data)
    cloud_pos                                0x20000110   Data           2  game.o(.data)
    dino_pos                                 0x20000112   Data           2  game.o(.data)
    jump_pos                                 0x20000114   Data           2  game.o(.data)
    jump_t                                   0x20000116   Data           2  game.o(.data)
    barrier_index                            0x20000118   Data           1  game.o(.data)
    cloud_index                              0x20000119   Data           1  game.o(.data)
    dino_jump_flag                           0x2000011a   Data           1  game.o(.data)
    Vbat                                     0x2000012c   Data           4  battery.o(.data)
    battery_capacity                         0x20000130   Data           4  battery.o(.data)
    ad_value                                 0x20000134   Data           2  battery.o(.data)
    OLED_DisplayBuf                          0x20000140   Data        1024  oled.o(.bss)
    __initial_sp                             0x20000970   Data           0  startup_stm32f10x_md.o(STACK)



==============================================================================

Memory Map of the image

  Image Entry point : 0x080000ed

  Load Region LR_IROM1 (Base: 0x08000000, Size: 0x00008acc, Max: 0x00010000, ABSOLUTE, COMPRESSED[0x000089d4])

    Execution Region ER_IROM1 (Exec base: 0x08000000, Load base: 0x08000000, Size: 0x0000898c, Max: 0x00010000, ABSOLUTE)

    Exec Addr    Load Addr    Size         Type   Attr      Idx    E Section Name        Object

    0x08000000   0x08000000   0x000000ec   Data   RO         4224    RESET               startup_stm32f10x_md.o
    0x080000ec   0x080000ec   0x00000000   Code   RO         4311  * .ARM.Collect$$$$00000000  mc_w.l(entry.o)
    0x080000ec   0x080000ec   0x00000004   Code   RO         4429    .ARM.Collect$$$$00000001  mc_w.l(entry2.o)
    0x080000f0   0x080000f0   0x00000004   Code   RO         4432    .ARM.Collect$$$$00000004  mc_w.l(entry5.o)
    0x080000f4   0x080000f4   0x00000000   Code   RO         4434    .ARM.Collect$$$$00000008  mc_w.l(entry7b.o)
    0x080000f4   0x080000f4   0x00000000   Code   RO         4436    .ARM.Collect$$$$0000000A  mc_w.l(entry8b.o)
    0x080000f4   0x080000f4   0x00000008   Code   RO         4437    .ARM.Collect$$$$0000000B  mc_w.l(entry9a.o)
    0x080000fc   0x080000fc   0x00000000   Code   RO         4439    .ARM.Collect$$$$0000000D  mc_w.l(entry10a.o)
    0x080000fc   0x080000fc   0x00000000   Code   RO         4441    .ARM.Collect$$$$0000000F  mc_w.l(entry11a.o)
    0x080000fc   0x080000fc   0x00000004   Code   RO         4430    .ARM.Collect$$$$00002712  mc_w.l(entry2.o)
    0x08000100   0x08000100   0x00000024   Code   RO         4225    .text               startup_stm32f10x_md.o
    0x08000124   0x08000124   0x00000024   Code   RO         4314    .text               mc_w.l(rand.o)
    0x08000148   0x08000148   0x000000a8   Code   RO         4321    .text               mc_w.l(mktime.o)
    0x080001f0   0x080001f0   0x00000024   Code   RO         4324    .text               mc_w.l(memcpya.o)
    0x08000214   0x08000214   0x0000001c   Code   RO         4326    .text               mc_w.l(strcmp.o)
    0x08000230   0x08000230   0x000000b0   Code   RO         4358    .text               mf_w.l(fadd.o)
    0x080002e0   0x080002e0   0x00000064   Code   RO         4360    .text               mf_w.l(fmul.o)
    0x08000344   0x08000344   0x0000014e   Code   RO         4362    .text               mf_w.l(dadd.o)
    0x08000492   0x08000492   0x000000e4   Code   RO         4364    .text               mf_w.l(dmul.o)
    0x08000576   0x08000576   0x000000de   Code   RO         4366    .text               mf_w.l(ddiv.o)
    0x08000654   0x08000654   0x00000012   Code   RO         4368    .text               mf_w.l(fflti.o)
    0x08000666   0x08000666   0x00000022   Code   RO         4370    .text               mf_w.l(dflti.o)
    0x08000688   0x08000688   0x0000001a   Code   RO         4372    .text               mf_w.l(dfltui.o)
    0x080006a2   0x080006a2   0x00000032   Code   RO         4374    .text               mf_w.l(ffixi.o)
    0x080006d4   0x080006d4   0x0000003e   Code   RO         4376    .text               mf_w.l(dfixi.o)
    0x08000712   0x08000712   0x00000032   Code   RO         4378    .text               mf_w.l(dfixui.o)
    0x08000744   0x08000744   0x00000026   Code   RO         4380    .text               mf_w.l(f2d.o)
    0x0800076a   0x0800076a   0x00000002   PAD
    0x0800076c   0x0800076c   0x00000030   Code   RO         4382    .text               mf_w.l(cdcmple.o)
    0x0800079c   0x0800079c   0x00000030   Code   RO         4384    .text               mf_w.l(cdrcmple.o)
    0x080007cc   0x080007cc   0x00000038   Code   RO         4386    .text               mf_w.l(d2f.o)
    0x08000804   0x08000804   0x00000014   Code   RO         4388    .text               mf_w.l(cfcmple.o)
    0x08000818   0x08000818   0x0000002c   Code   RO         4444    .text               mc_w.l(uidiv.o)
    0x08000844   0x08000844   0x00000062   Code   RO         4446    .text               mc_w.l(uldiv.o)
    0x080008a6   0x080008a6   0x0000001e   Code   RO         4448    .text               mc_w.l(llshl.o)
    0x080008c4   0x080008c4   0x00000020   Code   RO         4450    .text               mc_w.l(llushr.o)
    0x080008e4   0x080008e4   0x00000024   Code   RO         4452    .text               mc_w.l(llsshr.o)
    0x08000908   0x08000908   0x0000000c   Code   RO         4454    .text               mc_w.l(localtime_w.o)
    0x08000914   0x08000914   0x0000008c   Code   RO         4457    .text               mc_w.l(localtime_i.o)
    0x080009a0   0x080009a0   0x00000000   Code   RO         4467    .text               mc_w.l(iusefp.o)
    0x080009a0   0x080009a0   0x0000006e   Code   RO         4468    .text               mf_w.l(fepilogue.o)
    0x08000a0e   0x08000a0e   0x000000ba   Code   RO         4470    .text               mf_w.l(depilogue.o)
    0x08000ac8   0x08000ac8   0x00000030   Code   RO         4474    .text               mf_w.l(dfixul.o)
    0x08000af8   0x08000af8   0x00000024   Code   RO         4480    .text               mc_w.l(init.o)
    0x08000b1c   0x08000b1c   0x0000002e   Code   RO         4482    .text               mf_w.l(dscalb.o)
    0x08000b4a   0x08000b4a   0x00000056   Code   RO         4492    .text               mc_w.l(__dczerorl2.o)
    0x08000ba0   0x08000ba0   0x00000016   Code   RO         1231    i.ADC_Cmd           stm32f10x_adc.o
    0x08000bb6   0x08000bb6   0x00000014   Code   RO         1239    i.ADC_GetCalibrationStatus  stm32f10x_adc.o
    0x08000bca   0x08000bca   0x00000008   Code   RO         1240    i.ADC_GetConversionValue  stm32f10x_adc.o
    0x08000bd2   0x08000bd2   0x00000012   Code   RO         1242    i.ADC_GetFlagStatus  stm32f10x_adc.o
    0x08000be4   0x08000be4   0x00000014   Code   RO         1245    i.ADC_GetResetCalibrationStatus  stm32f10x_adc.o
    0x08000bf8   0x08000bf8   0x00000050   Code   RO         1249    i.ADC_Init          stm32f10x_adc.o
    0x08000c48   0x08000c48   0x000000b8   Code   RO         1253    i.ADC_RegularChannelConfig  stm32f10x_adc.o
    0x08000d00   0x08000d00   0x0000000a   Code   RO         1254    i.ADC_ResetCalibration  stm32f10x_adc.o
    0x08000d0a   0x08000d0a   0x00000016   Code   RO         1256    i.ADC_SoftwareStartConvCmd  stm32f10x_adc.o
    0x08000d20   0x08000d20   0x0000000a   Code   RO         1258    i.ADC_StartCalibration  stm32f10x_adc.o
    0x08000d2a   0x08000d2a   0x00000002   PAD
    0x08000d2c   0x08000d2c   0x00000024   Code   RO          328    i.AD_GetValue       ad.o
    0x08000d50   0x08000d50   0x000000a0   Code   RO          329    i.AD_Init           ad.o
    0x08000df0   0x08000df0   0x0000001c   Code   RO         1457    i.BKP_ReadBackupRegister  stm32f10x_bkp.o
    0x08000e0c   0x08000e0c   0x0000001c   Code   RO         1461    i.BKP_WriteBackupRegister  stm32f10x_bkp.o
    0x08000e28   0x08000e28   0x00000044   Code   RO         1162    i.Battery_Init      battery.o
    0x08000e6c   0x08000e6c   0x00000004   Code   RO          134    i.BusFault_Handler  stm32f10x_it.o
    0x08000e70   0x08000e70   0x00000030   Code   RO          929    i.Change_RTC_Time   settime.o
    0x08000ea0   0x08000ea0   0x00000160   Code   RO          604    i.Counter_Machine   menu.o
    0x08001000   0x08001000   0x000001dc   Code   RO          605    i.Counter_Time_Set  menu.o
    0x080011dc   0x080011dc   0x00000140   Code   RO          606    i.Counter_Timer     menu.o
    0x0800131c   0x0800131c   0x000000d0   Code   RO          607    i.Counter_Timer_Handler  menu.o
    0x080013ec   0x080013ec   0x00000002   Code   RO          135    i.DebugMon_Handler  stm32f10x_it.o
    0x080013ee   0x080013ee   0x00000018   Code   RO          197    i.Delay_ms          delay.o
    0x08001406   0x08001406   0x00000018   Code   RO          198    i.Delay_s           delay.o
    0x0800141e   0x0800141e   0x0000002e   Code   RO          199    i.Delay_us          delay.o
    0x0800144c   0x0800144c   0x00000044   Code   RO         1100    i.DinoGame_Animation  game.o
    0x08001490   0x08001490   0x00000118   Code   RO         1101    i.DinoScore_Tick    game.o
    0x080015a8   0x080015a8   0x0000000c   Code   RO          251    i.DinoScore_Timer_Callback  timer.o
    0x080015b4   0x080015b4   0x0000002c   Code   RO          608    i.Dynamic_Emoji     menu.o
    0x080015e0   0x080015e0   0x00000130   Code   RO          609    i.Enter_Menu_Option  menu.o
    0x08001710   0x08001710   0x000000cc   Code   RO          610    i.First_Page_Clock  menu.o
    0x080017dc   0x080017dc   0x00000116   Code   RO         2373    i.GPIO_Init         stm32f10x_gpio.o
    0x080018f2   0x080018f2   0x00000012   Code   RO         2377    i.GPIO_ReadInputDataBit  stm32f10x_gpio.o
    0x08001904   0x08001904   0x00000004   Code   RO         2380    i.GPIO_ResetBits    stm32f10x_gpio.o
    0x08001908   0x08001908   0x00000004   Code   RO         2381    i.GPIO_SetBits      stm32f10x_gpio.o
    0x0800190c   0x0800190c   0x0000000a   Code   RO         2384    i.GPIO_WriteBit     stm32f10x_gpio.o
    0x08001916   0x08001916   0x00000002   PAD
    0x08001918   0x08001918   0x00000010   Code   RO         1102    i.Game_App_Init     game.o
    0x08001928   0x08001928   0x000000f0   Code   RO          611    i.Game_Select_Page  menu.o
    0x08001a18   0x08001a18   0x0000006c   Code   RO          612    i.Generate_Random_Number  menu.o
    0x08001a84   0x08001a84   0x00000034   Code   RO          613    i.Gradienter        menu.o
    0x08001ab8   0x08001ab8   0x00000004   Code   RO          136    i.HardFault_Handler  stm32f10x_it.o
    0x08001abc   0x08001abc   0x00000054   Code   RO         1103    i.Is_Colliding      game.o
    0x08001b10   0x08001b10   0x00000048   Code   RO          843    i.Key3_Tick         key.o
    0x08001b58   0x08001b58   0x00000020   Code   RO          844    i.Key_GetNum        key.o
    0x08001b78   0x08001b78   0x00000050   Code   RO          845    i.Key_Init          key.o
    0x08001bc8   0x08001bc8   0x000000ac   Code   RO          846    i.Key_State_Get     key.o
    0x08001c74   0x08001c74   0x00000050   Code   RO          847    i.Key_Tick          key.o
    0x08001cc4   0x08001cc4   0x00000010   Code   RO          881    i.LED1_OFF          led.o
    0x08001cd4   0x08001cd4   0x00000010   Code   RO          882    i.LED1_ON           led.o
    0x08001ce4   0x08001ce4   0x00000034   Code   RO          887    i.LED_Init          led.o
    0x08001d18   0x08001d18   0x00000044   Code   RO          614    i.MPU6050           menu.o
    0x08001d5c   0x08001d5c   0x000001dc   Code   RO          615    i.MPU6050_Calculation  menu.o
    0x08001f38   0x08001f38   0x000000ac   Code   RO          992    i.MPU6050_GetData   mpu6050.o
    0x08001fe4   0x08001fe4   0x00000038   Code   RO          994    i.MPU6050_Init      mpu6050.o
    0x0800201c   0x0800201c   0x0000003e   Code   RO          995    i.MPU6050_ReadReg   mpu6050.o
    0x0800205a   0x0800205a   0x0000002e   Code   RO          996    i.MPU6050_WriteReg  mpu6050.o
    0x08002088   0x08002088   0x00000004   Code   RO          137    i.MemManage_Handler  stm32f10x_it.o
    0x0800208c   0x0800208c   0x00000024   Code   RO          616    i.Menu_App_Init     menu.o
    0x080020b0   0x080020b0   0x00000090   Code   RO          617    i.Menu_To_Function  menu.o
    0x08002140   0x08002140   0x00000038   Code   RO         1034    i.MyI2C_Init        myi2c.o
    0x08002178   0x08002178   0x00000018   Code   RO         1035    i.MyI2C_R_SDA       myi2c.o
    0x08002190   0x08002190   0x0000001e   Code   RO         1036    i.MyI2C_ReceiveAck  myi2c.o
    0x080021ae   0x080021ae   0x00000032   Code   RO         1037    i.MyI2C_ReceiveByte  myi2c.o
    0x080021e0   0x080021e0   0x00000018   Code   RO         1038    i.MyI2C_SendAck     myi2c.o
    0x080021f8   0x080021f8   0x00000032   Code   RO         1039    i.MyI2C_SendByte    myi2c.o
    0x0800222a   0x0800222a   0x0000001c   Code   RO         1040    i.MyI2C_Start       myi2c.o
    0x08002246   0x08002246   0x00000016   Code   RO         1041    i.MyI2C_Stop        myi2c.o
    0x0800225c   0x0800225c   0x00000018   Code   RO         1042    i.MyI2C_W_SCL       myi2c.o
    0x08002274   0x08002274   0x00000018   Code   RO         1043    i.MyI2C_W_SDA       myi2c.o
    0x0800228c   0x0800228c   0x00000090   Code   RO          221    i.MyRTC_Init        myrtc.o
    0x0800231c   0x0800231c   0x00000048   Code   RO          222    i.MyRTC_ReadTime    myrtc.o
    0x08002364   0x08002364   0x0000004c   Code   RO          223    i.MyRTC_SetTime     myrtc.o
    0x080023b0   0x080023b0   0x00000002   Code   RO          138    i.NMI_Handler       stm32f10x_it.o
    0x080023b2   0x080023b2   0x00000002   PAD
    0x080023b4   0x080023b4   0x00000070   Code   RO         1186    i.NVIC_Init         misc.o
    0x08002424   0x08002424   0x00000014   Code   RO         1187    i.NVIC_PriorityGroupConfig  misc.o
    0x08002438   0x08002438   0x00000028   Code   RO          346    i.OLED_Clear        oled.o
    0x08002460   0x08002460   0x00000090   Code   RO          347    i.OLED_ClearArea    oled.o
    0x080024f0   0x080024f0   0x00000160   Code   RO          349    i.OLED_DrawCircle   oled.o
    0x08002650   0x08002650   0x0000032c   Code   RO          350    i.OLED_DrawEllipse  oled.o
    0x0800297c   0x0800297c   0x00000050   Code   RO          352    i.OLED_DrawPoint    oled.o
    0x080029cc   0x080029cc   0x00000060   Code   RO          355    i.OLED_GPIO_Init    oled.o
    0x08002a2c   0x08002a2c   0x0000003e   Code   RO          357    i.OLED_I2C_SendByte  oled.o
    0x08002a6a   0x08002a6a   0x0000001c   Code   RO          358    i.OLED_I2C_Start    oled.o
    0x08002a86   0x08002a86   0x00000016   Code   RO          359    i.OLED_I2C_Stop     oled.o
    0x08002a9c   0x08002a9c   0x0000009a   Code   RO          360    i.OLED_Init         oled.o
    0x08002b36   0x08002b36   0x00000014   Code   RO          362    i.OLED_Pow          oled.o
    0x08002b4a   0x08002b4a   0x00000032   Code   RO          363    i.OLED_Printf       oled.o
    0x08002b7c   0x08002b7c   0x00000090   Code   RO          365    i.OLED_ReverseArea  oled.o
    0x08002c0c   0x08002c0c   0x00000026   Code   RO          366    i.OLED_SetCursor    oled.o
    0x08002c32   0x08002c32   0x00000002   PAD
    0x08002c34   0x08002c34   0x00000078   Code   RO          368    i.OLED_ShowChar     oled.o
    0x08002cac   0x08002cac   0x000000fc   Code   RO          371    i.OLED_ShowImage    oled.o
    0x08002da8   0x08002da8   0x0000004c   Code   RO          372    i.OLED_ShowNum      oled.o
    0x08002df4   0x08002df4   0x00000110   Code   RO          374    i.OLED_ShowString   oled.o
    0x08002f04   0x08002f04   0x00000028   Code   RO          375    i.OLED_Update       oled.o
    0x08002f2c   0x08002f2c   0x00000018   Code   RO          377    i.OLED_W_SCL        oled.o
    0x08002f44   0x08002f44   0x00000018   Code   RO          378    i.OLED_W_SDA        oled.o
    0x08002f5c   0x08002f5c   0x00000020   Code   RO          379    i.OLED_WriteCommand  oled.o
    0x08002f7c   0x08002f7c   0x0000002e   Code   RO          380    i.OLED_WriteData    oled.o
    0x08002faa   0x08002faa   0x00000002   PAD
    0x08002fac   0x08002fac   0x0000000c   Code   RO         2736    i.PWR_BackupAccessCmd  stm32f10x_pwr.o
    0x08002fb8   0x08002fb8   0x00000002   Code   RO          139    i.PendSV_Handler    stm32f10x_it.o
    0x08002fba   0x08002fba   0x0000001c   Code   RO          618    i.Peripheral_Init   menu.o
    0x08002fd6   0x08002fd6   0x00000002   PAD
    0x08002fd8   0x08002fd8   0x00000018   Code   RO         2799    i.RCC_ADCCLKConfig  stm32f10x_rcc.o
    0x08002ff0   0x08002ff0   0x00000020   Code   RO         2801    i.RCC_APB1PeriphClockCmd  stm32f10x_rcc.o
    0x08003010   0x08003010   0x00000020   Code   RO         2803    i.RCC_APB2PeriphClockCmd  stm32f10x_rcc.o
    0x08003030   0x08003030   0x0000003c   Code   RO         2812    i.RCC_GetFlagStatus  stm32f10x_rcc.o
    0x0800306c   0x0800306c   0x0000000c   Code   RO         2820    i.RCC_LSICmd        stm32f10x_rcc.o
    0x08003078   0x08003078   0x0000000c   Code   RO         2826    i.RCC_RTCCLKCmd     stm32f10x_rcc.o
    0x08003084   0x08003084   0x00000010   Code   RO         2827    i.RCC_RTCCLKConfig  stm32f10x_rcc.o
    0x08003094   0x08003094   0x00000014   Code   RO         3004    i.RTC_EnterConfigMode  stm32f10x_rtc.o
    0x080030a8   0x080030a8   0x00000014   Code   RO         3005    i.RTC_ExitConfigMode  stm32f10x_rtc.o
    0x080030bc   0x080030bc   0x00000014   Code   RO         3006    i.RTC_GetCounter    stm32f10x_rtc.o
    0x080030d0   0x080030d0   0x0000001c   Code   RO         3012    i.RTC_SetCounter    stm32f10x_rtc.o
    0x080030ec   0x080030ec   0x00000020   Code   RO         3013    i.RTC_SetPrescaler  stm32f10x_rtc.o
    0x0800310c   0x0800310c   0x00000014   Code   RO         3014    i.RTC_WaitForLastTask  stm32f10x_rtc.o
    0x08003120   0x08003120   0x00000024   Code   RO         3015    i.RTC_WaitForSynchro  stm32f10x_rtc.o
    0x08003144   0x08003144   0x00000002   Code   RO          140    i.SVC_Handler       stm32f10x_it.o
    0x08003146   0x08003146   0x00000008   Code   RO         4240    i.SetSysClock       system_stm32f10x.o
    0x0800314e   0x0800314e   0x00000002   PAD
    0x08003150   0x08003150   0x000000e0   Code   RO         4241    i.SetSysClockTo72   system_stm32f10x.o
    0x08003230   0x08003230   0x0000007c   Code   RO          930    i.Set_Day           settime.o
    0x080032ac   0x080032ac   0x0000007c   Code   RO          931    i.Set_Hour          settime.o
    0x08003328   0x08003328   0x0000007c   Code   RO          932    i.Set_Minute        settime.o
    0x080033a4   0x080033a4   0x0000007c   Code   RO          933    i.Set_Month         settime.o
    0x08003420   0x08003420   0x0000007c   Code   RO          934    i.Set_Second        settime.o
    0x0800349c   0x0800349c   0x00000024   Code   RO          619    i.Set_Selection     menu.o
    0x080034c0   0x080034c0   0x0000005c   Code   RO          935    i.Set_Year          settime.o
    0x0800351c   0x0800351c   0x0000015c   Code   RO          620    i.Setting_Page_Info  menu.o
    0x08003678   0x08003678   0x00000074   Code   RO         1104    i.Show_Barrier      game.o
    0x080036ec   0x080036ec   0x00000120   Code   RO         1163    i.Show_Battery_UI   battery.o
    0x0800380c   0x0800380c   0x00000090   Code   RO          621    i.Show_Clock_UI     menu.o
    0x0800389c   0x0800389c   0x0000004c   Code   RO         1105    i.Show_Cloud        game.o
    0x080038e8   0x080038e8   0x00000078   Code   RO          622    i.Show_Counter_UI   menu.o
    0x08003960   0x08003960   0x00000104   Code   RO         1106    i.Show_Dinosaur     game.o
    0x08003a64   0x08003a64   0x00000104   Code   RO          623    i.Show_Emoji_UI     menu.o
    0x08003b68   0x08003b68   0x00000058   Code   RO          624    i.Show_Game_UI      menu.o
    0x08003bc0   0x08003bc0   0x00000050   Code   RO          625    i.Show_Gradienter_UI  menu.o
    0x08003c10   0x08003c10   0x0000007c   Code   RO         1107    i.Show_Ground       game.o
    0x08003c8c   0x08003c8c   0x00000090   Code   RO          626    i.Show_MPU6050_UI   menu.o
    0x08003d1c   0x08003d1c   0x0000014c   Code   RO          627    i.Show_Menu_Animation  menu.o
    0x08003e68   0x08003e68   0x0000001c   Code   RO         1108    i.Show_Score        game.o
    0x08003e84   0x08003e84   0x00000080   Code   RO          936    i.Show_SetTime_FirstUI  settime.o
    0x08003f04   0x08003f04   0x00000080   Code   RO          937    i.Show_SetTime_SecondUI  settime.o
    0x08003f84   0x08003f84   0x00000078   Code   RO          628    i.Show_Setting_UI   menu.o
    0x08003ffc   0x08003ffc   0x0000001c   Code   RO          629    i.Show_Setting_UI2  menu.o
    0x08004018   0x08004018   0x00000080   Code   RO          630    i.Show_StopWatch_UI  menu.o
    0x08004098   0x08004098   0x00000054   Code   RO          631    i.Show_Timer_Choice  menu.o
    0x080040ec   0x080040ec   0x00000030   Code   RO          632    i.Show_Timer_Choice_P2  menu.o
    0x0800411c   0x0800411c   0x000000a4   Code   RO          633    i.Show_Timer_UI     menu.o
    0x080041c0   0x080041c0   0x0000004c   Code   RO          634    i.Show_Torch_UI     menu.o
    0x0800420c   0x0800420c   0x00000100   Code   RO          635    i.StopWatch         menu.o
    0x0800430c   0x0800430c   0x0000000c   Code   RO          253    i.StopWatch_Timer_Callback  timer.o
    0x08004318   0x08004318   0x000000a8   Code   RO          636    i.StopWatch_Timer_Handler  menu.o
    0x080043c0   0x080043c0   0x00000002   Code   RO          141    i.SysTick_Handler   stm32f10x_it.o
    0x080043c2   0x080043c2   0x00000002   PAD
    0x080043c4   0x080043c4   0x00000060   Code   RO         4243    i.SystemInit        system_stm32f10x.o
    0x08004424   0x08004424   0x00000058   Code   RO          254    i.TIM2_IRQHandler   timer.o
    0x0800447c   0x0800447c   0x00000006   Code   RO         3441    i.TIM_ClearFlag     stm32f10x_tim.o
    0x08004482   0x08004482   0x00000006   Code   RO         3442    i.TIM_ClearITPendingBit  stm32f10x_tim.o
    0x08004488   0x08004488   0x00000018   Code   RO         3447    i.TIM_Cmd           stm32f10x_tim.o
    0x080044a0   0x080044a0   0x00000022   Code   RO         3468    i.TIM_GetITStatus   stm32f10x_tim.o
    0x080044c2   0x080044c2   0x00000012   Code   RO         3472    i.TIM_ITConfig      stm32f10x_tim.o
    0x080044d4   0x080044d4   0x0000000c   Code   RO         3474    i.TIM_InternalClockConfig  stm32f10x_tim.o
    0x080044e0   0x080044e0   0x000000a4   Code   RO         3518    i.TIM_TimeBaseInit  stm32f10x_tim.o
    0x08004584   0x08004584   0x000001a8   Code   RO          938    i.Time_Setting_Page  settime.o
    0x0800472c   0x0800472c   0x0000007c   Code   RO          255    i.Timer_Init        timer.o
    0x080047a8   0x080047a8   0x00000140   Code   RO          637    i.Timer_Page_Select  menu.o
    0x080048e8   0x080048e8   0x00000014   Code   RO          256    i.Timer_Timer_Callback  timer.o
    0x080048fc   0x080048fc   0x0000009c   Code   RO          638    i.Timer_Timer_handler  menu.o
    0x08004998   0x08004998   0x00000128   Code   RO          639    i.Torch             menu.o
    0x08004ac0   0x08004ac0   0x00000004   Code   RO          142    i.UsageFault_Handler  stm32f10x_it.o
    0x08004ac4   0x08004ac4   0x00000024   Code   RO         4337    i.__0vsprintf       mc_w.l(printfa.o)
    0x08004ae8   0x08004ae8   0x00000028   Code   RO         4476    i.__ARM_fpclassify  m_ws.l(fpclassify.o)
    0x08004b10   0x08004b10   0x00000388   Code   RO         4418    i.__ieee754_rem_pio2  m_ws.l(rred.o)
    0x08004e98   0x08004e98   0x000000fc   Code   RO         4400    i.__kernel_cos      m_ws.l(cos_i.o)
    0x08004f94   0x08004f94   0x000000aa   Code   RO         4478    i.__kernel_poly     m_ws.l(poly.o)
    0x0800503e   0x0800503e   0x00000002   PAD
    0x08005040   0x08005040   0x000000ec   Code   RO         4423    i.__kernel_sin      m_ws.l(sin_i.o)
    0x0800512c   0x0800512c   0x00000006   Code   RO         4404    i.__mathlib_dbl_infnan  m_ws.l(dunder.o)
    0x08005132   0x08005132   0x00000004   Code   RO         4405    i.__mathlib_dbl_infnan2  m_ws.l(dunder.o)
    0x08005136   0x08005136   0x0000000c   Code   RO         4406    i.__mathlib_dbl_invalid  m_ws.l(dunder.o)
    0x08005142   0x08005142   0x00000002   PAD
    0x08005144   0x08005144   0x00000010   Code   RO         4409    i.__mathlib_dbl_underflow  m_ws.l(dunder.o)
    0x08005154   0x08005154   0x0000000e   Code   RO         4486    i.__scatterload_copy  mc_w.l(handlers.o)
    0x08005162   0x08005162   0x00000002   Code   RO         4487    i.__scatterload_null  mc_w.l(handlers.o)
    0x08005164   0x08005164   0x0000000e   Code   RO         4488    i.__scatterload_zeroinit  mc_w.l(handlers.o)
    0x08005172   0x08005172   0x00000002   PAD
    0x08005174   0x08005174   0x0000000c   Code   RO         4462    i.__set_errno       mc_w.l(errno.o)
    0x08005180   0x08005180   0x00000184   Code   RO         4338    i._fp_digits        mc_w.l(printfa.o)
    0x08005304   0x08005304   0x000006dc   Code   RO         4339    i._printf_core      mc_w.l(printfa.o)
    0x080059e0   0x080059e0   0x00000024   Code   RO         4340    i._printf_post_padding  mc_w.l(printfa.o)
    0x08005a04   0x08005a04   0x0000002e   Code   RO         4341    i._printf_pre_padding  mc_w.l(printfa.o)
    0x08005a32   0x08005a32   0x0000000a   Code   RO         4343    i._sputc            mc_w.l(printfa.o)
    0x08005a3c   0x08005a3c   0x00000220   Code   RO         4391    i.atan              m_ws.l(atan.o)
    0x08005c5c   0x08005c5c   0x00000180   Code   RO         4294    i.atan2             m_ws.l(atan2.o)
    0x08005ddc   0x08005ddc   0x0000002c   Code   RO         1109    i.dinosaur_game_init  game.o
    0x08005e08   0x08005e08   0x0000003c   Code   RO            1    i.main              main.o
    0x08005e44   0x08005e44   0x000000a0   Code   RO         4304    i.sin               m_ws.l(sin.o)
    0x08005ee4   0x08005ee4   0x000028ab   Data   RO          592    .constdata          oled_data.o
    0x0800878f   0x0800878f   0x0000000c   Data   RO         4322    .constdata          mc_w.l(mktime.o)
    0x0800879b   0x0800879b   0x00000005   PAD
    0x080087a0   0x080087a0   0x00000098   Data   RO         4392    .constdata          m_ws.l(atan.o)
    0x08008838   0x08008838   0x00000030   Data   RO         4401    .constdata          m_ws.l(cos_i.o)
    0x08008868   0x08008868   0x00000008   Data   RO         4417    .constdata          m_ws.l(qnan.o)
    0x08008870   0x08008870   0x000000c8   Data   RO         4420    .constdata          m_ws.l(rred.o)
    0x08008938   0x08008938   0x00000028   Data   RO         4424    .constdata          m_ws.l(sin_i.o)
    0x08008960   0x08008960   0x0000000c   Data   RO         4458    .constdata          mc_w.l(localtime_i.o)
    0x0800896c   0x0800896c   0x00000020   Data   RO         4484    Region$$Table       anon$$obj.o


    Execution Region RW_IRAM1 (Exec base: 0x20000000, Load base: 0x0800898c, Size: 0x00000970, Max: 0x00005000, ABSOLUTE, COMPRESSED[0x00000048])

    Exec Addr    Load Addr    Size         Type   Attr      Idx    E Section Name        Object

    0x20000000   COMPRESSED   0x00000004   Data   RW            2    .data               main.o
    0x20000004   COMPRESSED   0x00000018   Data   RW          224    .data               myrtc.o
    0x2000001c   COMPRESSED   0x00000014   Data   RW          257    .data               timer.o
    0x20000030   COMPRESSED   0x0000008c   Data   RW          640    .data               menu.o
    0x200000bc   COMPRESSED   0x00000034   Data   RW          848    .data               key.o
    0x200000f0   COMPRESSED   0x00000008   Data   RW          939    .data               settime.o
    0x200000f8   COMPRESSED   0x00000032   Data   RW         1110    .data               game.o
    0x2000012a   COMPRESSED   0x00000002   PAD
    0x2000012c   COMPRESSED   0x0000000a   Data   RW         1164    .data               battery.o
    0x20000136   COMPRESSED   0x00000002   PAD
    0x20000138   COMPRESSED   0x00000004   Data   RW         4315    .data               mc_w.l(rand.o)
    0x2000013c   COMPRESSED   0x00000004   Data   RW         4463    .data               mc_w.l(errno.o)
    0x20000140        -       0x00000400   Zero   RW          382    .bss                oled.o
    0x20000540        -       0x0000002c   Zero   RW         4455    .bss                mc_w.l(localtime_w.o)
    0x2000056c   COMPRESSED   0x00000004   PAD
    0x20000570        -       0x00000400   Zero   RW         4222    STACK               startup_stm32f10x_md.o


==============================================================================

Image component sizes


      Code (inc. data)   RO Data    RW Data    ZI Data      Debug   Object Name

       196         14          0          0          0       1000   ad.o
       356         18          0         10          0       1410   battery.o
        94          0          0          0          0       1356   delay.o
      1096        186          0         50          0       5905   game.o
       436         40          0         52          0       3121   key.o
        84         14          0          0          0       1256   led.o
        60          6          0          4          0     246110   main.o
      6456        898          0        140          0      21582   menu.o
       132         22          0          0          0       3003   misc.o
       336          0          0          0          0       2686   mpu6050.o
       332         24          0          0          0       4694   myi2c.o
       292         10          0         24          0       2967   myrtc.o
      2928         68          0          0       1024      15180   oled.o
         0          0      10411          0          0       1872   oled_data.o
      1440        146          0          8          0       5239   settime.o
        36          8        236          0       1024        800   startup_stm32f10x_md.o
       394         10          0          0          0      16453   stm32f10x_adc.o
        56         10          0          0          0       2043   stm32f10x_bkp.o
       314          0          0          0          0      12228   stm32f10x_gpio.o
        26          0          0          0          0       3602   stm32f10x_it.o
        12          6          0          0          0        462   stm32f10x_pwr.o
       188         38          0          0          0       3521   stm32f10x_rcc.o
       176         34          0          0          0       3171   stm32f10x_rtc.o
       264         42          0          0          0      24488   stm32f10x_tim.o
       328         28          0          0          0       1765   system_stm32f10x.o
       256         44          0         20          0       3020   timer.o

    ----------------------------------------------------------------------
     16304       1666      10679        312       2048     388934   Object Totals
         0          0         32          0          0          0   (incl. Generated)
        16          0          0          4          0          0   (incl. Padding)

    ----------------------------------------------------------------------

      Code (inc. data)   RO Data    RW Data    ZI Data      Debug   Library Member Name

       544         70        152          0          0        124   atan.o
       384         38          0          0          0        144   atan2.o
       252         22         48          0          0        124   cos_i.o
        38          6          0          0          0        272   dunder.o
        40          0          0          0          0         68   fpclassify.o
       170          0          0          0          0         96   poly.o
         0          0          8          0          0          0   qnan.o
       904         76        200          0          0        140   rred.o
       160         10          0          0          0        108   sin.o
       236         12         40          0          0        128   sin_i.o
        86          0          0          0          0          0   __dczerorl2.o
         0          0          0          0          0          0   entry.o
         0          0          0          0          0          0   entry10a.o
         0          0          0          0          0          0   entry11a.o
         8          4          0          0          0          0   entry2.o
         4          0          0          0          0          0   entry5.o
         0          0          0          0          0          0   entry7b.o
         0          0          0          0          0          0   entry8b.o
         8          4          0          0          0          0   entry9a.o
        12          6          0          4          0         68   errno.o
        30          0          0          0          0          0   handlers.o
        36          8          0          0          0         68   init.o
         0          0          0          0          0          0   iusefp.o
        30          0          0          0          0         68   llshl.o
        36          0          0          0          0         68   llsshr.o
        32          0          0          0          0         68   llushr.o
       140          6         12          0          0         76   localtime_i.o
        12          6          0          0         44         68   localtime_w.o
        36          0          0          0          0         68   memcpya.o
       168         18         12          0          0         80   mktime.o
      2272         86          0          0          0        516   printfa.o
        36         10          0          4          0        136   rand.o
        28          0          0          0          0         76   strcmp.o
        44          0          0          0          0         80   uidiv.o
        98          0          0          0          0         92   uldiv.o
        48          0          0          0          0         68   cdcmple.o
        48          0          0          0          0         68   cdrcmple.o
        20          0          0          0          0         68   cfcmple.o
        56          0          0          0          0         88   d2f.o
       334          0          0          0          0        148   dadd.o
       222          0          0          0          0        100   ddiv.o
       186          0          0          0          0        176   depilogue.o
        62          0          0          0          0         80   dfixi.o
        50          0          0          0          0         76   dfixui.o
        48          0          0          0          0         68   dfixul.o
        34          0          0          0          0         76   dflti.o
        26          0          0          0          0         76   dfltui.o
       228          0          0          0          0         96   dmul.o
        46          0          0          0          0         80   dscalb.o
        38          0          0          0          0         68   f2d.o
       176          0          0          0          0        140   fadd.o
       110          0          0          0          0        168   fepilogue.o
        50          0          0          0          0         68   ffixi.o
        18          0          0          0          0         68   fflti.o
       100          0          0          0          0         76   fmul.o

    ----------------------------------------------------------------------
      7752        382        477          8         48       4592   Library Totals
         8          0          5          0          4          0   (incl. Padding)

    ----------------------------------------------------------------------

      Code (inc. data)   RO Data    RW Data    ZI Data      Debug   Library Name

      2728        234        448          0          0       1204   m_ws.l
      3116        148         24          8         44       1532   mc_w.l
      1900          0          0          0          0       1856   mf_w.l

    ----------------------------------------------------------------------
      7752        382        477          8         48       4592   Library Totals

    ----------------------------------------------------------------------

==============================================================================


      Code (inc. data)   RO Data    RW Data    ZI Data      Debug   

     24056       2048      11156        320       2096     382630   Grand Totals
     24056       2048      11156         72       2096     382630   ELF Image Totals (compressed)
     24056       2048      11156         72          0          0   ROM Totals

==============================================================================

    Total RO  Size (Code + RO Data)                35212 (  34.39kB)
    Total RW  Size (RW Data + ZI Data)              2416 (   2.36kB)
    Total ROM Size (Code + RO Data + RW Data)      35284 (  34.46kB)

==============================================================================

